Component: ARM Compiler 5.06 update 5 (build 528) Tool: armlink [4d35e2]

==============================================================================

Section Cross References

    main.o(i.GLCD_Display) refers to glcd_spi_lpc1700.o(i.GLCD_Init) for GLCD_Init
    main.o(i.GLCD_Display) refers to glcd_spi_lpc1700.o(i.GLCD_Clear) for GLCD_Clear
    main.o(i.GLCD_Display) refers to glcd_spi_lpc1700.o(i.GLCD_SetBackColor) for GLCD_SetBackColor
    main.o(i.GLCD_Display) refers to glcd_spi_lpc1700.o(i.GLCD_Bitmap) for GLCD_Bitmap
    main.o(i.GLCD_Display) refers to main.o(i.displayLED) for displayLED
    main.o(i.GLCD_Display) refers to rtx_thread.o(i.osThreadYield) for osThreadYield
    main.o(i.GLCD_Display) refers to main.o(.data) for user_bm
    main.o(i.GLCD_Display) refers to main.o(.bss) for black
    main.o(i.bulletMove) refers to rtx_kernel.o(i.osKernelGetTickFreq) for osKernelGetTickFreq
    main.o(i.bulletMove) refers to dfltui.o(.text) for __aeabi_ui2d
    main.o(i.bulletMove) refers to dmul.o(.text) for __aeabi_dmul
    main.o(i.bulletMove) refers to dfixui.o(.text) for __aeabi_d2uiz
    main.o(i.bulletMove) refers to rtx_delay.o(i.osDelay) for osDelay
    main.o(i.bulletMove) refers to rtx_thread.o(i.osThreadYield) for osThreadYield
    main.o(i.bulletMove) refers to main.o(.data) for bulletactive
    main.o(i.main) refers to printf1.o(i.__0printf$1) for __2printf
    main.o(i.main) refers to system_lpc17xx.o(i.SystemInit) for SystemInit
    main.o(i.main) refers to rtx_kernel.o(i.osKernelInitialize) for osKernelInitialize
    main.o(i.main) refers to rtx_thread.o(i.osThreadNew) for osThreadNew
    main.o(i.main) refers to rtx_kernel.o(i.osKernelStart) for osKernelStart
    main.o(i.main) refers to main.o(i.GLCD_Display) for GLCD_Display
    main.o(i.main) refers to main.o(i.userIO) for userIO
    main.o(i.main) refers to main.o(i.bulletMove) for bulletMove
    main.o(i.userIO) refers to printf1.o(i.__0printf$1) for __2printf
    main.o(i.userIO) refers to rtx_kernel.o(i.osKernelGetTickFreq) for osKernelGetTickFreq
    main.o(i.userIO) refers to dfltui.o(.text) for __aeabi_ui2d
    main.o(i.userIO) refers to dmul.o(.text) for __aeabi_dmul
    main.o(i.userIO) refers to dfixui.o(.text) for __aeabi_d2uiz
    main.o(i.userIO) refers to rtx_delay.o(i.osDelay) for osDelay
    main.o(i.userIO) refers to main.o(.data) for userShip
    ece_spi.o(i.SPI_readBytes) refers to ece_spi.o(i.SPI_select) for SPI_select
    ece_spi.o(i.SPI_readBytes) refers to ece_spi.o(i.SPI_xfer) for SPI_xfer
    ece_spi.o(i.SPI_readBytes) refers to ece_spi.o(i.SPI_deselect) for SPI_deselect
    ece_spi.o(i.SPI_readRegister) refers to ece_spi.o(i.SPI_select) for SPI_select
    ece_spi.o(i.SPI_readRegister) refers to ece_spi.o(i.SPI_xfer) for SPI_xfer
    ece_spi.o(i.SPI_readRegister) refers to ece_spi.o(i.SPI_deselect) for SPI_deselect
    ece_spi.o(i.SPI_writeRegister) refers to ece_spi.o(i.SPI_select) for SPI_select
    ece_spi.o(i.SPI_writeRegister) refers to ece_spi.o(i.SPI_xfer) for SPI_xfer
    ece_spi.o(i.SPI_writeRegister) refers to ece_spi.o(i.SPI_deselect) for SPI_deselect
    glcd_scroll.o(i.append_char) refers to glcd_scroll.o(i.refresh_lcd) for refresh_lcd
    glcd_scroll.o(i.append_char) refers to glcd_spi_lpc1700.o(i.GLCD_DisplayChar) for GLCD_DisplayChar
    glcd_scroll.o(i.append_char) refers to glcd_scroll.o(i.last_line) for last_line
    glcd_scroll.o(i.append_char) refers to glcd_scroll.o(.data) for last_col_cahche
    glcd_scroll.o(i.append_char) refers to glcd_scroll.o(.bss) for chache
    glcd_scroll.o(i.init_scroll) refers to glcd_spi_lpc1700.o(i.GLCD_Init) for GLCD_Init
    glcd_scroll.o(i.init_scroll) refers to glcd_spi_lpc1700.o(i.GLCD_Clear) for GLCD_Clear
    glcd_scroll.o(i.init_scroll) refers to glcd_spi_lpc1700.o(i.GLCD_SetBackColor) for GLCD_SetBackColor
    glcd_scroll.o(i.init_scroll) refers to glcd_spi_lpc1700.o(i.GLCD_SetTextColor) for GLCD_SetTextColor
    glcd_scroll.o(i.init_scroll) refers to glcd_scroll.o(.data) for cache_start
    glcd_scroll.o(i.joyStickBusyWaitingMonitor) refers to glcd_scroll.o(i.moveUp) for moveUp
    glcd_scroll.o(i.joyStickBusyWaitingMonitor) refers to glcd_scroll.o(i.moveDown) for moveDown
    glcd_scroll.o(i.joyStickBusyWaitingMonitor) refers to glcd_scroll.o(i.moveFirst) for moveFirst
    glcd_scroll.o(i.joyStickBusyWaitingMonitor) refers to glcd_scroll.o(i.moveLast) for moveLast
    glcd_scroll.o(i.last_line) refers to glcd_scroll.o(.data) for cache_start
    glcd_scroll.o(i.last_window_line) refers to glcd_scroll.o(.data) for window_start
    glcd_scroll.o(i.moveDown) refers to glcd_scroll.o(i.last_line) for last_line
    glcd_scroll.o(i.moveDown) refers to glcd_scroll.o(i.last_window_line) for last_window_line
    glcd_scroll.o(i.moveDown) refers to glcd_scroll.o(i.refresh_lcd) for refresh_lcd
    glcd_scroll.o(i.moveDown) refers to glcd_scroll.o(.data) for window_start
    glcd_scroll.o(i.moveFirst) refers to glcd_scroll.o(i.refresh_lcd) for refresh_lcd
[...]
    cfrcmple.s                               0x00000000   Number         0  cfrcmple.o ABSOLUTE
    dc.s                                     0x00000000   Number         0  dc.o ABSOLUTE
    handlers.s                               0x00000000   Number         0  handlers.o ABSOLUTE
    init.s                                   0x00000000   Number         0  init.o ABSOLUTE
    main.c                                   0x00000000   Number         0  main.o ABSOLUTE
    main.c                                   0x00000000   Number         0  main.o ABSOLUTE
    .ARM.Collect$$$$00000000                 0x000000cc   Section        0  entry.o(.ARM.Collect$$$$00000000)
    .ARM.Collect$$$$00000001                 0x000000cc   Section        4  entry2.o(.ARM.Collect$$$$00000001)
    .ARM.Collect$$$$00000004                 0x000000d0   Section        4  entry5.o(.ARM.Collect$$$$00000004)
    .ARM.Collect$$$$00000008                 0x000000d4   Section        0  entry7b.o(.ARM.Collect$$$$00000008)
    .ARM.Collect$$$$0000000A                 0x000000d4   Section        0  entry8b.o(.ARM.Collect$$$$0000000A)
    .ARM.Collect$$$$0000000B                 0x000000d4   Section        8  entry9a.o(.ARM.Collect$$$$0000000B)
    .ARM.Collect$$$$0000000D                 0x000000dc   Section        0  entry10a.o(.ARM.Collect$$$$0000000D)
    .ARM.Collect$$$$0000000F                 0x000000dc   Section        0  entry11a.o(.ARM.Collect$$$$0000000F)
    .ARM.Collect$$$$00002712                 0x000000dc   Section        4  entry2.o(.ARM.Collect$$$$00002712)
    __lit__00000000                          0x000000dc   Data           4  entry2.o(.ARM.Collect$$$$00002712)
    .emb_text                                0x000000e0   Section      340  rtx_mempool.o(.emb_text)
    .text                                    0x00000234   Section      148  irq_cm3.o(.text)
    .text                                    0x000002c8   Section       36  startup_lpc17xx.o(.text)
    .text                                    0x000002ec   Section        0  iusefp.o(.text)
    i.EvrRtxEventFlagsWaitTimeout            0x000002ec   Section        0  rtx_evr.o(i.EvrRtxEventFlagsWaitTimeout)
    i.EvrRtxKernelError                      0x000002ee   Section        0  rtx_evr.o(i.EvrRtxKernelError)
    i.EvrRtxKernelGetTickFreq                0x000002f0   Section        0  rtx_evr.o(i.EvrRtxKernelGetTickFreq)
    i.EvrRtxKernelInitialize                 0x000002f2   Section        0  rtx_evr.o(i.EvrRtxKernelInitialize)
    i.EvrRtxKernelInitializeCompleted        0x000002f4   Section        0  rtx_evr.o(i.EvrRtxKernelInitializeCompleted)
    i.EvrRtxKernelStart                      0x000002f6   Section        0  rtx_evr.o(i.EvrRtxKernelStart)
    i.EvrRtxKernelStarted                    0x000002f8   Section        0  rtx_evr.o(i.EvrRtxKernelStarted)
    i.EvrRtxMemoryAlloc                      0x000002fa   Section        0  rtx_evr.o(i.EvrRtxMemoryAlloc)
    .ARM.__at_0x02FC                         0x000002fc   Section        4  startup_lpc17xx.o(.ARM.__at_0x02FC)
    .emb_text                                0x00000300   Section      340  rtx_msgqueue.o(.emb_text)
    .emb_text                                0x00000454   Section      340  rtx_system.o(.emb_text)
    .emb_text                                0x000005a8   Section      340  rtx_thread.o(.emb_text)
    .text                                    0x000006fc   Section        0  memcpya.o(.text)
    .text                                    0x00000720   Section        0  memseta.o(.text)
    .text                                    0x00000744   Section        0  dmul.o(.text)
    .text                                    0x00000828   Section        0  dfltui.o(.text)
    .text                                    0x00000842   Section        0  dfixui.o(.text)
    .text                                    0x00000874   Section        0  uidiv.o(.text)
    .text                                    0x000008a0   Section        0  llshl.o(.text)
    .text                                    0x000008be   Section        0  llushr.o(.text)
    .text                                    0x000008de   Section        0  depilogue.o(.text)
    .text                                    0x00000998   Section       36  init.o(.text)
    .text                                    0x000009bc   Section        0  __dclz77c.o(.text)
    i.EvrRtxMemoryBlockAlloc                 0x00000a1a   Section        0  rtx_evr.o(i.EvrRtxMemoryBlockAlloc)
    i.EvrRtxMemoryBlockFree                  0x00000a1c   Section        0  rtx_evr.o(i.EvrRtxMemoryBlockFree)
    i.EvrRtxMemoryBlockInit                  0x00000a1e   Section        0  rtx_evr.o(i.EvrRtxMemoryBlockInit)
    i.EvrRtxMemoryFree                       0x00000a20   Section        0  rtx_evr.o(i.EvrRtxMemoryFree)
    i.EvrRtxMemoryInit                       0x00000a22   Section        0  rtx_evr.o(i.EvrRtxMemoryInit)
    i.EvrRtxMemoryPoolAllocTimeout           0x00000a24   Section        0  rtx_evr.o(i.EvrRtxMemoryPoolAllocTimeout)
    i.EvrRtxMessageQueueCreated              0x00000a26   Section        0  rtx_evr.o(i.EvrRtxMessageQueueCreated)
    i.EvrRtxMessageQueueError                0x00000a28   Section        0  rtx_evr.o(i.EvrRtxMessageQueueError)
    i.EvrRtxMessageQueueGet                  0x00000a2a   Section        0  rtx_evr.o(i.EvrRtxMessageQueueGet)
    i.EvrRtxMessageQueueGetPending           0x00000a2c   Section        0  rtx_evr.o(i.EvrRtxMessageQueueGetPending)
    i.EvrRtxMessageQueueGetTimeout           0x00000a2e   Section        0  rtx_evr.o(i.EvrRtxMessageQueueGetTimeout)
    i.EvrRtxMessageQueueInsertPending        0x00000a30   Section        0  rtx_evr.o(i.EvrRtxMessageQueueInsertPending)
    i.EvrRtxMessageQueueInserted             0x00000a32   Section        0  rtx_evr.o(i.EvrRtxMessageQueueInserted)
    i.EvrRtxMessageQueueNew                  0x00000a34   Section        0  rtx_evr.o(i.EvrRtxMessageQueueNew)
    i.EvrRtxMessageQueueNotInserted          0x00000a36   Section        0  rtx_evr.o(i.EvrRtxMessageQueueNotInserted)
    i.EvrRtxMessageQueueNotRetrieved         0x00000a38   Section        0  rtx_evr.o(i.EvrRtxMessageQueueNotRetrieved)
    i.EvrRtxMessageQueuePut                  0x00000a3a   Section        0  rtx_evr.o(i.EvrRtxMessageQueuePut)
    i.EvrRtxMessageQueuePutPending           0x00000a3c   Section        0  rtx_evr.o(i.EvrRtxMessageQueuePutPending)
    i.EvrRtxMessageQueuePutTimeout           0x00000a3e   Section        0  rtx_evr.o(i.EvrRtxMessageQueuePutTimeout)
    i.EvrRtxMessageQueueRetrieved            0x00000a40   Section        0  rtx_evr.o(i.EvrRtxMessageQueueRetrieved)
    i.EvrRtxMutexAcquireTimeout              0x00000a42   Section        0  rtx_evr.o(i.EvrRtxMutexAcquireTimeout)
    i.EvrRtxMutexAcquired                    0x00000a44   Section        0  rtx_evr.o(i.EvrRtxMutexAcquired)
    i.EvrRtxMutexReleased                    0x00000a46   Section        0  rtx_evr.o(i.EvrRtxMutexReleased)
    i.EvrRtxSemaphoreAcquireTimeout          0x00000a48   Section        0  rtx_evr.o(i.EvrRtxSemaphoreAcquireTimeout)
    i.EvrRtxThreadBlocked                    0x00000a4a   Section        0  rtx_evr.o(i.EvrRtxThreadBlocked)
    i.EvrRtxThreadCreated                    0x00000a4c   Section        0  rtx_evr.o(i.EvrRtxThreadCreated)
    i.EvrRtxThreadDelay                      0x00000a4e   Section        0  rtx_evr.o(i.EvrRtxThreadDelay)
    i.EvrRtxThreadDelayCompleted             0x00000a50   Section        0  rtx_evr.o(i.EvrRtxThreadDelayCompleted)
    i.EvrRtxThreadDestroyed                  0x00000a52   Section        0  rtx_evr.o(i.EvrRtxThreadDestroyed)
    i.EvrRtxThreadError                      0x00000a54   Section        0  rtx_evr.o(i.EvrRtxThreadError)
    i.EvrRtxThreadExit                       0x00000a56   Section        0  rtx_evr.o(i.EvrRtxThreadExit)
    i.EvrRtxThreadFlagsWaitCompleted         0x00000a58   Section        0  rtx_evr.o(i.EvrRtxThreadFlagsWaitCompleted)
    i.EvrRtxThreadFlagsWaitTimeout           0x00000a5a   Section        0  rtx_evr.o(i.EvrRtxThreadFlagsWaitTimeout)
    i.EvrRtxThreadJoined                     0x00000a5c   Section        0  rtx_evr.o(i.EvrRtxThreadJoined)
    i.EvrRtxThreadNew                        0x00000a5e   Section        0  rtx_evr.o(i.EvrRtxThreadNew)
    i.EvrRtxThreadPreempted                  0x00000a60   Section        0  rtx_evr.o(i.EvrRtxThreadPreempted)
    i.EvrRtxThreadSwitched                   0x00000a62   Section        0  rtx_evr.o(i.EvrRtxThreadSwitched)
    i.EvrRtxThreadUnblocked                  0x00000a64   Section        0  rtx_evr.o(i.EvrRtxThreadUnblocked)
    i.EvrRtxThreadYield                      0x00000a66   Section        0  rtx_evr.o(i.EvrRtxThreadYield)
    i.EvrRtxTimerCallback                    0x00000a68   Section        0  rtx_evr.o(i.EvrRtxTimerCallback)
    i.Free                                   0x00000a6a   Section        0  uart.o(i.Free)
    i.FreeRcv                                0x00000a70   Section        0  uart.o(i.FreeRcv)
    i.FreeSnd                                0x00000a94   Section        0  uart.o(i.FreeSnd)
    i.GLCD_Bitmap                            0x00000ab8   Section        0  glcd_spi_lpc1700.o(i.GLCD_Bitmap)
    i.GLCD_Clear                             0x00000b0a   Section        0  glcd_spi_lpc1700.o(i.GLCD_Clear)
    i.GLCD_Display                           0x00000b34   Section        0  main.o(i.GLCD_Display)
    i.GLCD_Init                              0x00000c08   Section        0  glcd_spi_lpc1700.o(i.GLCD_Init)
    i.GLCD_SetBackColor                      0x000011f0   Section        0  glcd_spi_lpc1700.o(i.GLCD_SetBackColor)
    i.GLCD_SetWindow                         0x000011fc   Section        0  glcd_spi_lpc1700.o(i.GLCD_SetWindow)
    i.GLCD_WindowMax                         0x000012a8   Section        0  glcd_spi_lpc1700.o(i.GLCD_WindowMax)
    i.IsIrqMasked                            0x000012ba   Section        0  rtx_delay.o(i.IsIrqMasked)
    IsIrqMasked                              0x000012bb   Thumb Code    24  rtx_delay.o(i.IsIrqMasked)
    i.IsIrqMasked                            0x000012d2   Section        0  rtx_kernel.o(i.IsIrqMasked)
    IsIrqMasked                              0x000012d3   Thumb Code    24  rtx_kernel.o(i.IsIrqMasked)
    i.IsIrqMasked                            0x000012ea   Section        0  rtx_msgqueue.o(i.IsIrqMasked)
    IsIrqMasked                              0x000012eb   Thumb Code    24  rtx_msgqueue.o(i.IsIrqMasked)
    i.IsIrqMasked                            0x00001302   Section        0  rtx_thread.o(i.IsIrqMasked)
    IsIrqMasked                              0x00001303   Thumb Code    24  rtx_thread.o(i.IsIrqMasked)
    i.IsIrqMode                              0x0000131a   Section        0  rtx_delay.o(i.IsIrqMode)
    IsIrqMode                                0x0000131b   Thumb Code    16  rtx_delay.o(i.IsIrqMode)
    i.IsIrqMode                              0x0000132a   Section        0  rtx_kernel.o(i.IsIrqMode)
    IsIrqMode                                0x0000132b   Thumb Code    16  rtx_kernel.o(i.IsIrqMode)
    i.IsIrqMode                              0x0000133a   Section        0  rtx_msgqueue.o(i.IsIrqMode)
    IsIrqMode                                0x0000133b   Thumb Code    16  rtx_msgqueue.o(i.IsIrqMode)
    i.IsIrqMode                              0x0000134a   Section        0  rtx_thread.o(i.IsIrqMode)
    IsIrqMode                                0x0000134b   Thumb Code    16  rtx_thread.o(i.IsIrqMode)
    i.MemBlockPtr                            0x0000135a   Section        0  rtx_memory.o(i.MemBlockPtr)
    MemBlockPtr                              0x0000135b   Thumb Code    10  rtx_memory.o(i.MemBlockPtr)
    i.MessageQueueGet                        0x00001364   Section        0  rtx_msgqueue.o(i.MessageQueueGet)
    MessageQueueGet                          0x00001365   Thumb Code    52  rtx_msgqueue.o(i.MessageQueueGet)
    i.MessageQueuePut                        0x00001398   Section        0  rtx_msgqueue.o(i.MessageQueuePut)
    MessageQueuePut                          0x00001399   Thumb Code    76  rtx_msgqueue.o(i.MessageQueuePut)
    i.MessageQueueRemove                     0x000013e4   Section        0  rtx_msgqueue.o(i.MessageQueueRemove)
    MessageQueueRemove                       0x000013e5   Thumb Code    34  rtx_msgqueue.o(i.MessageQueueRemove)
    i.OS_Tick_AcknowledgeIRQ                 0x00001406   Section        0  os_systick.o(i.OS_Tick_AcknowledgeIRQ)
    i.OS_Tick_Enable                         0x00001410   Section        0  os_systick.o(i.OS_Tick_Enable)
    i.OS_Tick_GetIRQn                        0x00001440   Section        0  os_systick.o(i.OS_Tick_GetIRQn)
    i.OS_Tick_Setup                          0x00001448   Section        0  os_systick.o(i.OS_Tick_Setup)
    i.SystemInit                             0x00001498   Section        0  system_lpc17xx.o(i.SystemInit)
    i.ThreadFlagsCheck                       0x000015d8   Section        0  rtx_thread.o(i.ThreadFlagsCheck)
    ThreadFlagsCheck                         0x000015d9   Thumb Code    86  rtx_thread.o(i.ThreadFlagsCheck)
    i.TimerInsert                            0x00001630   Section        0  rtx_timer.o(i.TimerInsert)
    TimerInsert                              0x00001631   Thumb Code    58  rtx_timer.o(i.TimerInsert)
    i.TimerUnlink                            0x00001670   Section        0  rtx_timer.o(i.TimerUnlink)
    TimerUnlink                              0x00001671   Thumb Code    18  rtx_timer.o(i.TimerUnlink)
    i.UART0_IRQHandler                       0x00001688   Section        0  uart.o(i.UART0_IRQHandler)
    i.UART1_IRQHandler                       0x000016f0   Section        0  uart.o(i.UART1_IRQHandler)
    i.UARTInit                               0x00001760   Section        0  uart.o(i.UARTInit)
    i.UARTSendChar                           0x0000181c   Section        0  uart.o(i.UARTSendChar)
    i.__0printf$1                            0x00001840   Section        0  printf1.o(i.__0printf$1)
    i.__NVIC_EnableIRQ                       0x00001860   Section        0  uart.o(i.__NVIC_EnableIRQ)
    __NVIC_EnableIRQ                         0x00001861   Thumb Code    26  uart.o(i.__NVIC_EnableIRQ)
    i.__scatterload_copy                     0x0000187a   Section       14  handlers.o(i.__scatterload_copy)
    i.__scatterload_null                     0x00001888   Section        2  handlers.o(i.__scatterload_null)
    i.__scatterload_zeroinit                 0x0000188a   Section       14  handlers.o(i.__scatterload_zeroinit)
    i._printf_core                           0x00001898   Section        0  printf1.o(i._printf_core)
    _printf_core                             0x00001899   Thumb Code   336  printf1.o(i._printf_core)
    i.bulletMove                             0x000019ec   Section        0  main.o(i.bulletMove)
    i.delay                                  0x00001a34   Section        0  glcd_spi_lpc1700.o(i.delay)
    delay                                    0x00001a35   Thumb Code    14  glcd_spi_lpc1700.o(i.delay)
    i.displayLED                             0x00001a44   Section        0  main.o(i.displayLED)
    i.fputc                                  0x00001b2c   Section        0  retarget.o(i.fputc)
    i.getFrequency                           0x00001b3c   Section        0  uart.o(i.getFrequency)
    i.isrRtxMessageQueueGet                  0x00001b84   Section        0  rtx_msgqueue.o(i.isrRtxMessageQueueGet)
    isrRtxMessageQueueGet                    0x00001b85   Thumb Code   150  rtx_msgqueue.o(i.isrRtxMessageQueueGet)
    i.isrRtxMessageQueuePut                  0x00001c1a   Section        0  rtx_msgqueue.o(i.isrRtxMessageQueuePut)
    isrRtxMessageQueuePut                    0x00001c1b   Thumb Code   158  rtx_msgqueue.o(i.isrRtxMessageQueuePut)
    i.isr_queue_get                          0x00001cb8   Section        0  rtx_system.o(i.isr_queue_get)
    isr_queue_get                            0x00001cb9   Thumb Code    46  rtx_system.o(i.isr_queue_get)
    i.isr_queue_put                          0x00001cec   Section        0  rtx_system.o(i.isr_queue_put)
    isr_queue_put                            0x00001ced   Thumb Code    56  rtx_system.o(i.isr_queue_put)
    i.main                                   0x00001d28   Section        0  main.o(i.main)
    i.osDelay                                0x00001d70   Section        0  rtx_delay.o(i.osDelay)
    i.osKernelGetTickFreq                    0x00001dac   Section        0  rtx_kernel.o(i.osKernelGetTickFreq)
    i.osKernelInitialize                     0x00001dd8   Section        0  rtx_kernel.o(i.osKernelInitialize)
    i.osKernelStart                          0x00001e0c   Section        0  rtx_kernel.o(i.osKernelStart)
    i.osMessageQueueGet                      0x00001e40   Section        0  rtx_msgqueue.o(i.osMessageQueueGet)
    i.osMessageQueueNew                      0x00001e94   Section        0  rtx_msgqueue.o(i.osMessageQueueNew)
    i.osMessageQueuePut                      0x00001ee0   Section        0  rtx_msgqueue.o(i.osMessageQueuePut)
    i.osRtxErrorNotify                       0x00001f34   Section        0  rtx_config.o(i.osRtxErrorNotify)
    i.osRtxIdleThread                        0x00001f54   Section        0  rtx_config.o(i.osRtxIdleThread)
    i.osRtxKernelGetState                    0x00001f58   Section        0  rtx_thread.o(i.osRtxKernelGetState)
    osRtxKernelGetState                      0x00001f59   Thumb Code     6  rtx_thread.o(i.osRtxKernelGetState)
    i.osRtxMemoryAlloc                       0x00001f64   Section        0  rtx_memory.o(i.osRtxMemoryAlloc)
    i.osRtxMemoryFree                        0x00002052   Section        0  rtx_memory.o(i.osRtxMemoryFree)
    i.osRtxMemoryInit                        0x000020ce   Section        0  rtx_memory.o(i.osRtxMemoryInit)
    i.osRtxMemoryPoolAlloc                   0x00002138   Section        0  rtx_mempool.o(i.osRtxMemoryPoolAlloc)
    i.osRtxMemoryPoolFree                    0x00002172   Section        0  rtx_mempool.o(i.osRtxMemoryPoolFree)
    i.osRtxMemoryPoolInit                    0x000021c0   Section        0  rtx_mempool.o(i.osRtxMemoryPoolInit)
    i.osRtxMessageQueuePostProcess           0x00002218   Section        0  rtx_msgqueue.o(i.osRtxMessageQueuePostProcess)
    osRtxMessageQueuePostProcess             0x00002219   Thumb Code   296  rtx_msgqueue.o(i.osRtxMessageQueuePostProcess)
    i.osRtxMutexOwnerRelease                 0x00002340   Section        0  rtx_mutex.o(i.osRtxMutexOwnerRelease)
    i.osRtxPendSV_Handler                    0x000023a0   Section        0  rtx_system.o(i.osRtxPendSV_Handler)
    i.osRtxPostProcess                       0x00002424   Section        0  rtx_system.o(i.osRtxPostProcess)
    i.osRtxThreadBlock                       0x00002460   Section        0  rtx_thread.o(i.osRtxThreadBlock)
    osRtxThreadBlock                         0x00002461   Thumb Code    58  rtx_thread.o(i.osRtxThreadBlock)
    i.osRtxThreadDelayInsert                 0x000024a0   Section        0  rtx_thread.o(i.osRtxThreadDelayInsert)
    osRtxThreadDelayInsert                   0x000024a1   Thumb Code    98  rtx_thread.o(i.osRtxThreadDelayInsert)
    i.osRtxThreadDelayRemove                 0x00002508   Section        0  rtx_thread.o(i.osRtxThreadDelayRemove)
    osRtxThreadDelayRemove                   0x00002509   Thumb Code   110  rtx_thread.o(i.osRtxThreadDelayRemove)
    i.osRtxThreadDelayTick                   0x0000257c   Section        0  rtx_thread.o(i.osRtxThreadDelayTick)
    i.osRtxThreadDispatch                    0x00002658   Section        0  rtx_thread.o(i.osRtxThreadDispatch)
    i.osRtxThreadFree                        0x000026c8   Section        0  rtx_thread.o(i.osRtxThreadFree)
    osRtxThreadFree                          0x000026c9   Thumb Code    92  rtx_thread.o(i.osRtxThreadFree)
    i.osRtxThreadGetRunning                  0x00002728   Section        0  rtx_thread.o(i.osRtxThreadGetRunning)
    osRtxThreadGetRunning                    0x00002729   Thumb Code     6  rtx_thread.o(i.osRtxThreadGetRunning)
    i.osRtxThreadListGet                     0x00002734   Section        0  rtx_thread.o(i.osRtxThreadListGet)
    i.osRtxThreadListPut                     0x00002750   Section        0  rtx_thread.o(i.osRtxThreadListPut)
    i.osRtxThreadListRemove                  0x00002782   Section        0  rtx_thread.o(i.osRtxThreadListRemove)
    i.osRtxThreadListRoot                    0x0000279c   Section        0  rtx_thread.o(i.osRtxThreadListRoot)
    osRtxThreadListRoot                      0x0000279d   Thumb Code    18  rtx_thread.o(i.osRtxThreadListRoot)
    i.osRtxThreadPostProcess                 0x000027ae   Section        0  rtx_thread.o(i.osRtxThreadPostProcess)
    osRtxThreadPostProcess                   0x000027af   Thumb Code    64  rtx_thread.o(i.osRtxThreadPostProcess)
    i.osRtxThreadReadyPut                    0x000027f0   Section        0  rtx_thread.o(i.osRtxThreadReadyPut)
    i.osRtxThreadRegPtr                      0x00002808   Section        0  rtx_thread.o(i.osRtxThreadRegPtr)
    i.osRtxThreadSetRunning                  0x00002818   Section        0  rtx_thread.o(i.osRtxThreadSetRunning)
    osRtxThreadSetRunning                    0x00002819   Thumb Code     6  rtx_thread.o(i.osRtxThreadSetRunning)
    i.osRtxThreadStackCheck                  0x00002824   Section        0  rtx_thread.o(i.osRtxThreadStackCheck)
    i.osRtxThreadStartup                     0x00002850   Section        0  rtx_thread.o(i.osRtxThreadStartup)
    i.osRtxThreadSwitch                      0x000028b0   Section        0  rtx_thread.o(i.osRtxThreadSwitch)
    i.osRtxThreadWaitEnter                   0x000028cc   Section        0  rtx_thread.o(i.osRtxThreadWaitEnter)
    i.osRtxThreadWaitExit                    0x00002920   Section        0  rtx_thread.o(i.osRtxThreadWaitExit)
    i.osRtxTick_Handler                      0x00002958   Section        0  rtx_system.o(i.osRtxTick_Handler)
    i.osRtxTimerThread                       0x000029f8   Section        0  rtx_timer.o(i.osRtxTimerThread)
    i.osRtxTimerTick                         0x00002a50   Section        0  rtx_timer.o(i.osRtxTimerTick)
    osRtxTimerTick                           0x00002a51   Thumb Code    88  rtx_timer.o(i.osRtxTimerTick)
    i.osThreadExit                           0x00002aac   Section        0  rtx_thread.o(i.osThreadExit)
    i.osThreadNew                            0x00002acc   Section        0  rtx_thread.o(i.osThreadNew)
    i.osThreadYield                          0x00002b18   Section        0  rtx_thread.o(i.osThreadYield)
    i.rd_id_man                              0x00002b50   Section        0  glcd_spi_lpc1700.o(i.rd_id_man)
    rd_id_man                                0x00002b51   Thumb Code   132  glcd_spi_lpc1700.o(i.rd_id_man)
    i.rd_reg                                 0x00002bdc   Section        0  glcd_spi_lpc1700.o(i.rd_reg)
    rd_reg                                   0x00002bdd   Thumb Code    66  glcd_spi_lpc1700.o(i.rd_reg)
    i.sendchar                               0x00002c24   Section        0  retarget.o(i.sendchar)
    i.spi_tran                               0x00002c68   Section        0  glcd_spi_lpc1700.o(i.spi_tran)
    spi_tran                                 0x00002c69   Thumb Code    28  glcd_spi_lpc1700.o(i.spi_tran)
    i.spi_tran_man                           0x00002c88   Section        0  glcd_spi_lpc1700.o(i.spi_tran_man)
    spi_tran_man                             0x00002c89   Thumb Code   124  glcd_spi_lpc1700.o(i.spi_tran_man)
    i.svcRtxDelay                            0x00002d08   Section        0  rtx_delay.o(i.svcRtxDelay)
    svcRtxDelay                              0x00002d09   Thumb Code    24  rtx_delay.o(i.svcRtxDelay)
    i.svcRtxKernelGetTickFreq                0x00002d20   Section        0  rtx_kernel.o(i.svcRtxKernelGetTickFreq)
    svcRtxKernelGetTickFreq                  0x00002d21   Thumb Code    16  rtx_kernel.o(i.svcRtxKernelGetTickFreq)
    i.svcRtxKernelInitialize                 0x00002d34   Section        0  rtx_kernel.o(i.svcRtxKernelInitialize)
    svcRtxKernelInitialize                   0x00002d35   Thumb Code   602  rtx_kernel.o(i.svcRtxKernelInitialize)
    i.svcRtxKernelStart                      0x00002f98   Section        0  rtx_kernel.o(i.svcRtxKernelStart)
    svcRtxKernelStart                        0x00002f99   Thumb Code   216  rtx_kernel.o(i.svcRtxKernelStart)
    i.svcRtxMessageQueueGet                  0x00003080   Section        0  rtx_msgqueue.o(i.svcRtxMessageQueueGet)
    svcRtxMessageQueueGet                    0x00003081   Thumb Code   340  rtx_msgqueue.o(i.svcRtxMessageQueueGet)
    i.svcRtxMessageQueueNew                  0x000031d8   Section        0  rtx_msgqueue.o(i.svcRtxMessageQueueNew)
    svcRtxMessageQueueNew                    0x000031d9   Thumb Code   400  rtx_msgqueue.o(i.svcRtxMessageQueueNew)
    i.svcRtxMessageQueuePut                  0x00003370   Section        0  rtx_msgqueue.o(i.svcRtxMessageQueuePut)
    svcRtxMessageQueuePut                    0x00003371   Thumb Code   316  rtx_msgqueue.o(i.svcRtxMessageQueuePut)
    i.svcRtxThreadExit                       0x000034b0   Section        0  rtx_thread.o(i.svcRtxThreadExit)
    svcRtxThreadExit                         0x000034b1   Thumb Code   142  rtx_thread.o(i.svcRtxThreadExit)
    i.svcRtxThreadNew                        0x00003544   Section        0  rtx_thread.o(i.svcRtxThreadNew)
    svcRtxThreadNew                          0x00003545   Thumb Code   608  rtx_thread.o(i.svcRtxThreadNew)
    i.svcRtxThreadYield                      0x000037b8   Section        0  rtx_thread.o(i.svcRtxThreadYield)
    svcRtxThreadYield                        0x000037b9   Thumb Code    66  rtx_thread.o(i.svcRtxThreadYield)
    i.userIO                                 0x00003800   Section        0  main.o(i.userIO)
    i.wr_cmd                                 0x000038cc   Section        0  glcd_spi_lpc1700.o(i.wr_cmd)
    wr_cmd                                   0x000038cd   Thumb Code    36  glcd_spi_lpc1700.o(i.wr_cmd)
    i.wr_dat                                 0x000038f4   Section        0  glcd_spi_lpc1700.o(i.wr_dat)
    wr_dat                                   0x000038f5   Thumb Code    36  glcd_spi_lpc1700.o(i.wr_dat)
    i.wr_dat_only                            0x0000391c   Section        0  glcd_spi_lpc1700.o(i.wr_dat_only)
    wr_dat_only                              0x0000391d   Thumb Code    18  glcd_spi_lpc1700.o(i.wr_dat_only)
    i.wr_dat_start                           0x00003930   Section        0  glcd_spi_lpc1700.o(i.wr_dat_start)
    wr_dat_start                             0x00003931   Thumb Code    16  glcd_spi_lpc1700.o(i.wr_dat_start)
    i.wr_dat_stop                            0x00003944   Section        0  glcd_spi_lpc1700.o(i.wr_dat_stop)
    wr_dat_stop                              0x00003945   Thumb Code     8  glcd_spi_lpc1700.o(i.wr_dat_stop)
    i.wr_reg                                 0x00003950   Section        0  glcd_spi_lpc1700.o(i.wr_reg)
    wr_reg                                   0x00003951   Thumb Code    20  glcd_spi_lpc1700.o(i.wr_reg)
    .constdata                               0x00003964   Section      100  rtx_lib.o(.constdata)
    os_idle_thread_attr                      0x00003964   Data          36  rtx_lib.o(.constdata)
    os_timer_thread_attr                     0x00003988   Data          36  rtx_lib.o(.constdata)
    os_timer_mq_attr                         0x000039ac   Data          24  rtx_lib.o(.constdata)
    .conststrlit                             0x000039c8   Section       11  rtx_kernel.o(.conststrlit)
    .rodata                                  0x000039d4   Section      104  rtx_lib.o(.rodata)
    __tagsym$$used                           0x000039d4   Number         0  rtx_lib.o(.rodata)
    .bss.os                                  0x10000000   Section     4160  rtx_lib.o(.bss.os)
    os_mem                                   0x10000000   Data        4096  rtx_lib.o(.bss.os)
    os_isr_queue                             0x10001000   Data          64  rtx_lib.o(.bss.os)
    .bss.os.msgqueue.cb                      0x10001040   Section       52  rtx_lib.o(.bss.os.msgqueue.cb)
    os_timer_mq_cb                           0x10001040   Data          52  rtx_lib.o(.bss.os.msgqueue.cb)
    .bss.os.msgqueue.mem                     0x10001074   Section       80  rtx_lib.o(.bss.os.msgqueue.mem)
    os_timer_mq_data                         0x10001074   Data          80  rtx_lib.o(.bss.os.msgqueue.mem)
    .bss.os.thread.cb                        0x100010c4   Section      136  rtx_lib.o(.bss.os.thread.cb)
    os_idle_thread_cb                        0x100010c4   Data          68  rtx_lib.o(.bss.os.thread.cb)
    os_timer_thread_cb                       0x10001108   Data          68  rtx_lib.o(.bss.os.thread.cb)
    .bss.os.thread.stack                     0x10001150   Section      768  rtx_lib.o(.bss.os.thread.stack)
    os_idle_thread_stack                     0x10001150   Data         512  rtx_lib.o(.bss.os.thread.stack)
    os_timer_thread_stack                    0x10001350   Data         256  rtx_lib.o(.bss.os.thread.stack)
    .data                                    0x10001450   Section     4373  main.o(.data)
    .data                                    0x10002566   Section        5  glcd_spi_lpc1700.o(.data)
    Color                                    0x10002566   Data           4  glcd_spi_lpc1700.o(.data)
    Himax                                    0x1000256a   Data           1  glcd_spi_lpc1700.o(.data)
    .data                                    0x1000256c   Section       12  retarget.o(.data)
    .data                                    0x10002578   Section       32  uart.o(.data)
    .data                                    0x10002598   Section        1  os_systick.o(.data)
    PendST                                   0x10002598   Data           1  os_systick.o(.data)
    .data                                    0x1000259c   Section        4  system_lpc17xx.o(.data)
    .data.os                                 0x100025a0   Section      164  rtx_kernel.o(.data.os)
    .bss                                     0x10002644   Section       14  main.o(.bss)
    .bss                                     0x10002652   Section      128  uart.o(.bss)
    STACK                                    0x100026d8   Section     8192  startup_lpc17xx.o(STACK)

    Global Symbols

    Symbol Name                              Value     Ov Type        Size  Object(Section)

    BuildAttributes$$THM_ISAv4$P$D$K$B$S$PE$A:L22UL41UL21$X:L11$S22US41US21$IEEE1$IW$USESV6$~STKCKD$USESV7$~SHL$OTIME$ROPI$IEEEX$EBA8$MICROLIB$REQ8$PRES8$EABIv2 0x00000000   Number         0  anon$$obj.o ABSOLUTE
    __ARM_use_no_argv                        0x00000000   Number         0  main.o ABSOLUTE
    __Vectors                                0x00000000   Data           4  startup_lpc17xx.o(RESET)
    _printf_a                                0x00000000   Number         0  stubs.o ABSOLUTE
    _printf_c                                0x00000000   Number         0  stubs.o ABSOLUTE
    _printf_charcount                        0x00000000   Number         0  stubs.o ABSOLUTE
    _printf_d                                0x00000000   Number         0  stubs.o ABSOLUTE
    _printf_e                                0x00000000   Number         0  stubs.o ABSOLUTE
    _printf_f                                0x00000000   Number         0  stubs.o ABSOLUTE
    _printf_flags                            0x00000000   Number         0  stubs.o ABSOLUTE
    _printf_fp_dec                           0x00000000   Number         0  stubs.o ABSOLUTE
    _printf_fp_hex                           0x00000000   Number         0  stubs.o ABSOLUTE
    _printf_g                                0x00000000   Number         0  stubs.o ABSOLUTE
    _printf_i                                0x00000000   Number         0  stubs.o ABSOLUTE
    _printf_int_dec                          0x00000000   Number         0  stubs.o ABSOLUTE
    _printf_l                                0x00000000   Number         0  stubs.o ABSOLUTE
    _printf_lc                               0x00000000   Number         0  stubs.o ABSOLUTE
    _printf_ll                               0x00000000   Number         0  stubs.o ABSOLUTE
    _printf_lld                              0x00000000   Number         0  stubs.o ABSOLUTE
    _printf_lli                              0x00000000   Number         0  stubs.o ABSOLUTE
    _printf_llo                              0x00000000   Number         0  stubs.o ABSOLUTE
    _printf_llu                              0x00000000   Number         0  stubs.o ABSOLUTE
    _printf_llx                              0x00000000   Number         0  stubs.o ABSOLUTE
    _printf_longlong_dec                     0x00000000   Number         0  stubs.o ABSOLUTE
    _printf_longlong_hex                     0x00000000   Number         0  stubs.o ABSOLUTE
    _printf_longlong_oct                     0x00000000   Number         0  stubs.o ABSOLUTE
    _printf_ls                               0x00000000   Number         0  stubs.o ABSOLUTE
    _printf_mbtowc                           0x00000000   Number         0  stubs.o ABSOLUTE
    _printf_n                                0x00000000   Number         0  stubs.o ABSOLUTE
    _printf_o                                0x00000000   Number         0  stubs.o ABSOLUTE
    _printf_p                                0x00000000   Number         0  stubs.o ABSOLUTE
    _printf_percent                          0x00000000   Number         0  stubs.o ABSOLUTE
    _printf_pre_padding                      0x00000000   Number         0  stubs.o ABSOLUTE
    _printf_return_value                     0x00000000   Number         0  stubs.o ABSOLUTE
    _printf_s                                0x00000000   Number         0  stubs.o ABSOLUTE
    _printf_sizespec                         0x00000000   Number         0  stubs.o ABSOLUTE
    _printf_str                              0x00000000   Number         0  stubs.o ABSOLUTE
    _printf_truncate_signed                  0x00000000   Number         0  stubs.o ABSOLUTE
    _printf_truncate_unsigned                0x00000000   Number         0  stubs.o ABSOLUTE
    _printf_u                                0x00000000   Number         0  stubs.o ABSOLUTE
    _printf_wc                               0x00000000   Number         0  stubs.o ABSOLUTE
    _printf_wctomb                           0x00000000   Number         0  stubs.o ABSOLUTE
    _printf_widthprec                        0x00000000   Number         0  stubs.o ABSOLUTE
    _printf_x                                0x00000000   Number         0  stubs.o ABSOLUTE
    .bss.os.evflags.cb$$Base                  - Undefined Weak Reference
    .bss.os.evflags.cb$$Limit                 - Undefined Weak Reference
    .bss.os.mempool.cb$$Base                  - Undefined Weak Reference
    .bss.os.mempool.cb$$Limit                 - Undefined Weak Reference
    .bss.os.mutex.cb$$Base                    - Undefined Weak Reference
    .bss.os.mutex.cb$$Limit                   - Undefined Weak Reference
    .bss.os.semaphore.cb$$Base                - Undefined Weak Reference
    .bss.os.semaphore.cb$$Limit               - Undefined Weak Reference
    .bss.os.timer.cb$$Base                    - Undefined Weak Reference
    .bss.os.timer.cb$$Limit                   - Undefined Weak Reference
    __cpp_initialize__aeabi_                  - Undefined Weak Reference
    __cxa_finalize                            - Undefined Weak Reference
    _clock_init                               - Undefined Weak Reference
    _microlib_exit                            - Undefined Weak Reference
    __main                                   0x000000cd   Thumb Code     0  entry.o(.ARM.Collect$$$$00000000)
    _main_stk                                0x000000cd   Thumb Code     0  entry2.o(.ARM.Collect$$$$00000001)
    _main_scatterload                        0x000000d1   Thumb Code     0  entry5.o(.ARM.Collect$$$$00000004)
    __main_after_scatterload                 0x000000d5   Thumb Code     0  entry5.o(.ARM.Collect$$$$00000004)
    _main_clock                              0x000000d5   Thumb Code     0  entry7b.o(.ARM.Collect$$$$00000008)
    _main_cpp_init                           0x000000d5   Thumb Code     0  entry8b.o(.ARM.Collect$$$$0000000A)
    _main_init                               0x000000d5   Thumb Code     0  entry9a.o(.ARM.Collect$$$$0000000B)
    __rt_final_cpp                           0x000000dd   Thumb Code     0  entry10a.o(.ARM.Collect$$$$0000000D)
    __rt_final_exit                          0x000000dd   Thumb Code     0  entry11a.o(.ARM.Collect$$$$0000000F)
    __asm___13_rtx_mempool_c_7914b4c7__atomic_wr8 0x000000e1   Thumb Code    16  rtx_mempool.o(.emb_text)
    __asm___13_rtx_mempool_c_7914b4c7__atomic_set32 0x000000f1   Thumb Code    20  rtx_mempool.o(.emb_text)
    __asm___13_rtx_mempool_c_7914b4c7__atomic_clr32 0x00000105   Thumb Code    22  rtx_mempool.o(.emb_text)
    __asm___13_rtx_mempool_c_7914b4c7__atomic_chk32_all 0x0000011b   Thumb Code    38  rtx_mempool.o(.emb_text)
    __asm___13_rtx_mempool_c_7914b4c7__atomic_chk32_any 0x00000141   Thumb Code    34  rtx_mempool.o(.emb_text)
    __asm___13_rtx_mempool_c_7914b4c7__atomic_inc32 0x00000163   Thumb Code    18  rtx_mempool.o(.emb_text)
    __asm___13_rtx_mempool_c_7914b4c7__atomic_inc32_lt 0x00000175   Thumb Code    30  rtx_mempool.o(.emb_text)
    __asm___13_rtx_mempool_c_7914b4c7__atomic_inc16_lt 0x00000193   Thumb Code    30  rtx_mempool.o(.emb_text)
    __asm___13_rtx_mempool_c_7914b4c7__atomic_inc16_lim 0x000001b1   Thumb Code    26  rtx_mempool.o(.emb_text)
    __asm___13_rtx_mempool_c_7914b4c7__atomic_dec32_nz 0x000001cb   Thumb Code    26  rtx_mempool.o(.emb_text)
    __asm___13_rtx_mempool_c_7914b4c7__atomic_dec16_nz 0x000001e5   Thumb Code    26  rtx_mempool.o(.emb_text)
    __asm___13_rtx_mempool_c_7914b4c7__atomic_link_get 0x000001ff   Thumb Code    26  rtx_mempool.o(.emb_text)
    __asm___13_rtx_mempool_c_7914b4c7__atomic_link_put 0x00000219   Thumb Code    28  rtx_mempool.o(.emb_text)
    SVC_Handler                              0x00000235   Thumb Code   108  irq_cm3.o(.text)
    PendSV_Handler                           0x000002a1   Thumb Code    16  irq_cm3.o(.text)
    SysTick_Handler                          0x000002b1   Thumb Code    16  irq_cm3.o(.text)
    Reset_Handler                            0x000002c9   Thumb Code     8  startup_lpc17xx.o(.text)
    NMI_Handler                              0x000002d1   Thumb Code     2  startup_lpc17xx.o(.text)
    HardFault_Handler                        0x000002d3   Thumb Code     2  startup_lpc17xx.o(.text)
    MemManage_Handler                        0x000002d5   Thumb Code     2  startup_lpc17xx.o(.text)
    BusFault_Handler                         0x000002d7   Thumb Code     2  startup_lpc17xx.o(.text)
    UsageFault_Handler                       0x000002d9   Thumb Code     2  startup_lpc17xx.o(.text)
    DebugMon_Handler                         0x000002dd   Thumb Code     2  startup_lpc17xx.o(.text)
    ADC_IRQHandler                           0x000002e3   Thumb Code     0  startup_lpc17xx.o(.text)
    BOD_IRQHandler                           0x000002e3   Thumb Code     0  startup_lpc17xx.o(.text)
    CANActivity_IRQHandler                   0x000002e3   Thumb Code     0  startup_lpc17xx.o(.text)
    CAN_IRQHandler                           0x000002e3   Thumb Code     0  startup_lpc17xx.o(.text)
    DMA_IRQHandler                           0x000002e3   Thumb Code     0  startup_lpc17xx.o(.text)
    EINT0_IRQHandler                         0x000002e3   Thumb Code     0  startup_lpc17xx.o(.text)
    EINT1_IRQHandler                         0x000002e3   Thumb Code     0  startup_lpc17xx.o(.text)
    EINT2_IRQHandler                         0x000002e3   Thumb Code     0  startup_lpc17xx.o(.text)
    EINT3_IRQHandler                         0x000002e3   Thumb Code     0  startup_lpc17xx.o(.text)
    ENET_IRQHandler                          0x000002e3   Thumb Code     0  startup_lpc17xx.o(.text)
    I2C0_IRQHandler                          0x000002e3   Thumb Code     0  startup_lpc17xx.o(.text)
    I2C1_IRQHandler                          0x000002e3   Thumb Code     0  startup_lpc17xx.o(.text)
    I2C2_IRQHandler                          0x000002e3   Thumb Code     0  startup_lpc17xx.o(.text)
    I2S_IRQHandler                           0x000002e3   Thumb Code     0  startup_lpc17xx.o(.text)
    MCPWM_IRQHandler                         0x000002e3   Thumb Code     0  startup_lpc17xx.o(.text)
    PLL0_IRQHandler                          0x000002e3   Thumb Code     0  startup_lpc17xx.o(.text)
    PLL1_IRQHandler                          0x000002e3   Thumb Code     0  startup_lpc17xx.o(.text)
    PWM1_IRQHandler                          0x000002e3   Thumb Code     0  startup_lpc17xx.o(.text)
    QEI_IRQHandler                           0x000002e3   Thumb Code     0  startup_lpc17xx.o(.text)
    RIT_IRQHandler                           0x000002e3   Thumb Code     0  startup_lpc17xx.o(.text)
    RTC_IRQHandler                           0x000002e3   Thumb Code     0  startup_lpc17xx.o(.text)
    SPI_IRQHandler                           0x000002e3   Thumb Code     0  startup_lpc17xx.o(.text)
    SSP0_IRQHandler                          0x000002e3   Thumb Code     0  startup_lpc17xx.o(.text)
    SSP1_IRQHandler                          0x000002e3   Thumb Code     0  startup_lpc17xx.o(.text)
    TIMER0_IRQHandler                        0x000002e3   Thumb Code     0  startup_lpc17xx.o(.text)
    TIMER1_IRQHandler                        0x000002e3   Thumb Code     0  startup_lpc17xx.o(.text)
    TIMER2_IRQHandler                        0x000002e3   Thumb Code     0  startup_lpc17xx.o(.text)
    TIMER3_IRQHandler                        0x000002e3   Thumb Code     0  startup_lpc17xx.o(.text)
    UART2_IRQHandler                         0x000002e3   Thumb Code     0  startup_lpc17xx.o(.text)
    UART3_IRQHandler                         0x000002e3   Thumb Code     0  startup_lpc17xx.o(.text)
    USBActivity_IRQHandler                   0x000002e3   Thumb Code     0  startup_lpc17xx.o(.text)
    USB_IRQHandler                           0x000002e3   Thumb Code     0  startup_lpc17xx.o(.text)
    WDT_IRQHandler                           0x000002e3   Thumb Code     0  startup_lpc17xx.o(.text)
    EvrRtxEventFlagsWaitTimeout              0x000002ed   Thumb Code     2  rtx_evr.o(i.EvrRtxEventFlagsWaitTimeout)
    __I$use$fp                               0x000002ed   Thumb Code     0  iusefp.o(.text)
    EvrRtxKernelError                        0x000002ef   Thumb Code     2  rtx_evr.o(i.EvrRtxKernelError)
    EvrRtxKernelGetTickFreq                  0x000002f1   Thumb Code     2  rtx_evr.o(i.EvrRtxKernelGetTickFreq)
    EvrRtxKernelInitialize                   0x000002f3   Thumb Code     2  rtx_evr.o(i.EvrRtxKernelInitialize)
    EvrRtxKernelInitializeCompleted          0x000002f5   Thumb Code     2  rtx_evr.o(i.EvrRtxKernelInitializeCompleted)
    EvrRtxKernelStart                        0x000002f7   Thumb Code     2  rtx_evr.o(i.EvrRtxKernelStart)
    EvrRtxKernelStarted                      0x000002f9   Thumb Code     2  rtx_evr.o(i.EvrRtxKernelStarted)
    EvrRtxMemoryAlloc                        0x000002fb   Thumb Code     2  rtx_evr.o(i.EvrRtxMemoryAlloc)
    __asm___14_rtx_msgqueue_c_ba128ae8__atomic_wr8 0x00000301   Thumb Code    16  rtx_msgqueue.o(.emb_text)
    __asm___14_rtx_msgqueue_c_ba128ae8__atomic_set32 0x00000311   Thumb Code    20  rtx_msgqueue.o(.emb_text)
    __asm___14_rtx_msgqueue_c_ba128ae8__atomic_clr32 0x00000325   Thumb Code    22  rtx_msgqueue.o(.emb_text)
    __asm___14_rtx_msgqueue_c_ba128ae8__atomic_chk32_all 0x0000033b   Thumb Code    38  rtx_msgqueue.o(.emb_text)
    __asm___14_rtx_msgqueue_c_ba128ae8__atomic_chk32_any 0x00000361   Thumb Code    34  rtx_msgqueue.o(.emb_text)
    __asm___14_rtx_msgqueue_c_ba128ae8__atomic_inc32 0x00000383   Thumb Code    18  rtx_msgqueue.o(.emb_text)
    __asm___14_rtx_msgqueue_c_ba128ae8__atomic_inc32_lt 0x00000395   Thumb Code    30  rtx_msgqueue.o(.emb_text)
    __asm___14_rtx_msgqueue_c_ba128ae8__atomic_inc16_lt 0x000003b3   Thumb Code    30  rtx_msgqueue.o(.emb_text)
    __asm___14_rtx_msgqueue_c_ba128ae8__atomic_inc16_lim 0x000003d1   Thumb Code    26  rtx_msgqueue.o(.emb_text)
    __asm___14_rtx_msgqueue_c_ba128ae8__atomic_dec32_nz 0x000003eb   Thumb Code    26  rtx_msgqueue.o(.emb_text)
    __asm___14_rtx_msgqueue_c_ba128ae8__atomic_dec16_nz 0x00000405   Thumb Code    26  rtx_msgqueue.o(.emb_text)
    __asm___14_rtx_msgqueue_c_ba128ae8__atomic_link_get 0x0000041f   Thumb Code    26  rtx_msgqueue.o(.emb_text)
    __asm___14_rtx_msgqueue_c_ba128ae8__atomic_link_put 0x00000439   Thumb Code    28  rtx_msgqueue.o(.emb_text)
    __asm___12_rtx_system_c_024f2f18__atomic_wr8 0x00000455   Thumb Code    16  rtx_system.o(.emb_text)
    __asm___12_rtx_system_c_024f2f18__atomic_set32 0x00000465   Thumb Code    20  rtx_system.o(.emb_text)
    __asm___12_rtx_system_c_024f2f18__atomic_clr32 0x00000479   Thumb Code    22  rtx_system.o(.emb_text)
    __asm___12_rtx_system_c_024f2f18__atomic_chk32_all 0x0000048f   Thumb Code    38  rtx_system.o(.emb_text)
    __asm___12_rtx_system_c_024f2f18__atomic_chk32_any 0x000004b5   Thumb Code    34  rtx_system.o(.emb_text)
    __asm___12_rtx_system_c_024f2f18__atomic_inc32 0x000004d7   Thumb Code    18  rtx_system.o(.emb_text)
    __asm___12_rtx_system_c_024f2f18__atomic_inc32_lt 0x000004e9   Thumb Code    30  rtx_system.o(.emb_text)
    __asm___12_rtx_system_c_024f2f18__atomic_inc16_lt 0x00000507   Thumb Code    30  rtx_system.o(.emb_text)
    __asm___12_rtx_system_c_024f2f18__atomic_inc16_lim 0x00000525   Thumb Code    26  rtx_system.o(.emb_text)
    __asm___12_rtx_system_c_024f2f18__atomic_dec32_nz 0x0000053f   Thumb Code    26  rtx_system.o(.emb_text)
    __asm___12_rtx_system_c_024f2f18__atomic_dec16_nz 0x00000559   Thumb Code    26  rtx_system.o(.emb_text)
    __asm___12_rtx_system_c_024f2f18__atomic_link_get 0x00000573   Thumb Code    26  rtx_system.o(.emb_text)
    __asm___12_rtx_system_c_024f2f18__atomic_link_put 0x0000058d   Thumb Code    28  rtx_system.o(.emb_text)
    __asm___12_rtx_thread_c_add96be5__atomic_wr8 0x000005a9   Thumb Code    16  rtx_thread.o(.emb_text)
    __asm___12_rtx_thread_c_add96be5__atomic_set32 0x000005b9   Thumb Code    20  rtx_thread.o(.emb_text)
    __asm___12_rtx_thread_c_add96be5__atomic_clr32 0x000005cd   Thumb Code    22  rtx_thread.o(.emb_text)
    __asm___12_rtx_thread_c_add96be5__atomic_chk32_all 0x000005e3   Thumb Code    38  rtx_thread.o(.emb_text)
    __asm___12_rtx_thread_c_add96be5__atomic_chk32_any 0x00000609   Thumb Code    34  rtx_thread.o(.emb_text)
    __asm___12_rtx_thread_c_add96be5__atomic_inc32 0x0000062b   Thumb Code    18  rtx_thread.o(.emb_text)
    __asm___12_rtx_thread_c_add96be5__atomic_inc32_lt 0x0000063d   Thumb Code    30  rtx_thread.o(.emb_text)
    __asm___12_rtx_thread_c_add96be5__atomic_inc16_lt 0x0000065b   Thumb Code    30  rtx_thread.o(.emb_text)
    __asm___12_rtx_thread_c_add96be5__atomic_inc16_lim 0x00000679   Thumb Code    26  rtx_thread.o(.emb_text)
    __asm___12_rtx_thread_c_add96be5__atomic_dec32_nz 0x00000693   Thumb Code    26  rtx_thread.o(.emb_text)
    __asm___12_rtx_thread_c_add96be5__atomic_dec16_nz 0x000006ad   Thumb Code    26  rtx_thread.o(.emb_text)
    __asm___12_rtx_thread_c_add96be5__atomic_link_get 0x000006c7   Thumb Code    26  rtx_thread.o(.emb_text)
    __asm___12_rtx_thread_c_add96be5__atomic_link_put 0x000006e1   Thumb Code    28  rtx_thread.o(.emb_text)
    __aeabi_memcpy                           0x000006fd   Thumb Code    36  memcpya.o(.text)
    __aeabi_memcpy4                          0x000006fd   Thumb Code     0  memcpya.o(.text)
    __aeabi_memcpy8                          0x000006fd   Thumb Code     0  memcpya.o(.text)
    __aeabi_memset                           0x00000721   Thumb Code    14  memseta.o(.text)
    __aeabi_memset4                          0x00000721   Thumb Code     0  memseta.o(.text)
    __aeabi_memset8                          0x00000721   Thumb Code     0  memseta.o(.text)
    __aeabi_memclr                           0x0000072f   Thumb Code     4  memseta.o(.text)
    __aeabi_memclr4                          0x0000072f   Thumb Code     0  memseta.o(.text)
    __aeabi_memclr8                          0x0000072f   Thumb Code     0  memseta.o(.text)
    _memset$wrapper                          0x00000733   Thumb Code    18  memseta.o(.text)
    __aeabi_dmul                             0x00000745   Thumb Code   228  dmul.o(.text)
    __aeabi_ui2d                             0x00000829   Thumb Code    26  dfltui.o(.text)
    __aeabi_d2uiz                            0x00000843   Thumb Code    50  dfixui.o(.text)
    __aeabi_uidiv                            0x00000875   Thumb Code     0  uidiv.o(.text)
    __aeabi_uidivmod                         0x00000875   Thumb Code    44  uidiv.o(.text)
    __aeabi_llsl                             0x000008a1   Thumb Code    30  llshl.o(.text)
    _ll_shift_l                              0x000008a1   Thumb Code     0  llshl.o(.text)
    __aeabi_llsr                             0x000008bf   Thumb Code    32  llushr.o(.text)
    _ll_ushift_r                             0x000008bf   Thumb Code     0  llushr.o(.text)
    _double_round                            0x000008df   Thumb Code    30  depilogue.o(.text)
    _double_epilogue                         0x000008fd   Thumb Code   156  depilogue.o(.text)
    __scatterload                            0x00000999   Thumb Code    28  init.o(.text)
    __scatterload_rt2                        0x00000999   Thumb Code     0  init.o(.text)
    __decompress                             0x000009bd   Thumb Code     0  __dclz77c.o(.text)
    __decompress2                            0x000009bd   Thumb Code    94  __dclz77c.o(.text)
    EvrRtxMemoryBlockAlloc                   0x00000a1b   Thumb Code     2  rtx_evr.o(i.EvrRtxMemoryBlockAlloc)
    EvrRtxMemoryBlockFree                    0x00000a1d   Thumb Code     2  rtx_evr.o(i.EvrRtxMemoryBlockFree)
    EvrRtxMemoryBlockInit                    0x00000a1f   Thumb Code     2  rtx_evr.o(i.EvrRtxMemoryBlockInit)
    EvrRtxMemoryFree                         0x00000a21   Thumb Code     2  rtx_evr.o(i.EvrRtxMemoryFree)
    EvrRtxMemoryInit                         0x00000a23   Thumb Code     2  rtx_evr.o(i.EvrRtxMemoryInit)
    EvrRtxMemoryPoolAllocTimeout             0x00000a25   Thumb Code     2  rtx_evr.o(i.EvrRtxMemoryPoolAllocTimeout)
    EvrRtxMessageQueueCreated                0x00000a27   Thumb Code     2  rtx_evr.o(i.EvrRtxMessageQueueCreated)
    EvrRtxMessageQueueError                  0x00000a29   Thumb Code     2  rtx_evr.o(i.EvrRtxMessageQueueError)
    EvrRtxMessageQueueGet                    0x00000a2b   Thumb Code     2  rtx_evr.o(i.EvrRtxMessageQueueGet)
    EvrRtxMessageQueueGetPending             0x00000a2d   Thumb Code     2  rtx_evr.o(i.EvrRtxMessageQueueGetPending)
    EvrRtxMessageQueueGetTimeout             0x00000a2f   Thumb Code     2  rtx_evr.o(i.EvrRtxMessageQueueGetTimeout)
    EvrRtxMessageQueueInsertPending          0x00000a31   Thumb Code     2  rtx_evr.o(i.EvrRtxMessageQueueInsertPending)
    EvrRtxMessageQueueInserted               0x00000a33   Thumb Code     2  rtx_evr.o(i.EvrRtxMessageQueueInserted)
    EvrRtxMessageQueueNew                    0x00000a35   Thumb Code     2  rtx_evr.o(i.EvrRtxMessageQueueNew)
    EvrRtxMessageQueueNotInserted            0x00000a37   Thumb Code     2  rtx_evr.o(i.EvrRtxMessageQueueNotInserted)
    EvrRtxMessageQueueNotRetrieved           0x00000a39   Thumb Code     2  rtx_evr.o(i.EvrRtxMessageQueueNotRetrieved)
    EvrRtxMessageQueuePut                    0x00000a3b   Thumb Code     2  rtx_evr.o(i.EvrRtxMessageQueuePut)
    EvrRtxMessageQueuePutPending             0x00000a3d   Thumb Code     2  rtx_evr.o(i.EvrRtxMessageQueuePutPending)
    EvrRtxMessageQueuePutTimeout             0x00000a3f   Thumb Code     2  rtx_evr.o(i.EvrRtxMessageQueuePutTimeout)
    EvrRtxMessageQueueRetrieved              0x00000a41   Thumb Code     2  rtx_evr.o(i.EvrRtxMessageQueueRetrieved)
    EvrRtxMutexAcquireTimeout                0x00000a43   Thumb Code     2  rtx_evr.o(i.EvrRtxMutexAcquireTimeout)
    EvrRtxMutexAcquired                      0x00000a45   Thumb Code     2  rtx_evr.o(i.EvrRtxMutexAcquired)
    EvrRtxMutexReleased                      0x00000a47   Thumb Code     2  rtx_evr.o(i.EvrRtxMutexReleased)
    EvrRtxSemaphoreAcquireTimeout            0x00000a49   Thumb Code     2  rtx_evr.o(i.EvrRtxSemaphoreAcquireTimeout)
    EvrRtxThreadBlocked                      0x00000a4b   Thumb Code     2  rtx_evr.o(i.EvrRtxThreadBlocked)
    EvrRtxThreadCreated                      0x00000a4d   Thumb Code     2  rtx_evr.o(i.EvrRtxThreadCreated)
    EvrRtxThreadDelay                        0x00000a4f   Thumb Code     2  rtx_evr.o(i.EvrRtxThreadDelay)
    EvrRtxThreadDelayCompleted               0x00000a51   Thumb Code     2  rtx_evr.o(i.EvrRtxThreadDelayCompleted)
    EvrRtxThreadDestroyed                    0x00000a53   Thumb Code     2  rtx_evr.o(i.EvrRtxThreadDestroyed)
    EvrRtxThreadError                        0x00000a55   Thumb Code     2  rtx_evr.o(i.EvrRtxThreadError)
    EvrRtxThreadExit                         0x00000a57   Thumb Code     2  rtx_evr.o(i.EvrRtxThreadExit)
    EvrRtxThreadFlagsWaitCompleted           0x00000a59   Thumb Code     2  rtx_evr.o(i.EvrRtxThreadFlagsWaitCompleted)
    EvrRtxThreadFlagsWaitTimeout             0x00000a5b   Thumb Code     2  rtx_evr.o(i.EvrRtxThreadFlagsWaitTimeout)
    EvrRtxThreadJoined                       0x00000a5d   Thumb Code     2  rtx_evr.o(i.EvrRtxThreadJoined)
    EvrRtxThreadNew                          0x00000a5f   Thumb Code     2  rtx_evr.o(i.EvrRtxThreadNew)
    EvrRtxThreadPreempted                    0x00000a61   Thumb Code     2  rtx_evr.o(i.EvrRtxThreadPreempted)
    EvrRtxThreadSwitched                     0x00000a63   Thumb Code     2  rtx_evr.o(i.EvrRtxThreadSwitched)
    EvrRtxThreadUnblocked                    0x00000a65   Thumb Code     2  rtx_evr.o(i.EvrRtxThreadUnblocked)
    EvrRtxThreadYield                        0x00000a67   Thumb Code     2  rtx_evr.o(i.EvrRtxThreadYield)
    EvrRtxTimerCallback                      0x00000a69   Thumb Code     2  rtx_evr.o(i.EvrRtxTimerCallback)
    Free                                     0x00000a6b   Thumb Code     6  uart.o(i.Free)
    FreeRcv                                  0x00000a71   Thumb Code    28  uart.o(i.FreeRcv)
    FreeSnd                                  0x00000a95   Thumb Code    28  uart.o(i.FreeSnd)
    GLCD_Bitmap                              0x00000ab9   Thumb Code    82  glcd_spi_lpc1700.o(i.GLCD_Bitmap)
    GLCD_Clear                               0x00000b0b   Thumb Code    42  glcd_spi_lpc1700.o(i.GLCD_Clear)
    GLCD_Display                             0x00000b35   Thumb Code   188  main.o(i.GLCD_Display)
    GLCD_Init                                0x00000c09   Thumb Code  1506  glcd_spi_lpc1700.o(i.GLCD_Init)
    GLCD_SetBackColor                        0x000011f1   Thumb Code     6  glcd_spi_lpc1700.o(i.GLCD_SetBackColor)
    GLCD_SetWindow                           0x000011fd   Thumb Code   168  glcd_spi_lpc1700.o(i.GLCD_SetWindow)
    GLCD_WindowMax                           0x000012a9   Thumb Code    18  glcd_spi_lpc1700.o(i.GLCD_WindowMax)
    OS_Tick_AcknowledgeIRQ                   0x00001407   Thumb Code     8  os_systick.o(i.OS_Tick_AcknowledgeIRQ)
    OS_Tick_Enable                           0x00001411   Thumb Code    38  os_systick.o(i.OS_Tick_Enable)
    OS_Tick_GetIRQn                          0x00001441   Thumb Code     6  os_systick.o(i.OS_Tick_GetIRQn)
    OS_Tick_Setup                            0x00001449   Thumb Code    66  os_systick.o(i.OS_Tick_Setup)
    SystemInit                               0x00001499   Thumb Code   302  system_lpc17xx.o(i.SystemInit)
    UART0_IRQHandler                         0x00001689   Thumb Code    88  uart.o(i.UART0_IRQHandler)
    UART1_IRQHandler                         0x000016f1   Thumb Code    90  uart.o(i.UART1_IRQHandler)
    UARTInit                                 0x00001761   Thumb Code   176  uart.o(i.UARTInit)
    UARTSendChar                             0x0000181d   Thumb Code    26  uart.o(i.UARTSendChar)
    __0printf$1                              0x00001841   Thumb Code    22  printf1.o(i.__0printf$1)
    __1printf$1                              0x00001841   Thumb Code     0  printf1.o(i.__0printf$1)
    __2printf                                0x00001841   Thumb Code     0  printf1.o(i.__0printf$1)
    __scatterload_copy                       0x0000187b   Thumb Code    14  handlers.o(i.__scatterload_copy)
    __scatterload_null                       0x00001889   Thumb Code     2  handlers.o(i.__scatterload_null)
    __scatterload_zeroinit                   0x0000188b   Thumb Code    14  handlers.o(i.__scatterload_zeroinit)
    bulletMove                               0x000019ed   Thumb Code    56  main.o(i.bulletMove)
    displayLED                               0x00001a45   Thumb Code   228  main.o(i.displayLED)
    fputc                                    0x00001b2d   Thumb Code    14  retarget.o(i.fputc)
    getFrequency                             0x00001b3d   Thumb Code    62  uart.o(i.getFrequency)
    main                                     0x00001d29   Thumb Code    52  main.o(i.main)
    osDelay                                  0x00001d71   Thumb Code    56  rtx_delay.o(i.osDelay)
    osKernelGetTickFreq                      0x00001dad   Thumb Code    38  rtx_kernel.o(i.osKernelGetTickFreq)
    osKernelInitialize                       0x00001dd9   Thumb Code    48  rtx_kernel.o(i.osKernelInitialize)
    osKernelStart                            0x00001e0d   Thumb Code    48  rtx_kernel.o(i.osKernelStart)
    osMessageQueueGet                        0x00001e41   Thumb Code    78  rtx_msgqueue.o(i.osMessageQueueGet)
    osMessageQueueNew                        0x00001e95   Thumb Code    70  rtx_msgqueue.o(i.osMessageQueueNew)
    osMessageQueuePut                        0x00001ee1   Thumb Code    78  rtx_msgqueue.o(i.osMessageQueuePut)
    osRtxErrorNotify                         0x00001f35   Thumb Code    32  rtx_config.o(i.osRtxErrorNotify)
    osRtxIdleThread                          0x00001f55   Thumb Code     4  rtx_config.o(i.osRtxIdleThread)
    osRtxMemoryAlloc                         0x00001f65   Thumb Code   238  rtx_memory.o(i.osRtxMemoryAlloc)
    osRtxMemoryFree                          0x00002053   Thumb Code   124  rtx_memory.o(i.osRtxMemoryFree)
    osRtxMemoryInit                          0x000020cf   Thumb Code   106  rtx_memory.o(i.osRtxMemoryInit)
    osRtxMemoryPoolAlloc                     0x00002139   Thumb Code    58  rtx_mempool.o(i.osRtxMemoryPoolAlloc)
    osRtxMemoryPoolFree                      0x00002173   Thumb Code    78  rtx_mempool.o(i.osRtxMemoryPoolFree)
    osRtxMemoryPoolInit                      0x000021c1   Thumb Code    88  rtx_mempool.o(i.osRtxMemoryPoolInit)
    osRtxMutexOwnerRelease                   0x00002341   Thumb Code    94  rtx_mutex.o(i.osRtxMutexOwnerRelease)
    osRtxPendSV_Handler                      0x000023a1   Thumb Code   126  rtx_system.o(i.osRtxPendSV_Handler)
    osRtxPostProcess                         0x00002425   Thumb Code    50  rtx_system.o(i.osRtxPostProcess)
    osRtxThreadDelayTick                     0x0000257d   Thumb Code   216  rtx_thread.o(i.osRtxThreadDelayTick)
    osRtxThreadDispatch                      0x00002659   Thumb Code   106  rtx_thread.o(i.osRtxThreadDispatch)
    osRtxThreadListGet                       0x00002735   Thumb Code    28  rtx_thread.o(i.osRtxThreadListGet)
    osRtxThreadListPut                       0x00002751   Thumb Code    50  rtx_thread.o(i.osRtxThreadListPut)
    osRtxThreadListRemove                    0x00002783   Thumb Code    26  rtx_thread.o(i.osRtxThreadListRemove)
    osRtxThreadReadyPut                      0x000027f1   Thumb Code    18  rtx_thread.o(i.osRtxThreadReadyPut)
    osRtxThreadRegPtr                        0x00002809   Thumb Code    14  rtx_thread.o(i.osRtxThreadRegPtr)
    osRtxThreadStackCheck                    0x00002825   Thumb Code    38  rtx_thread.o(i.osRtxThreadStackCheck)
    osRtxThreadStartup                       0x00002851   Thumb Code    78  rtx_thread.o(i.osRtxThreadStartup)
    osRtxThreadSwitch                        0x000028b1   Thumb Code    24  rtx_thread.o(i.osRtxThreadSwitch)
    osRtxThreadWaitEnter                     0x000028cd   Thumb Code    78  rtx_thread.o(i.osRtxThreadWaitEnter)
    osRtxThreadWaitExit                      0x00002921   Thumb Code    54  rtx_thread.o(i.osRtxThreadWaitExit)
    osRtxTick_Handler                        0x00002959   Thumb Code   154  rtx_system.o(i.osRtxTick_Handler)
    osRtxTimerThread                         0x000029f9   Thumb Code    76  rtx_timer.o(i.osRtxTimerThread)
    osThreadExit                             0x00002aad   Thumb Code    28  rtx_thread.o(i.osThreadExit)
    osThreadNew                              0x00002acd   Thumb Code    70  rtx_thread.o(i.osThreadNew)
    osThreadYield                            0x00002b19   Thumb Code    50  rtx_thread.o(i.osThreadYield)
    sendchar                                 0x00002c25   Thumb Code    64  retarget.o(i.sendchar)
    userIO                                   0x00003801   Thumb Code   156  main.o(i.userIO)
    osRtxUserSVC                             0x000039c4   Data           4  rtx_lib.o(.constdata)
    osRtxConfig                              0x000039d4   Data         104  rtx_lib.o(.rodata)
    Region$$Table$$Base                      0x00003a3c   Number         0  anon$$obj.o(Region$$Table)
    Region$$Table$$Limit                     0x00003a5c   Number         0  anon$$obj.o(Region$$Table)
    .bss.os.msgqueue.cb$$Base                0x10001040   Number         0  rtx_lib.o(.bss.os.msgqueue.cb)
    .bss.os.msgqueue.cb$$Limit               0x10001074   Number         0  rtx_lib.o(.bss.os.msgqueue.cb)
    .bss.os.thread.cb$$Base                  0x100010c4   Number         0  rtx_lib.o(.bss.os.thread.cb)
    .bss.os.thread.cb$$Limit                 0x1000114c   Number         0  rtx_lib.o(.bss.os.thread.cb)
    user_bm                                  0x10001450   Data        1248  main.o(.data)
    enemy_bm                                 0x10001930   Data        1200  main.o(.data)
    line                                     0x10001de0   Data        1920  main.o(.data)
    userShip                                 0x10002560   Data           2  main.o(.data)
    bullet                                   0x10002562   Data           2  main.o(.data)
    bulletactive                             0x10002564   Data           1  main.o(.data)
    uart_init_called                         0x1000256c   Data           1  retarget.o(.data)
    __stdout                                 0x10002570   Data           4  retarget.o(.data)
    __stdin                                  0x10002574   Data           4  retarget.o(.data)
    ITM_RxBuffer                             0x10002578   Data           4  uart.o(.data)
    UART0Status                              0x1000257c   Data           4  uart.o(.data)
    UART1Status                              0x10002580   Data           4  uart.o(.data)
    UART0TxEmpty                             0x10002584   Data           1  uart.o(.data)
    UART1TxEmpty                             0x10002585   Data           1  uart.o(.data)
    UART0Count                               0x10002588   Data           4  uart.o(.data)
    UART1Count                               0x1000258c   Data           4  uart.o(.data)
    RcvLock0                                 0x10002590   Data           1  uart.o(.data)
    SndLock0                                 0x10002591   Data           1  uart.o(.data)
    RcvLock1                                 0x10002592   Data           1  uart.o(.data)
    SndLock1                                 0x10002593   Data           1  uart.o(.data)
    i                                        0x10002594   Data           4  uart.o(.data)
    SystemCoreClock                          0x1000259c   Data           4  system_lpc17xx.o(.data)
    osRtxInfo                                0x100025a0   Data         164  rtx_kernel.o(.data.os)
    black                                    0x10002644   Data          14  main.o(.bss)
    UART0Buffer                              0x10002652   Data          64  uart.o(.bss)
    UART1Buffer                              0x10002692   Data          64  uart.o(.bss)
    __initial_sp                             0x100046d8   Data           0  startup_lpc17xx.o(STACK)



==============================================================================

Memory Map of the image

  Image Entry point : 0x000002c9

  Load Region LR_1 (Base: 0x00000000, Size: 0x000060a0, Max: 0xffffffff, ABSOLUTE, COMPRESSED[0x00003d38])

    Execution Region ER_RO (Exec base: 0x00000000, Load base: 0x00000000, Size: 0x00003a5c, Max: 0xffffffff, ABSOLUTE)

    Exec Addr    Load Addr    Size         Type   Attr      Idx    E Section Name        Object

    0x00000000   0x00000000   0x000000cc   Data   RO         3802    RESET               startup_lpc17xx.o
    0x000000cc   0x000000cc   0x00000000   Code   RO         3870  * .ARM.Collect$$$$00000000  mc_w.l(entry.o)
    0x000000cc   0x000000cc   0x00000004   Code   RO         4186    .ARM.Collect$$$$00000001  mc_w.l(entry2.o)
    0x000000d0   0x000000d0   0x00000004   Code   RO         4189    .ARM.Collect$$$$00000004  mc_w.l(entry5.o)
    0x000000d4   0x000000d4   0x00000000   Code   RO         4191    .ARM.Collect$$$$00000008  mc_w.l(entry7b.o)
    0x000000d4   0x000000d4   0x00000000   Code   RO         4193    .ARM.Collect$$$$0000000A  mc_w.l(entry8b.o)
    0x000000d4   0x000000d4   0x00000008   Code   RO         4194    .ARM.Collect$$$$0000000B  mc_w.l(entry9a.o)
    0x000000dc   0x000000dc   0x00000000   Code   RO         4196    .ARM.Collect$$$$0000000D  mc_w.l(entry10a.o)
    0x000000dc   0x000000dc   0x00000000   Code   RO         4198    .ARM.Collect$$$$0000000F  mc_w.l(entry11a.o)
    0x000000dc   0x000000dc   0x00000004   Code   RO         4187    .ARM.Collect$$$$00002712  mc_w.l(entry2.o)
    0x000000e0   0x000000e0   0x00000154   Code   RO         2521    .emb_text           rtx_mempool.o
    0x00000234   0x00000234   0x00000094   Code   RO          967    .text               irq_cm3.o
    0x000002c8   0x000002c8   0x00000024   Code   RO         3804  * .text               startup_lpc17xx.o
    0x000002ec   0x000002ec   0x00000000   Code   RO         4215    .text               mc_w.l(iusefp.o)
    0x000002ec   0x000002ec   0x00000002   Code   RO         1219    i.EvrRtxEventFlagsWaitTimeout  rtx_evr.o
    0x000002ee   0x000002ee   0x00000002   Code   RO         1220    i.EvrRtxKernelError  rtx_evr.o
    0x000002f0   0x000002f0   0x00000002   Code   RO         1226    i.EvrRtxKernelGetTickFreq  rtx_evr.o
    0x000002f2   0x000002f2   0x00000002   Code   RO         1228    i.EvrRtxKernelInitialize  rtx_evr.o
    0x000002f4   0x000002f4   0x00000002   Code   RO         1229    i.EvrRtxKernelInitializeCompleted  rtx_evr.o
    0x000002f6   0x000002f6   0x00000002   Code   RO         1236    i.EvrRtxKernelStart  rtx_evr.o
    0x000002f8   0x000002f8   0x00000002   Code   RO         1237    i.EvrRtxKernelStarted  rtx_evr.o
    0x000002fa   0x000002fa   0x00000002   Code   RO         1242    i.EvrRtxMemoryAlloc  rtx_evr.o
    0x000002fc   0x000002fc   0x00000004   Code   RO         3803    .ARM.__at_0x02FC    startup_lpc17xx.o
    0x00000300   0x00000300   0x00000154   Code   RO         2688    .emb_text           rtx_msgqueue.o
    0x00000454   0x00000454   0x00000154   Code   RO         3099    .emb_text           rtx_system.o
    0x000005a8   0x000005a8   0x00000154   Code   RO         3155    .emb_text           rtx_thread.o
    0x000006fc   0x000006fc   0x00000024   Code   RO         3875    .text               mc_w.l(memcpya.o)
    0x00000720   0x00000720   0x00000024   Code   RO         3877    .text               mc_w.l(memseta.o)
    0x00000744   0x00000744   0x000000e4   Code   RO         4150    .text               mf_w.l(dmul.o)
    0x00000828   0x00000828   0x0000001a   Code   RO         4158    .text               mf_w.l(dfltui.o)
    0x00000842   0x00000842   0x00000032   Code   RO         4160    .text               mf_w.l(dfixui.o)
    0x00000874   0x00000874   0x0000002c   Code   RO         4200    .text               mc_w.l(uidiv.o)
    0x000008a0   0x000008a0   0x0000001e   Code   RO         4202    .text               mc_w.l(llshl.o)
    0x000008be   0x000008be   0x00000020   Code   RO         4204    .text               mc_w.l(llushr.o)
    0x000008de   0x000008de   0x000000ba   Code   RO         4222    .text               mf_w.l(depilogue.o)
    0x00000998   0x00000998   0x00000024   Code   RO         4228    .text               mc_w.l(init.o)
    0x000009bc   0x000009bc   0x0000005e   Code   RO         4238    .text               mc_w.l(__dclz77c.o)
    0x00000a1a   0x00000a1a   0x00000002   Code   RO         1243    i.EvrRtxMemoryBlockAlloc  rtx_evr.o
    0x00000a1c   0x00000a1c   0x00000002   Code   RO         1244    i.EvrRtxMemoryBlockFree  rtx_evr.o
    0x00000a1e   0x00000a1e   0x00000002   Code   RO         1245    i.EvrRtxMemoryBlockInit  rtx_evr.o
    0x00000a20   0x00000a20   0x00000002   Code   RO         1246    i.EvrRtxMemoryFree  rtx_evr.o
    0x00000a22   0x00000a22   0x00000002   Code   RO         1247    i.EvrRtxMemoryInit  rtx_evr.o
    0x00000a24   0x00000a24   0x00000002   Code   RO         1251    i.EvrRtxMemoryPoolAllocTimeout  rtx_evr.o
    0x00000a26   0x00000a26   0x00000002   Code   RO         1266    i.EvrRtxMessageQueueCreated  rtx_evr.o
    0x00000a28   0x00000a28   0x00000002   Code   RO         1269    i.EvrRtxMessageQueueError  rtx_evr.o
    0x00000a2a   0x00000a2a   0x00000002   Code   RO         1270    i.EvrRtxMessageQueueGet  rtx_evr.o
    0x00000a2c   0x00000a2c   0x00000002   Code   RO         1275    i.EvrRtxMessageQueueGetPending  rtx_evr.o
    0x00000a2e   0x00000a2e   0x00000002   Code   RO         1277    i.EvrRtxMessageQueueGetTimeout  rtx_evr.o
    0x00000a30   0x00000a30   0x00000002   Code   RO         1278    i.EvrRtxMessageQueueInsertPending  rtx_evr.o
    0x00000a32   0x00000a32   0x00000002   Code   RO         1279    i.EvrRtxMessageQueueInserted  rtx_evr.o
    0x00000a34   0x00000a34   0x00000002   Code   RO         1280    i.EvrRtxMessageQueueNew  rtx_evr.o
    0x00000a36   0x00000a36   0x00000002   Code   RO         1281    i.EvrRtxMessageQueueNotInserted  rtx_evr.o
    0x00000a38   0x00000a38   0x00000002   Code   RO         1282    i.EvrRtxMessageQueueNotRetrieved  rtx_evr.o
    0x00000a3a   0x00000a3a   0x00000002   Code   RO         1283    i.EvrRtxMessageQueuePut  rtx_evr.o
    0x00000a3c   0x00000a3c   0x00000002   Code   RO         1284    i.EvrRtxMessageQueuePutPending  rtx_evr.o
    0x00000a3e   0x00000a3e   0x00000002   Code   RO         1285    i.EvrRtxMessageQueuePutTimeout  rtx_evr.o
    0x00000a40   0x00000a40   0x00000002   Code   RO         1288    i.EvrRtxMessageQueueRetrieved  rtx_evr.o
    0x00000a42   0x00000a42   0x00000002   Code   RO         1291    i.EvrRtxMutexAcquireTimeout  rtx_evr.o
    0x00000a44   0x00000a44   0x00000002   Code   RO         1292    i.EvrRtxMutexAcquired  rtx_evr.o
    0x00000a46   0x00000a46   0x00000002   Code   RO         1302    i.EvrRtxMutexReleased  rtx_evr.o
    0x00000a48   0x00000a48   0x00000002   Code   RO         1305    i.EvrRtxSemaphoreAcquireTimeout  rtx_evr.o
    0x00000a4a   0x00000a4a   0x00000002   Code   RO         1317    i.EvrRtxThreadBlocked  rtx_evr.o
    0x00000a4c   0x00000a4c   0x00000002   Code   RO         1318    i.EvrRtxThreadCreated  rtx_evr.o
    0x00000a4e   0x00000a4e   0x00000002   Code   RO         1319    i.EvrRtxThreadDelay  rtx_evr.o
    0x00000a50   0x00000a50   0x00000002   Code   RO         1320    i.EvrRtxThreadDelayCompleted  rtx_evr.o
    0x00000a52   0x00000a52   0x00000002   Code   RO         1322    i.EvrRtxThreadDestroyed  rtx_evr.o
    0x00000a54   0x00000a54   0x00000002   Code   RO         1326    i.EvrRtxThreadError  rtx_evr.o
    0x00000a56   0x00000a56   0x00000002   Code   RO         1327    i.EvrRtxThreadExit  rtx_evr.o
    0x00000a58   0x00000a58   0x00000002   Code   RO         1334    i.EvrRtxThreadFlagsWaitCompleted  rtx_evr.o
    0x00000a5a   0x00000a5a   0x00000002   Code   RO         1337    i.EvrRtxThreadFlagsWaitTimeout  rtx_evr.o
    0x00000a5c   0x00000a5c   0x00000002   Code   RO         1347    i.EvrRtxThreadJoined  rtx_evr.o
    0x00000a5e   0x00000a5e   0x00000002   Code   RO         1348    i.EvrRtxThreadNew   rtx_evr.o
    0x00000a60   0x00000a60   0x00000002   Code   RO         1349    i.EvrRtxThreadPreempted  rtx_evr.o
    0x00000a62   0x00000a62   0x00000002   Code   RO         1355    i.EvrRtxThreadSwitched  rtx_evr.o
    0x00000a64   0x00000a64   0x00000002   Code   RO         1357    i.EvrRtxThreadUnblocked  rtx_evr.o
    0x00000a66   0x00000a66   0x00000002   Code   RO         1358    i.EvrRtxThreadYield  rtx_evr.o
    0x00000a68   0x00000a68   0x00000002   Code   RO         1359    i.EvrRtxTimerCallback  rtx_evr.o
    0x00000a6a   0x00000a6a   0x00000006   Code   RO          855    i.Free              uart.o
    0x00000a70   0x00000a70   0x00000024   Code   RO          856    i.FreeRcv           uart.o
    0x00000a94   0x00000a94   0x00000024   Code   RO          857    i.FreeSnd           uart.o
    0x00000ab8   0x00000ab8   0x00000052   Code   RO          285    i.GLCD_Bitmap       glcd_spi_lpc1700.o
    0x00000b0a   0x00000b0a   0x0000002a   Code   RO          286    i.GLCD_Clear        glcd_spi_lpc1700.o
    0x00000b34   0x00000b34   0x000000d4   Code   RO            4    i.GLCD_Display      main.o
    0x00000c08   0x00000c08   0x000005e8   Code   RO          291    i.GLCD_Init         glcd_spi_lpc1700.o
    0x000011f0   0x000011f0   0x0000000c   Code   RO          294    i.GLCD_SetBackColor  glcd_spi_lpc1700.o
    0x000011fc   0x000011fc   0x000000ac   Code   RO          296    i.GLCD_SetWindow    glcd_spi_lpc1700.o
    0x000012a8   0x000012a8   0x00000012   Code   RO          297    i.GLCD_WindowMax    glcd_spi_lpc1700.o
    0x000012ba   0x000012ba   0x00000018   Code   RO          975    i.IsIrqMasked       rtx_delay.o
    0x000012d2   0x000012d2   0x00000018   Code   RO         2225    i.IsIrqMasked       rtx_kernel.o
    0x000012ea   0x000012ea   0x00000018   Code   RO         2689    i.IsIrqMasked       rtx_msgqueue.o
    0x00001302   0x00001302   0x00000018   Code   RO         3156    i.IsIrqMasked       rtx_thread.o
    0x0000131a   0x0000131a   0x00000010   Code   RO          976    i.IsIrqMode         rtx_delay.o
    0x0000132a   0x0000132a   0x00000010   Code   RO         2226    i.IsIrqMode         rtx_kernel.o
    0x0000133a   0x0000133a   0x00000010   Code   RO         2690    i.IsIrqMode         rtx_msgqueue.o
    0x0000134a   0x0000134a   0x00000010   Code   RO         3157    i.IsIrqMode         rtx_thread.o
    0x0000135a   0x0000135a   0x0000000a   Code   RO         2474    i.MemBlockPtr       rtx_memory.o
    0x00001364   0x00001364   0x00000034   Code   RO         2691    i.MessageQueueGet   rtx_msgqueue.o
    0x00001398   0x00001398   0x0000004c   Code   RO         2692    i.MessageQueuePut   rtx_msgqueue.o
    0x000013e4   0x000013e4   0x00000022   Code   RO         2693    i.MessageQueueRemove  rtx_msgqueue.o
    0x00001406   0x00001406   0x00000008   Code   RO         3699    i.OS_Tick_AcknowledgeIRQ  os_systick.o
    0x0000140e   0x0000140e   0x00000002   PAD
    0x00001410   0x00001410   0x00000030   Code   RO         3701    i.OS_Tick_Enable    os_systick.o
    0x00001440   0x00001440   0x00000006   Code   RO         3704    i.OS_Tick_GetIRQn   os_systick.o
    0x00001446   0x00001446   0x00000002   PAD
    0x00001448   0x00001448   0x00000050   Code   RO         3707    i.OS_Tick_Setup     os_systick.o
    0x00001498   0x00001498   0x00000140   Code   RO         3814    i.SystemInit        system_lpc17xx.o
    0x000015d8   0x000015d8   0x00000056   Code   RO         3158    i.ThreadFlagsCheck  rtx_thread.o
    0x0000162e   0x0000162e   0x00000002   PAD
    0x00001630   0x00001630   0x00000040   Code   RO         3575    i.TimerInsert       rtx_timer.o
    0x00001670   0x00001670   0x00000018   Code   RO         3577    i.TimerUnlink       rtx_timer.o
    0x00001688   0x00001688   0x00000068   Code   RO          861    i.UART0_IRQHandler  uart.o
    0x000016f0   0x000016f0   0x00000070   Code   RO          862    i.UART1_IRQHandler  uart.o
    0x00001760   0x00001760   0x000000bc   Code   RO          863    i.UARTInit          uart.o
    0x0000181c   0x0000181c   0x00000024   Code   RO          867    i.UARTSendChar      uart.o
    0x00001840   0x00001840   0x00000020   Code   RO         3926    i.__0printf$1       mc_w.l(printf1.o)
    0x00001860   0x00001860   0x0000001a   Code   RO          868    i.__NVIC_EnableIRQ  uart.o
    0x0000187a   0x0000187a   0x0000000e   Code   RO         4232    i.__scatterload_copy  mc_w.l(handlers.o)
    0x00001888   0x00001888   0x00000002   Code   RO         4233    i.__scatterload_null  mc_w.l(handlers.o)
    0x0000188a   0x0000188a   0x0000000e   Code   RO         4234    i.__scatterload_zeroinit  mc_w.l(handlers.o)
    0x00001898   0x00001898   0x00000154   Code   RO         3933    i._printf_core      mc_w.l(printf1.o)
    0x000019ec   0x000019ec   0x00000048   Code   RO            5    i.bulletMove        main.o
    0x00001a34   0x00001a34   0x0000000e   Code   RO          300    i.delay             glcd_spi_lpc1700.o
    0x00001a42   0x00001a42   0x00000002   PAD
    0x00001a44   0x00001a44   0x000000e8   Code   RO            6    i.displayLED        main.o
    0x00001b2c   0x00001b2c   0x0000000e   Code   RO          677    i.fputc             retarget.o
    0x00001b3a   0x00001b3a   0x00000002   PAD
    0x00001b3c   0x00001b3c   0x00000048   Code   RO          869    i.getFrequency      uart.o
    0x00001b84   0x00001b84   0x00000096   Code   RO         2694    i.isrRtxMessageQueueGet  rtx_msgqueue.o
    0x00001c1a   0x00001c1a   0x0000009e   Code   RO         2695    i.isrRtxMessageQueuePut  rtx_msgqueue.o
    0x00001cb8   0x00001cb8   0x00000034   Code   RO         3100    i.isr_queue_get     rtx_system.o
    0x00001cec   0x00001cec   0x0000003c   Code   RO         3101    i.isr_queue_put     rtx_system.o
    0x00001d28   0x00001d28   0x00000048   Code   RO            7    i.main              main.o
    0x00001d70   0x00001d70   0x0000003c   Code   RO          977    i.osDelay           rtx_delay.o
    0x00001dac   0x00001dac   0x0000002c   Code   RO         2235    i.osKernelGetTickFreq  rtx_kernel.o
    0x00001dd8   0x00001dd8   0x00000034   Code   RO         2236    i.osKernelInitialize  rtx_kernel.o
    0x00001e0c   0x00001e0c   0x00000034   Code   RO         2240    i.osKernelStart     rtx_kernel.o
    0x00001e40   0x00001e40   0x00000054   Code   RO         2697    i.osMessageQueueGet  rtx_msgqueue.o
    0x00001e94   0x00001e94   0x0000004c   Code   RO         2703    i.osMessageQueueNew  rtx_msgqueue.o
    0x00001ee0   0x00001ee0   0x00000054   Code   RO         2704    i.osMessageQueuePut  rtx_msgqueue.o
    0x00001f34   0x00001f34   0x00000020   Code   RO         3773    i.osRtxErrorNotify  rtx_config.o
    0x00001f54   0x00001f54   0x00000004   Code   RO         3774    i.osRtxIdleThread   rtx_config.o
    0x00001f58   0x00001f58   0x0000000c   Code   RO         3162    i.osRtxKernelGetState  rtx_thread.o
    0x00001f64   0x00001f64   0x000000ee   Code   RO         2475    i.osRtxMemoryAlloc  rtx_memory.o
    0x00002052   0x00002052   0x0000007c   Code   RO         2476    i.osRtxMemoryFree   rtx_memory.o
    0x000020ce   0x000020ce   0x0000006a   Code   RO         2477    i.osRtxMemoryInit   rtx_memory.o
    0x00002138   0x00002138   0x0000003a   Code   RO         2535    i.osRtxMemoryPoolAlloc  rtx_mempool.o
    0x00002172   0x00002172   0x0000004e   Code   RO         2536    i.osRtxMemoryPoolFree  rtx_mempool.o
    0x000021c0   0x000021c0   0x00000058   Code   RO         2537    i.osRtxMemoryPoolInit  rtx_mempool.o
    0x00002218   0x00002218   0x00000128   Code   RO         2706    i.osRtxMessageQueuePostProcess  rtx_msgqueue.o
    0x00002340   0x00002340   0x0000005e   Code   RO         2875    i.osRtxMutexOwnerRelease  rtx_mutex.o
    0x0000239e   0x0000239e   0x00000002   PAD
    0x000023a0   0x000023a0   0x00000084   Code   RO         3102    i.osRtxPendSV_Handler  rtx_system.o
    0x00002424   0x00002424   0x0000003c   Code   RO         3103    i.osRtxPostProcess  rtx_system.o
    0x00002460   0x00002460   0x00000040   Code   RO         3163    i.osRtxThreadBlock  rtx_thread.o
    0x000024a0   0x000024a0   0x00000068   Code   RO         3164    i.osRtxThreadDelayInsert  rtx_thread.o
    0x00002508   0x00002508   0x00000074   Code   RO         3165    i.osRtxThreadDelayRemove  rtx_thread.o
    0x0000257c   0x0000257c   0x000000dc   Code   RO         3166    i.osRtxThreadDelayTick  rtx_thread.o
    0x00002658   0x00002658   0x00000070   Code   RO         3167    i.osRtxThreadDispatch  rtx_thread.o
    0x000026c8   0x000026c8   0x00000060   Code   RO         3168    i.osRtxThreadFree   rtx_thread.o
    0x00002728   0x00002728   0x0000000c   Code   RO         3169    i.osRtxThreadGetRunning  rtx_thread.o
    0x00002734   0x00002734   0x0000001c   Code   RO         3170    i.osRtxThreadListGet  rtx_thread.o
    0x00002750   0x00002750   0x00000032   Code   RO         3171    i.osRtxThreadListPut  rtx_thread.o
    0x00002782   0x00002782   0x0000001a   Code   RO         3172    i.osRtxThreadListRemove  rtx_thread.o
    0x0000279c   0x0000279c   0x00000012   Code   RO         3173    i.osRtxThreadListRoot  rtx_thread.o
    0x000027ae   0x000027ae   0x00000040   Code   RO         3176    i.osRtxThreadPostProcess  rtx_thread.o
    0x000027ee   0x000027ee   0x00000002   PAD
    0x000027f0   0x000027f0   0x00000018   Code   RO         3177    i.osRtxThreadReadyPut  rtx_thread.o
    0x00002808   0x00002808   0x0000000e   Code   RO         3178    i.osRtxThreadRegPtr  rtx_thread.o
    0x00002816   0x00002816   0x00000002   PAD
    0x00002818   0x00002818   0x0000000c   Code   RO         3179    i.osRtxThreadSetRunning  rtx_thread.o
    0x00002824   0x00002824   0x0000002c   Code   RO         3180    i.osRtxThreadStackCheck  rtx_thread.o
    0x00002850   0x00002850   0x00000060   Code   RO         3181    i.osRtxThreadStartup  rtx_thread.o
    0x000028b0   0x000028b0   0x0000001c   Code   RO         3182    i.osRtxThreadSwitch  rtx_thread.o
    0x000028cc   0x000028cc   0x00000054   Code   RO         3183    i.osRtxThreadWaitEnter  rtx_thread.o
    0x00002920   0x00002920   0x00000036   Code   RO         3184    i.osRtxThreadWaitExit  rtx_thread.o
    0x00002956   0x00002956   0x00000002   PAD
    0x00002958   0x00002958   0x000000a0   Code   RO         3104    i.osRtxTick_Handler  rtx_system.o
    0x000029f8   0x000029f8   0x00000058   Code   RO         3578    i.osRtxTimerThread  rtx_timer.o
    0x00002a50   0x00002a50   0x0000005c   Code   RO         3579    i.osRtxTimerTick    rtx_timer.o
    0x00002aac   0x00002aac   0x00000020   Code   RO         3187    i.osThreadExit      rtx_thread.o
    0x00002acc   0x00002acc   0x0000004c   Code   RO         3200    i.osThreadNew       rtx_thread.o
    0x00002b18   0x00002b18   0x00000038   Code   RO         3205    i.osThreadYield     rtx_thread.o
    0x00002b50   0x00002b50   0x0000008c   Code   RO          301    i.rd_id_man         glcd_spi_lpc1700.o
    0x00002bdc   0x00002bdc   0x00000048   Code   RO          302    i.rd_reg            glcd_spi_lpc1700.o
    0x00002c24   0x00002c24   0x00000044   Code   RO          679    i.sendchar          retarget.o
    0x00002c68   0x00002c68   0x00000020   Code   RO          303    i.spi_tran          glcd_spi_lpc1700.o
    0x00002c88   0x00002c88   0x00000080   Code   RO          304    i.spi_tran_man      glcd_spi_lpc1700.o
    0x00002d08   0x00002d08   0x00000018   Code   RO          979    i.svcRtxDelay       rtx_delay.o
    0x00002d20   0x00002d20   0x00000014   Code   RO         2248    i.svcRtxKernelGetTickFreq  rtx_kernel.o
    0x00002d34   0x00002d34   0x00000264   Code   RO         2249    i.svcRtxKernelInitialize  rtx_kernel.o
    0x00002f98   0x00002f98   0x000000e8   Code   RO         2253    i.svcRtxKernelStart  rtx_kernel.o
    0x00003080   0x00003080   0x00000158   Code   RO         2708    i.svcRtxMessageQueueGet  rtx_msgqueue.o
    0x000031d8   0x000031d8   0x00000198   Code   RO         2714    i.svcRtxMessageQueueNew  rtx_msgqueue.o
    0x00003370   0x00003370   0x00000140   Code   RO         2715    i.svcRtxMessageQueuePut  rtx_msgqueue.o
    0x000034b0   0x000034b0   0x00000094   Code   RO         3208    i.svcRtxThreadExit  rtx_thread.o
    0x00003544   0x00003544   0x00000274   Code   RO         3221    i.svcRtxThreadNew   rtx_thread.o
    0x000037b8   0x000037b8   0x00000048   Code   RO         3226    i.svcRtxThreadYield  rtx_thread.o
    0x00003800   0x00003800   0x000000cc   Code   RO            8    i.userIO            main.o
    0x000038cc   0x000038cc   0x00000028   Code   RO          305    i.wr_cmd            glcd_spi_lpc1700.o
    0x000038f4   0x000038f4   0x00000028   Code   RO          306    i.wr_dat            glcd_spi_lpc1700.o
    0x0000391c   0x0000391c   0x00000012   Code   RO          307    i.wr_dat_only       glcd_spi_lpc1700.o
    0x0000392e   0x0000392e   0x00000002   PAD
    0x00003930   0x00003930   0x00000014   Code   RO          308    i.wr_dat_start      glcd_spi_lpc1700.o
    0x00003944   0x00003944   0x0000000c   Code   RO          309    i.wr_dat_stop       glcd_spi_lpc1700.o
    0x00003950   0x00003950   0x00000014   Code   RO          310    i.wr_reg            glcd_spi_lpc1700.o
    0x00003964   0x00003964   0x00000064   Data   RO         2442    .constdata          rtx_lib.o
    0x000039c8   0x000039c8   0x0000000b   Data   RO         2256    .conststrlit        rtx_kernel.o
    0x000039d3   0x000039d3   0x00000001   PAD
    0x000039d4   0x000039d4   0x00000068   Data   RO         2444    .rodata             rtx_lib.o
    0x00003a3c   0x00003a3c   0x00000020   Data   RO         4230    Region$$Table       anon$$obj.o


    Execution Region ER_RW (Exec base: 0x10000000, Load base: 0x00003a5c, Size: 0x00002644, Max: 0xffffffff, ABSOLUTE, COMPRESSED[0x000002dc])

    Exec Addr    Load Addr    Size         Type   Attr      Idx    E Section Name        Object

    0x10000000   COMPRESSED   0x00001040   Data   RW         2437    .bss.os             rtx_lib.o
    0x10001040   COMPRESSED   0x00000034   Data   RW         2438    .bss.os.msgqueue.cb  rtx_lib.o
    0x10001074   COMPRESSED   0x00000050   Data   RW         2439    .bss.os.msgqueue.mem  rtx_lib.o
    0x100010c4   COMPRESSED   0x00000088   Data   RW         2440    .bss.os.thread.cb   rtx_lib.o
    0x1000114c   COMPRESSED   0x00000004   PAD
    0x10001150   COMPRESSED   0x00000300   Data   RW         2441    .bss.os.thread.stack  rtx_lib.o
    0x10001450   COMPRESSED   0x00001115   Data   RW           10    .data               main.o
    0x10002565   COMPRESSED   0x00000001   PAD
    0x10002566   COMPRESSED   0x00000005   Data   RW          312    .data               glcd_spi_lpc1700.o
    0x1000256b   COMPRESSED   0x00000001   PAD
    0x1000256c   COMPRESSED   0x0000000c   Data   RW          680    .data               retarget.o
    0x10002578   COMPRESSED   0x00000020   Data   RW          871    .data               uart.o
    0x10002598   COMPRESSED   0x00000001   Data   RW         3708    .data               os_systick.o
    0x10002599   COMPRESSED   0x00000003   PAD
    0x1000259c   COMPRESSED   0x00000004   Data   RW         3815    .data               system_lpc17xx.o
    0x100025a0   COMPRESSED   0x000000a4   Data   RW         2257    .data.os            rtx_kernel.o


    Execution Region ER_ZI (Exec base: 0x10002644, Load base: 0x00003d38, Size: 0x00002094, Max: 0xffffffff, ABSOLUTE)

    Exec Addr    Load Addr    Size         Type   Attr      Idx    E Section Name        Object

    0x10002644        -       0x0000000e   Zero   RW            9    .bss                main.o
    0x10002652        -       0x00000080   Zero   RW          870    .bss                uart.o
    0x100026d2   0x00003d38   0x00000006   PAD
    0x100026d8        -       0x00002000   Zero   RW         3800    STACK               startup_lpc17xx.o


==============================================================================

Image component sizes


      Code (inc. data)   RO Data    RW Data    ZI Data      Debug   Object Name

         0          0          0          0          0      16764   ece_spi.o
      2374         74          0          5          0      11763   glcd_spi_lpc1700.o
       148         10          0          0          0        580   irq_cm3.o
       792        112          0       4373         14      12036   main.o
       142         24          0          1          0       2380   os_systick.o
        82          4          0         12          0       2922   retarget.o
        36          6          0          0          0        941   rtx_config.o
       124          4          0          0          0      16297   rtx_delay.o
        96          0          0          0          0      27351   rtx_evr.o
      1052         44         11        164          0      19708   rtx_kernel.o
         0          0        204       5196          0       8503   rtx_lib.o
       478          0          0          0          0       4099   rtx_memory.o
       564          0          0          0          0       3927   rtx_mempool.o
      2462         34          0          0          0      21772   rtx_msgqueue.o
        94          0          0          0          0       1529   rtx_mutex.o
       804         40          0          0          0       9741   rtx_system.o
      2756        138          0          0          0      27912   rtx_thread.o
       268         28          0          0          0       3259   rtx_timer.o
        40         12        204          0       8192        980   startup_lpc17xx.o
       320         18          0          4          0        795   system_lpc17xx.o
       616         86          0         32        128      32519   uart.o

    ----------------------------------------------------------------------
     13268        634        452       9796       8340     225778   Object Totals
         0          0         32          0          0          0   (incl. Generated)
        20          0          1          9          6          0   (incl. Padding)

    ----------------------------------------------------------------------

      Code (inc. data)   RO Data    RW Data    ZI Data      Debug   Library Member Name

        94          0          0          0          0          0   __dclz77c.o
         0          0          0          0          0          0   entry.o
         0          0          0          0          0          0   entry10a.o
         0          0          0          0          0          0   entry11a.o
         8          4          0          0          0          0   entry2.o
         4          0          0          0          0          0   entry5.o
         0          0          0          0          0          0   entry7b.o
         0          0          0          0          0          0   entry8b.o
         8          4          0          0          0          0   entry9a.o
        30          0          0          0          0          0   handlers.o
        36          8          0          0          0         68   init.o
         0          0          0          0          0          0   iusefp.o
        30          0          0          0          0         68   llshl.o
        32          0          0          0          0         68   llushr.o
        36          0          0          0          0         68   memcpya.o
        36          0          0          0          0        108   memseta.o
       372         14          0          0          0        184   printf1.o
        44          0          0          0          0         80   uidiv.o
       186          0          0          0          0        176   depilogue.o
        50          0          0          0          0         76   dfixui.o
        26          0          0          0          0         76   dfltui.o
       228          0          0          0          0         96   dmul.o

    ----------------------------------------------------------------------
      1220         30          0          0          0       1068   Library Totals
         0          0          0          0          0          0   (incl. Padding)

    ----------------------------------------------------------------------

      Code (inc. data)   RO Data    RW Data    ZI Data      Debug   Library Name

       730         30          0          0          0        644   mc_w.l
       490          0          0          0          0        424   mf_w.l

    ----------------------------------------------------------------------
      1220         30          0          0          0       1068   Library Totals

    ----------------------------------------------------------------------

==============================================================================


      Code (inc. data)   RO Data    RW Data    ZI Data      Debug   

     14488        664        452       9796       8340     218030   Grand Totals
     14488        664        452        732       8340     218030   ELF Image Totals (compressed)
     14488        664        452        732          0          0   ROM Totals

==============================================================================

    Total RO  Size (Code + RO Data)                14940 (  14.59kB)
    Total RW  Size (RW Data + ZI Data)             18136 (  17.71kB)
    Total ROM Size (Code + RO Data + RW Data)      15672 (  15.30kB)

==============================================================================

