Component: ARM Compiler 5.06 update 5 (build 528) Tool: armlink [4d35e2]

==============================================================================

Section Cross References

    main.o(i.GLCD_Display) refers to glcd_spi_lpc1700.o(i.GLCD_Init) for GLCD_Init
    main.o(i.GLCD_Display) refers to glcd_spi_lpc1700.o(i.GLCD_Clear) for GLCD_Clear
    main.o(i.GLCD_Display) refers to glcd_spi_lpc1700.o(i.GLCD_SetBackColor) for GLCD_SetBackColor
    main.o(i.GLCD_Display) refers to glcd_spi_lpc1700.o(i.GLCD_SetTextColor) for GLCD_SetTextColor
    main.o(i.GLCD_Display) refers to printf1.o(i.__0sprintf$1) for __2sprintf
    main.o(i.GLCD_Display) refers to rtx_kernel.o(i.osKernelGetTickFreq) for osKernelGetTickFreq
    main.o(i.GLCD_Display) refers to rtx_delay.o(i.osDelay) for osDelay
    main.o(i.GLCD_Display) refers to glcd_spi_lpc1700.o(i.GLCD_Bitmap) for GLCD_Bitmap
    main.o(i.GLCD_Display) refers to main.o(.data) for user_bm
    main.o(i.main) refers to printf1.o(i.__0printf$1) for __2printf
    main.o(i.main) refers to system_lpc17xx.o(i.SystemInit) for SystemInit
    main.o(i.main) refers to rtx_kernel.o(i.osKernelInitialize) for osKernelInitialize
    main.o(i.main) refers to rtx_thread.o(i.osThreadNew) for osThreadNew
    main.o(i.main) refers to rtx_kernel.o(i.osKernelStart) for osKernelStart
    main.o(i.main) refers to main.o(i.GLCD_Display) for GLCD_Display
    ece_spi.o(i.SPI_readBytes) refers to ece_spi.o(i.SPI_select) for SPI_select
    ece_spi.o(i.SPI_readBytes) refers to ece_spi.o(i.SPI_xfer) for SPI_xfer
    ece_spi.o(i.SPI_readBytes) refers to ece_spi.o(i.SPI_deselect) for SPI_deselect
    ece_spi.o(i.SPI_readRegister) refers to ece_spi.o(i.SPI_select) for SPI_select
    ece_spi.o(i.SPI_readRegister) refers to ece_spi.o(i.SPI_xfer) for SPI_xfer
    ece_spi.o(i.SPI_readRegister) refers to ece_spi.o(i.SPI_deselect) for SPI_deselect
    ece_spi.o(i.SPI_writeRegister) refers to ece_spi.o(i.SPI_select) for SPI_select
    ece_spi.o(i.SPI_writeRegister) refers to ece_spi.o(i.SPI_xfer) for SPI_xfer
    ece_spi.o(i.SPI_writeRegister) refers to ece_spi.o(i.SPI_deselect) for SPI_deselect
    glcd_scroll.o(i.append_char) refers to glcd_scroll.o(i.refresh_lcd) for refresh_lcd
    glcd_scroll.o(i.append_char) refers to glcd_spi_lpc1700.o(i.GLCD_DisplayChar) for GLCD_DisplayChar
    glcd_scroll.o(i.append_char) refers to glcd_scroll.o(i.last_line) for last_line
    glcd_scroll.o(i.append_char) refers to glcd_scroll.o(.data) for last_col_cahche
    glcd_scroll.o(i.append_char) refers to glcd_scroll.o(.bss) for chache
    glcd_scroll.o(i.init_scroll) refers to glcd_spi_lpc1700.o(i.GLCD_Init) for GLCD_Init
    glcd_scroll.o(i.init_scroll) refers to glcd_spi_lpc1700.o(i.GLCD_Clear) for GLCD_Clear
    glcd_scroll.o(i.init_scroll) refers to glcd_spi_lpc1700.o(i.GLCD_SetBackColor) for GLCD_SetBackColor
    glcd_scroll.o(i.init_scroll) refers to glcd_spi_lpc1700.o(i.GLCD_SetTextColor) for GLCD_SetTextColor
    glcd_scroll.o(i.init_scroll) refers to glcd_scroll.o(.data) for cache_start
    glcd_scroll.o(i.joyStickBusyWaitingMonitor) refers to glcd_scroll.o(i.moveUp) for moveUp
    glcd_scroll.o(i.joyStickBusyWaitingMonitor) refers to glcd_scroll.o(i.moveDown) for moveDown
    glcd_scroll.o(i.joyStickBusyWaitingMonitor) refers to glcd_scroll.o(i.moveFirst) for moveFirst
    glcd_scroll.o(i.joyStickBusyWaitingMonitor) refers to glcd_scroll.o(i.moveLast) for moveLast
    glcd_scroll.o(i.last_line) refers to glcd_scroll.o(.data) for cache_start
    glcd_scroll.o(i.last_window_line) refers to glcd_scroll.o(.data) for window_start
    glcd_scroll.o(i.moveDown) refers to glcd_scroll.o(i.last_line) for last_line
    glcd_scroll.o(i.moveDown) refers to glcd_scroll.o(i.last_window_line) for last_window_line
    glcd_scroll.o(i.moveDown) refers to glcd_scroll.o(i.refresh_lcd) for refresh_lcd
    glcd_scroll.o(i.moveDown) refers to glcd_scroll.o(.data) for window_start
    glcd_scroll.o(i.moveFirst) refers to glcd_scroll.o(i.refresh_lcd) for refresh_lcd
    glcd_scroll.o(i.moveFirst) refers to glcd_scroll.o(.data) for window_start
    glcd_scroll.o(i.moveLast) refers to glcd_scroll.o(i.last_line) for last_line
    glcd_scroll.o(i.moveLast) refers to glcd_scroll.o(i.last_window_line) for last_window_line
    glcd_scroll.o(i.moveLast) refers to glcd_scroll.o(i.refresh_lcd) for refresh_lcd
    glcd_scroll.o(i.moveLast) refers to glcd_scroll.o(.data) for cache_size
    glcd_scroll.o(i.moveUp) refers to glcd_scroll.o(i.refresh_lcd) for refresh_lcd
    glcd_scroll.o(i.moveUp) refers to glcd_scroll.o(.data) for window_start
    glcd_scroll.o(i.print_string) refers to glcd_scroll.o(i.print_text) for print_text
    glcd_scroll.o(i.print_text) refers to glcd_scroll.o(i.append_char) for append_char
    glcd_scroll.o(i.refresh_lcd) refers to glcd_spi_lpc1700.o(i.GLCD_Clear) for GLCD_Clear
    glcd_scroll.o(i.refresh_lcd) refers to glcd_spi_lpc1700.o(i.GLCD_DisplayString) for GLCD_DisplayString
[...]
    C:\\Software\\Keil_v5\\ARM\\PACK\\ARM\\CMSIS\\5.3.0\\CMSIS\\RTOS2\\RTX\\Source\\rtx_evr.c 0x00000000   Number         0  rtx_evr.o ABSOLUTE
    C:\\Software\\Keil_v5\\ARM\\PACK\\ARM\\CMSIS\\5.3.0\\CMSIS\\RTOS2\\RTX\\Source\\rtx_kernel.c 0x00000000   Number         0  rtx_kernel.o ABSOLUTE
    C:\\Software\\Keil_v5\\ARM\\PACK\\ARM\\CMSIS\\5.3.0\\CMSIS\\RTOS2\\RTX\\Source\\rtx_lib.c 0x00000000   Number         0  rtx_lib.o ABSOLUTE
    C:\\Software\\Keil_v5\\ARM\\PACK\\ARM\\CMSIS\\5.3.0\\CMSIS\\RTOS2\\RTX\\Source\\rtx_memory.c 0x00000000   Number         0  rtx_memory.o ABSOLUTE
    C:\\Software\\Keil_v5\\ARM\\PACK\\ARM\\CMSIS\\5.3.0\\CMSIS\\RTOS2\\RTX\\Source\\rtx_mempool.c 0x00000000   Number         0  rtx_mempool.o ABSOLUTE
    C:\\Software\\Keil_v5\\ARM\\PACK\\ARM\\CMSIS\\5.3.0\\CMSIS\\RTOS2\\RTX\\Source\\rtx_msgqueue.c 0x00000000   Number         0  rtx_msgqueue.o ABSOLUTE
    C:\\Software\\Keil_v5\\ARM\\PACK\\ARM\\CMSIS\\5.3.0\\CMSIS\\RTOS2\\RTX\\Source\\rtx_mutex.c 0x00000000   Number         0  rtx_mutex.o ABSOLUTE
    C:\\Software\\Keil_v5\\ARM\\PACK\\ARM\\CMSIS\\5.3.0\\CMSIS\\RTOS2\\RTX\\Source\\rtx_semaphore.c 0x00000000   Number         0  rtx_semaphore.o ABSOLUTE
    C:\\Software\\Keil_v5\\ARM\\PACK\\ARM\\CMSIS\\5.3.0\\CMSIS\\RTOS2\\RTX\\Source\\rtx_system.c 0x00000000   Number         0  rtx_system.o ABSOLUTE
    C:\\Software\\Keil_v5\\ARM\\PACK\\ARM\\CMSIS\\5.3.0\\CMSIS\\RTOS2\\RTX\\Source\\rtx_thread.c 0x00000000   Number         0  rtx_thread.o ABSOLUTE
    C:\\Software\\Keil_v5\\ARM\\PACK\\ARM\\CMSIS\\5.3.0\\CMSIS\\RTOS2\\RTX\\Source\\rtx_timer.c 0x00000000   Number         0  rtx_timer.o ABSOLUTE
    C:\\Software\\Keil_v5\\ARM\\PACK\\ARM\\CMSIS\\5.3.0\\CMSIS\\RTOS2\\Source\\os_systick.c 0x00000000   Number         0  os_systick.o ABSOLUTE
    Dependencies\GLCD_SPI_LPC1700.c          0x00000000   Number         0  glcd_spi_lpc1700.o ABSOLUTE
    Dependencies\GLCD_Scroll.c               0x00000000   Number         0  glcd_scroll.o ABSOLUTE
    Dependencies\MPU9250.c                   0x00000000   Number         0  mpu9250.o ABSOLUTE
    Dependencies\Retarget.c                  0x00000000   Number         0  retarget.o ABSOLUTE
    Dependencies\\GLCD_SPI_LPC1700.c         0x00000000   Number         0  glcd_spi_lpc1700.o ABSOLUTE
    Dependencies\\GLCD_Scroll.c              0x00000000   Number         0  glcd_scroll.o ABSOLUTE
    Dependencies\\ece_spi.c                  0x00000000   Number         0  ece_spi.o ABSOLUTE
    Dependencies\\led.c                      0x00000000   Number         0  led.o ABSOLUTE
    Dependencies\\timer.c                    0x00000000   Number         0  timer.o ABSOLUTE
    Dependencies\\uart.c                     0x00000000   Number         0  uart.o ABSOLUTE
    Dependencies\ece_spi.c                   0x00000000   Number         0  ece_spi.o ABSOLUTE
    Dependencies\led.c                       0x00000000   Number         0  led.o ABSOLUTE
    Dependencies\lfsr113.c                   0x00000000   Number         0  lfsr113.o ABSOLUTE
    Dependencies\random.c                    0x00000000   Number         0  random.o ABSOLUTE
    Dependencies\sensor_fusion.c             0x00000000   Number         0  sensor_fusion.o ABSOLUTE
    Dependencies\timer.c                     0x00000000   Number         0  timer.o ABSOLUTE
    Dependencies\uart.c                      0x00000000   Number         0  uart.o ABSOLUTE
    RTE\CMSIS\RTX_Config.c                   0x00000000   Number         0  rtx_config.o ABSOLUTE
    RTE\Device\LPC1768\startup_LPC17xx.s     0x00000000   Number         0  startup_lpc17xx.o ABSOLUTE
    RTE\Device\LPC1768\system_LPC17xx.c      0x00000000   Number         0  system_lpc17xx.o ABSOLUTE
    RTE\\CMSIS\\RTX_Config.c                 0x00000000   Number         0  rtx_config.o ABSOLUTE
    RTE\\Device\\LPC1768\\system_LPC17xx.c   0x00000000   Number         0  system_lpc17xx.o ABSOLUTE
    cdrcmple.s                               0x00000000   Number         0  cdrcmple.o ABSOLUTE
    cfcmple.s                                0x00000000   Number         0  cfcmple.o ABSOLUTE
    cfrcmple.s                               0x00000000   Number         0  cfrcmple.o ABSOLUTE
    dc.s                                     0x00000000   Number         0  dc.o ABSOLUTE
    handlers.s                               0x00000000   Number         0  handlers.o ABSOLUTE
    init.s                                   0x00000000   Number         0  init.o ABSOLUTE
    main.c                                   0x00000000   Number         0  main.o ABSOLUTE
    main.c                                   0x00000000   Number         0  main.o ABSOLUTE
    .ARM.Collect$$$$00000000                 0x000000cc   Section        0  entry.o(.ARM.Collect$$$$00000000)
    .ARM.Collect$$$$00000001                 0x000000cc   Section        4  entry2.o(.ARM.Collect$$$$00000001)
    .ARM.Collect$$$$00000004                 0x000000d0   Section        4  entry5.o(.ARM.Collect$$$$00000004)
    .ARM.Collect$$$$00000008                 0x000000d4   Section        0  entry7b.o(.ARM.Collect$$$$00000008)
    .ARM.Collect$$$$0000000A                 0x000000d4   Section        0  entry8b.o(.ARM.Collect$$$$0000000A)
    .ARM.Collect$$$$0000000B                 0x000000d4   Section        8  entry9a.o(.ARM.Collect$$$$0000000B)
    .ARM.Collect$$$$0000000D                 0x000000dc   Section        0  entry10a.o(.ARM.Collect$$$$0000000D)
    .ARM.Collect$$$$0000000F                 0x000000dc   Section        0  entry11a.o(.ARM.Collect$$$$0000000F)
    .ARM.Collect$$$$00002712                 0x000000dc   Section        4  entry2.o(.ARM.Collect$$$$00002712)
    __lit__00000000                          0x000000dc   Data           4  entry2.o(.ARM.Collect$$$$00002712)
    .emb_text                                0x000000e0   Section      340  rtx_mempool.o(.emb_text)
    .text                                    0x00000234   Section      148  irq_cm3.o(.text)
    .text                                    0x000002c8   Section       36  startup_lpc17xx.o(.text)
    i.EvrRtxEventFlagsWaitTimeout            0x000002ec   Section        0  rtx_evr.o(i.EvrRtxEventFlagsWaitTimeout)
    i.EvrRtxKernelError                      0x000002ee   Section        0  rtx_evr.o(i.EvrRtxKernelError)
    i.EvrRtxKernelGetTickFreq                0x000002f0   Section        0  rtx_evr.o(i.EvrRtxKernelGetTickFreq)
    i.EvrRtxKernelInitialize                 0x000002f2   Section        0  rtx_evr.o(i.EvrRtxKernelInitialize)
    i.EvrRtxKernelInitializeCompleted        0x000002f4   Section        0  rtx_evr.o(i.EvrRtxKernelInitializeCompleted)
    i.EvrRtxKernelStart                      0x000002f6   Section        0  rtx_evr.o(i.EvrRtxKernelStart)
    i.EvrRtxKernelStarted                    0x000002f8   Section        0  rtx_evr.o(i.EvrRtxKernelStarted)
    i.EvrRtxMemoryAlloc                      0x000002fa   Section        0  rtx_evr.o(i.EvrRtxMemoryAlloc)
    .ARM.__at_0x02FC                         0x000002fc   Section        4  startup_lpc17xx.o(.ARM.__at_0x02FC)
    .emb_text                                0x00000300   Section      340  rtx_msgqueue.o(.emb_text)
    .emb_text                                0x00000454   Section      340  rtx_system.o(.emb_text)
    .emb_text                                0x000005a8   Section      340  rtx_thread.o(.emb_text)
    .text                                    0x000006fc   Section        0  memcpya.o(.text)
    .text                                    0x00000720   Section        0  memseta.o(.text)
    .text                                    0x00000744   Section        0  uidiv.o(.text)
    .text                                    0x00000770   Section       36  init.o(.text)
    .text                                    0x00000794   Section        0  __dclz77c.o(.text)
    i.EvrRtxMemoryBlockAlloc                 0x000007f2   Section        0  rtx_evr.o(i.EvrRtxMemoryBlockAlloc)
    i.EvrRtxMemoryBlockFree                  0x000007f4   Section        0  rtx_evr.o(i.EvrRtxMemoryBlockFree)
    i.EvrRtxMemoryBlockInit                  0x000007f6   Section        0  rtx_evr.o(i.EvrRtxMemoryBlockInit)
    i.EvrRtxMemoryFree                       0x000007f8   Section        0  rtx_evr.o(i.EvrRtxMemoryFree)
    i.EvrRtxMemoryInit                       0x000007fa   Section        0  rtx_evr.o(i.EvrRtxMemoryInit)
    i.EvrRtxMemoryPoolAllocTimeout           0x000007fc   Section        0  rtx_evr.o(i.EvrRtxMemoryPoolAllocTimeout)
    i.EvrRtxMessageQueueCreated              0x000007fe   Section        0  rtx_evr.o(i.EvrRtxMessageQueueCreated)
    i.EvrRtxMessageQueueError                0x00000800   Section        0  rtx_evr.o(i.EvrRtxMessageQueueError)
    i.EvrRtxMessageQueueGet                  0x00000802   Section        0  rtx_evr.o(i.EvrRtxMessageQueueGet)
    i.EvrRtxMessageQueueGetPending           0x00000804   Section        0  rtx_evr.o(i.EvrRtxMessageQueueGetPending)
    i.EvrRtxMessageQueueGetTimeout           0x00000806   Section        0  rtx_evr.o(i.EvrRtxMessageQueueGetTimeout)
    i.EvrRtxMessageQueueInsertPending        0x00000808   Section        0  rtx_evr.o(i.EvrRtxMessageQueueInsertPending)
    i.EvrRtxMessageQueueInserted             0x0000080a   Section        0  rtx_evr.o(i.EvrRtxMessageQueueInserted)
    i.EvrRtxMessageQueueNew                  0x0000080c   Section        0  rtx_evr.o(i.EvrRtxMessageQueueNew)
    i.EvrRtxMessageQueueNotInserted          0x0000080e   Section        0  rtx_evr.o(i.EvrRtxMessageQueueNotInserted)
    i.EvrRtxMessageQueueNotRetrieved         0x00000810   Section        0  rtx_evr.o(i.EvrRtxMessageQueueNotRetrieved)
    i.EvrRtxMessageQueuePut                  0x00000812   Section        0  rtx_evr.o(i.EvrRtxMessageQueuePut)
    i.EvrRtxMessageQueuePutPending           0x00000814   Section        0  rtx_evr.o(i.EvrRtxMessageQueuePutPending)
    i.EvrRtxMessageQueuePutTimeout           0x00000816   Section        0  rtx_evr.o(i.EvrRtxMessageQueuePutTimeout)
    i.EvrRtxMessageQueueRetrieved            0x00000818   Section        0  rtx_evr.o(i.EvrRtxMessageQueueRetrieved)
    i.EvrRtxMutexAcquireTimeout              0x0000081a   Section        0  rtx_evr.o(i.EvrRtxMutexAcquireTimeout)
    i.EvrRtxMutexAcquired                    0x0000081c   Section        0  rtx_evr.o(i.EvrRtxMutexAcquired)
    i.EvrRtxMutexReleased                    0x0000081e   Section        0  rtx_evr.o(i.EvrRtxMutexReleased)
    i.EvrRtxSemaphoreAcquireTimeout          0x00000820   Section        0  rtx_evr.o(i.EvrRtxSemaphoreAcquireTimeout)
    i.EvrRtxThreadBlocked                    0x00000822   Section        0  rtx_evr.o(i.EvrRtxThreadBlocked)
    i.EvrRtxThreadCreated                    0x00000824   Section        0  rtx_evr.o(i.EvrRtxThreadCreated)
    i.EvrRtxThreadDelay                      0x00000826   Section        0  rtx_evr.o(i.EvrRtxThreadDelay)
    i.EvrRtxThreadDelayCompleted             0x00000828   Section        0  rtx_evr.o(i.EvrRtxThreadDelayCompleted)
    i.EvrRtxThreadDestroyed                  0x0000082a   Section        0  rtx_evr.o(i.EvrRtxThreadDestroyed)
    i.EvrRtxThreadError                      0x0000082c   Section        0  rtx_evr.o(i.EvrRtxThreadError)
    i.EvrRtxThreadExit                       0x0000082e   Section        0  rtx_evr.o(i.EvrRtxThreadExit)
    i.EvrRtxThreadFlagsWaitCompleted         0x00000830   Section        0  rtx_evr.o(i.EvrRtxThreadFlagsWaitCompleted)
    i.EvrRtxThreadFlagsWaitTimeout           0x00000832   Section        0  rtx_evr.o(i.EvrRtxThreadFlagsWaitTimeout)
    i.EvrRtxThreadJoined                     0x00000834   Section        0  rtx_evr.o(i.EvrRtxThreadJoined)
    i.EvrRtxThreadNew                        0x00000836   Section        0  rtx_evr.o(i.EvrRtxThreadNew)
    i.EvrRtxThreadPreempted                  0x00000838   Section        0  rtx_evr.o(i.EvrRtxThreadPreempted)
    i.EvrRtxThreadSwitched                   0x0000083a   Section        0  rtx_evr.o(i.EvrRtxThreadSwitched)
    i.EvrRtxThreadUnblocked                  0x0000083c   Section        0  rtx_evr.o(i.EvrRtxThreadUnblocked)
    i.EvrRtxTimerCallback                    0x0000083e   Section        0  rtx_evr.o(i.EvrRtxTimerCallback)
    i.Free                                   0x00000840   Section        0  uart.o(i.Free)
    i.FreeRcv                                0x00000848   Section        0  uart.o(i.FreeRcv)
    i.FreeSnd                                0x0000086c   Section        0  uart.o(i.FreeSnd)
    i.GLCD_Bitmap                            0x00000890   Section        0  glcd_spi_lpc1700.o(i.GLCD_Bitmap)
    i.GLCD_Clear                             0x000008e2   Section        0  glcd_spi_lpc1700.o(i.GLCD_Clear)
    i.GLCD_Display                           0x0000090c   Section        0  main.o(i.GLCD_Display)
    i.GLCD_Init                              0x0000099c   Section        0  glcd_spi_lpc1700.o(i.GLCD_Init)
    i.GLCD_SetBackColor                      0x00000f84   Section        0  glcd_spi_lpc1700.o(i.GLCD_SetBackColor)
    i.GLCD_SetTextColor                      0x00000f90   Section        0  glcd_spi_lpc1700.o(i.GLCD_SetTextColor)
    i.GLCD_SetWindow                         0x00000f9c   Section        0  glcd_spi_lpc1700.o(i.GLCD_SetWindow)
    i.GLCD_WindowMax                         0x00001048   Section        0  glcd_spi_lpc1700.o(i.GLCD_WindowMax)
    i.IsIrqMasked                            0x0000105a   Section        0  rtx_delay.o(i.IsIrqMasked)
    IsIrqMasked                              0x0000105b   Thumb Code    24  rtx_delay.o(i.IsIrqMasked)
    i.IsIrqMasked                            0x00001072   Section        0  rtx_kernel.o(i.IsIrqMasked)
    IsIrqMasked                              0x00001073   Thumb Code    24  rtx_kernel.o(i.IsIrqMasked)
    i.IsIrqMasked                            0x0000108a   Section        0  rtx_msgqueue.o(i.IsIrqMasked)
    IsIrqMasked                              0x0000108b   Thumb Code    24  rtx_msgqueue.o(i.IsIrqMasked)
    i.IsIrqMasked                            0x000010a2   Section        0  rtx_thread.o(i.IsIrqMasked)
    IsIrqMasked                              0x000010a3   Thumb Code    24  rtx_thread.o(i.IsIrqMasked)
    i.IsIrqMode                              0x000010ba   Section        0  rtx_delay.o(i.IsIrqMode)
    IsIrqMode                                0x000010bb   Thumb Code    16  rtx_delay.o(i.IsIrqMode)
    i.IsIrqMode                              0x000010ca   Section        0  rtx_kernel.o(i.IsIrqMode)
    IsIrqMode                                0x000010cb   Thumb Code    16  rtx_kernel.o(i.IsIrqMode)
    i.IsIrqMode                              0x000010da   Section        0  rtx_msgqueue.o(i.IsIrqMode)
    IsIrqMode                                0x000010db   Thumb Code    16  rtx_msgqueue.o(i.IsIrqMode)
    i.IsIrqMode                              0x000010ea   Section        0  rtx_thread.o(i.IsIrqMode)
    IsIrqMode                                0x000010eb   Thumb Code    16  rtx_thread.o(i.IsIrqMode)
    i.MemBlockPtr                            0x000010fa   Section        0  rtx_memory.o(i.MemBlockPtr)
    MemBlockPtr                              0x000010fb   Thumb Code    10  rtx_memory.o(i.MemBlockPtr)
    i.MessageQueueGet                        0x00001104   Section        0  rtx_msgqueue.o(i.MessageQueueGet)
    MessageQueueGet                          0x00001105   Thumb Code    52  rtx_msgqueue.o(i.MessageQueueGet)
    i.MessageQueuePut                        0x00001138   Section        0  rtx_msgqueue.o(i.MessageQueuePut)
    MessageQueuePut                          0x00001139   Thumb Code    76  rtx_msgqueue.o(i.MessageQueuePut)
    i.MessageQueueRemove                     0x00001184   Section        0  rtx_msgqueue.o(i.MessageQueueRemove)
    MessageQueueRemove                       0x00001185   Thumb Code    34  rtx_msgqueue.o(i.MessageQueueRemove)
    i.OS_Tick_AcknowledgeIRQ                 0x000011a6   Section        0  os_systick.o(i.OS_Tick_AcknowledgeIRQ)
    i.OS_Tick_Enable                         0x000011b0   Section        0  os_systick.o(i.OS_Tick_Enable)
    i.OS_Tick_GetIRQn                        0x000011e0   Section        0  os_systick.o(i.OS_Tick_GetIRQn)
    i.OS_Tick_Setup                          0x000011e8   Section        0  os_systick.o(i.OS_Tick_Setup)
    i.SystemInit                             0x00001238   Section        0  system_lpc17xx.o(i.SystemInit)
    i.ThreadFlagsCheck                       0x00001378   Section        0  rtx_thread.o(i.ThreadFlagsCheck)
    ThreadFlagsCheck                         0x00001379   Thumb Code    86  rtx_thread.o(i.ThreadFlagsCheck)
    i.TimerInsert                            0x000013d0   Section        0  rtx_timer.o(i.TimerInsert)
    TimerInsert                              0x000013d1   Thumb Code    58  rtx_timer.o(i.TimerInsert)
    i.TimerUnlink                            0x00001410   Section        0  rtx_timer.o(i.TimerUnlink)
    TimerUnlink                              0x00001411   Thumb Code    18  rtx_timer.o(i.TimerUnlink)
    i.UART0_IRQHandler                       0x00001428   Section        0  uart.o(i.UART0_IRQHandler)
    i.UART1_IRQHandler                       0x00001490   Section        0  uart.o(i.UART1_IRQHandler)
    i.UARTInit                               0x00001500   Section        0  uart.o(i.UARTInit)
    i.UARTSendChar                           0x000015bc   Section        0  uart.o(i.UARTSendChar)
    i.__0printf$1                            0x000015e0   Section        0  printf1.o(i.__0printf$1)
    i.__0sprintf$1                           0x00001600   Section        0  printf1.o(i.__0sprintf$1)
    i.__NVIC_EnableIRQ                       0x00001628   Section        0  uart.o(i.__NVIC_EnableIRQ)
    __NVIC_EnableIRQ                         0x00001629   Thumb Code    26  uart.o(i.__NVIC_EnableIRQ)
    i.__scatterload_copy                     0x00001642   Section       14  handlers.o(i.__scatterload_copy)
    i.__scatterload_null                     0x00001650   Section        2  handlers.o(i.__scatterload_null)
    i.__scatterload_zeroinit                 0x00001652   Section       14  handlers.o(i.__scatterload_zeroinit)
    i._printf_core                           0x00001660   Section        0  printf1.o(i._printf_core)
    _printf_core                             0x00001661   Thumb Code   336  printf1.o(i._printf_core)
    i._sputc                                 0x000017b4   Section        0  printf1.o(i._sputc)
    _sputc                                   0x000017b5   Thumb Code    10  printf1.o(i._sputc)
    i.delay                                  0x000017be   Section        0  glcd_spi_lpc1700.o(i.delay)
    delay                                    0x000017bf   Thumb Code    14  glcd_spi_lpc1700.o(i.delay)
    i.fputc                                  0x000017cc   Section        0  retarget.o(i.fputc)
    i.getFrequency                           0x000017dc   Section        0  uart.o(i.getFrequency)
    i.isrRtxMessageQueueGet                  0x00001824   Section        0  rtx_msgqueue.o(i.isrRtxMessageQueueGet)
    isrRtxMessageQueueGet                    0x00001825   Thumb Code   150  rtx_msgqueue.o(i.isrRtxMessageQueueGet)
    i.isrRtxMessageQueuePut                  0x000018ba   Section        0  rtx_msgqueue.o(i.isrRtxMessageQueuePut)
    isrRtxMessageQueuePut                    0x000018bb   Thumb Code   158  rtx_msgqueue.o(i.isrRtxMessageQueuePut)
    i.isr_queue_get                          0x00001958   Section        0  rtx_system.o(i.isr_queue_get)
    isr_queue_get                            0x00001959   Thumb Code    46  rtx_system.o(i.isr_queue_get)
    i.isr_queue_put                          0x0000198c   Section        0  rtx_system.o(i.isr_queue_put)
    isr_queue_put                            0x0000198d   Thumb Code    56  rtx_system.o(i.isr_queue_put)
    i.main                                   0x000019c8   Section        0  main.o(i.main)
    i.osDelay                                0x000019f4   Section        0  rtx_delay.o(i.osDelay)
    i.osKernelGetTickFreq                    0x00001a30   Section        0  rtx_kernel.o(i.osKernelGetTickFreq)
    i.osKernelInitialize                     0x00001a5c   Section        0  rtx_kernel.o(i.osKernelInitialize)
    i.osKernelStart                          0x00001a90   Section        0  rtx_kernel.o(i.osKernelStart)
    i.osMessageQueueGet                      0x00001ac4   Section        0  rtx_msgqueue.o(i.osMessageQueueGet)
    i.osMessageQueueNew                      0x00001b18   Section        0  rtx_msgqueue.o(i.osMessageQueueNew)
    i.osMessageQueuePut                      0x00001b64   Section        0  rtx_msgqueue.o(i.osMessageQueuePut)
    i.osRtxErrorNotify                       0x00001bb8   Section        0  rtx_config.o(i.osRtxErrorNotify)
    i.osRtxIdleThread                        0x00001bd8   Section        0  rtx_config.o(i.osRtxIdleThread)
    i.osRtxKernelGetState                    0x00001bdc   Section        0  rtx_thread.o(i.osRtxKernelGetState)
    osRtxKernelGetState                      0x00001bdd   Thumb Code     6  rtx_thread.o(i.osRtxKernelGetState)
    i.osRtxMemoryAlloc                       0x00001be8   Section        0  rtx_memory.o(i.osRtxMemoryAlloc)
    i.osRtxMemoryFree                        0x00001cd6   Section        0  rtx_memory.o(i.osRtxMemoryFree)
    i.osRtxMemoryInit                        0x00001d52   Section        0  rtx_memory.o(i.osRtxMemoryInit)
    i.osRtxMemoryPoolAlloc                   0x00001dbc   Section        0  rtx_mempool.o(i.osRtxMemoryPoolAlloc)
    i.osRtxMemoryPoolFree                    0x00001df6   Section        0  rtx_mempool.o(i.osRtxMemoryPoolFree)
    i.osRtxMemoryPoolInit                    0x00001e44   Section        0  rtx_mempool.o(i.osRtxMemoryPoolInit)
    i.osRtxMessageQueuePostProcess           0x00001e9c   Section        0  rtx_msgqueue.o(i.osRtxMessageQueuePostProcess)
    osRtxMessageQueuePostProcess             0x00001e9d   Thumb Code   296  rtx_msgqueue.o(i.osRtxMessageQueuePostProcess)
    i.osRtxMutexOwnerRelease                 0x00001fc4   Section        0  rtx_mutex.o(i.osRtxMutexOwnerRelease)
    i.osRtxPendSV_Handler                    0x00002024   Section        0  rtx_system.o(i.osRtxPendSV_Handler)
    i.osRtxPostProcess                       0x000020a8   Section        0  rtx_system.o(i.osRtxPostProcess)
    i.osRtxThreadBlock                       0x000020e4   Section        0  rtx_thread.o(i.osRtxThreadBlock)
    osRtxThreadBlock                         0x000020e5   Thumb Code    58  rtx_thread.o(i.osRtxThreadBlock)
    i.osRtxThreadDelayInsert                 0x00002124   Section        0  rtx_thread.o(i.osRtxThreadDelayInsert)
    osRtxThreadDelayInsert                   0x00002125   Thumb Code    98  rtx_thread.o(i.osRtxThreadDelayInsert)
    i.osRtxThreadDelayRemove                 0x0000218c   Section        0  rtx_thread.o(i.osRtxThreadDelayRemove)
    osRtxThreadDelayRemove                   0x0000218d   Thumb Code   110  rtx_thread.o(i.osRtxThreadDelayRemove)
    i.osRtxThreadDelayTick                   0x00002200   Section        0  rtx_thread.o(i.osRtxThreadDelayTick)
    i.osRtxThreadDispatch                    0x000022dc   Section        0  rtx_thread.o(i.osRtxThreadDispatch)
    i.osRtxThreadFree                        0x0000234c   Section        0  rtx_thread.o(i.osRtxThreadFree)
    osRtxThreadFree                          0x0000234d   Thumb Code    92  rtx_thread.o(i.osRtxThreadFree)
    i.osRtxThreadGetRunning                  0x000023ac   Section        0  rtx_thread.o(i.osRtxThreadGetRunning)
    osRtxThreadGetRunning                    0x000023ad   Thumb Code     6  rtx_thread.o(i.osRtxThreadGetRunning)
    i.osRtxThreadListGet                     0x000023b8   Section        0  rtx_thread.o(i.osRtxThreadListGet)
    i.osRtxThreadListPut                     0x000023d4   Section        0  rtx_thread.o(i.osRtxThreadListPut)
    i.osRtxThreadListRemove                  0x00002406   Section        0  rtx_thread.o(i.osRtxThreadListRemove)
    i.osRtxThreadListRoot                    0x00002420   Section        0  rtx_thread.o(i.osRtxThreadListRoot)
    osRtxThreadListRoot                      0x00002421   Thumb Code    18  rtx_thread.o(i.osRtxThreadListRoot)
    i.osRtxThreadPostProcess                 0x00002432   Section        0  rtx_thread.o(i.osRtxThreadPostProcess)
    osRtxThreadPostProcess                   0x00002433   Thumb Code    64  rtx_thread.o(i.osRtxThreadPostProcess)
    i.osRtxThreadReadyPut                    0x00002474   Section        0  rtx_thread.o(i.osRtxThreadReadyPut)
    i.osRtxThreadRegPtr                      0x0000248c   Section        0  rtx_thread.o(i.osRtxThreadRegPtr)
    i.osRtxThreadSetRunning                  0x0000249c   Section        0  rtx_thread.o(i.osRtxThreadSetRunning)
    osRtxThreadSetRunning                    0x0000249d   Thumb Code     6  rtx_thread.o(i.osRtxThreadSetRunning)
    i.osRtxThreadStackCheck                  0x000024a8   Section        0  rtx_thread.o(i.osRtxThreadStackCheck)
    i.osRtxThreadStartup                     0x000024d4   Section        0  rtx_thread.o(i.osRtxThreadStartup)
    i.osRtxThreadSwitch                      0x00002534   Section        0  rtx_thread.o(i.osRtxThreadSwitch)
    i.osRtxThreadWaitEnter                   0x00002550   Section        0  rtx_thread.o(i.osRtxThreadWaitEnter)
    i.osRtxThreadWaitExit                    0x000025a4   Section        0  rtx_thread.o(i.osRtxThreadWaitExit)
    i.osRtxTick_Handler                      0x000025dc   Section        0  rtx_system.o(i.osRtxTick_Handler)
    i.osRtxTimerThread                       0x0000267c   Section        0  rtx_timer.o(i.osRtxTimerThread)
    i.osRtxTimerTick                         0x000026d4   Section        0  rtx_timer.o(i.osRtxTimerTick)
    osRtxTimerTick                           0x000026d5   Thumb Code    88  rtx_timer.o(i.osRtxTimerTick)
    i.osThreadExit                           0x00002730   Section        0  rtx_thread.o(i.osThreadExit)
    i.osThreadNew                            0x00002750   Section        0  rtx_thread.o(i.osThreadNew)
    i.rd_id_man                              0x0000279c   Section        0  glcd_spi_lpc1700.o(i.rd_id_man)
    rd_id_man                                0x0000279d   Thumb Code   132  glcd_spi_lpc1700.o(i.rd_id_man)
    i.rd_reg                                 0x00002828   Section        0  glcd_spi_lpc1700.o(i.rd_reg)
    rd_reg                                   0x00002829   Thumb Code    66  glcd_spi_lpc1700.o(i.rd_reg)
    i.sendchar                               0x00002870   Section        0  retarget.o(i.sendchar)
    i.spi_tran                               0x000028b4   Section        0  glcd_spi_lpc1700.o(i.spi_tran)
    spi_tran                                 0x000028b5   Thumb Code    28  glcd_spi_lpc1700.o(i.spi_tran)
    i.spi_tran_man                           0x000028d4   Section        0  glcd_spi_lpc1700.o(i.spi_tran_man)
    spi_tran_man                             0x000028d5   Thumb Code   124  glcd_spi_lpc1700.o(i.spi_tran_man)
    i.svcRtxDelay                            0x00002954   Section        0  rtx_delay.o(i.svcRtxDelay)
    svcRtxDelay                              0x00002955   Thumb Code    24  rtx_delay.o(i.svcRtxDelay)
    i.svcRtxKernelGetTickFreq                0x0000296c   Section        0  rtx_kernel.o(i.svcRtxKernelGetTickFreq)
    svcRtxKernelGetTickFreq                  0x0000296d   Thumb Code    16  rtx_kernel.o(i.svcRtxKernelGetTickFreq)
    i.svcRtxKernelInitialize                 0x00002980   Section        0  rtx_kernel.o(i.svcRtxKernelInitialize)
    svcRtxKernelInitialize                   0x00002981   Thumb Code   602  rtx_kernel.o(i.svcRtxKernelInitialize)
    i.svcRtxKernelStart                      0x00002be4   Section        0  rtx_kernel.o(i.svcRtxKernelStart)
    svcRtxKernelStart                        0x00002be5   Thumb Code   216  rtx_kernel.o(i.svcRtxKernelStart)
    i.svcRtxMessageQueueGet                  0x00002ccc   Section        0  rtx_msgqueue.o(i.svcRtxMessageQueueGet)
    svcRtxMessageQueueGet                    0x00002ccd   Thumb Code   340  rtx_msgqueue.o(i.svcRtxMessageQueueGet)
    i.svcRtxMessageQueueNew                  0x00002e24   Section        0  rtx_msgqueue.o(i.svcRtxMessageQueueNew)
    svcRtxMessageQueueNew                    0x00002e25   Thumb Code   400  rtx_msgqueue.o(i.svcRtxMessageQueueNew)
    i.svcRtxMessageQueuePut                  0x00002fbc   Section        0  rtx_msgqueue.o(i.svcRtxMessageQueuePut)
    svcRtxMessageQueuePut                    0x00002fbd   Thumb Code   316  rtx_msgqueue.o(i.svcRtxMessageQueuePut)
    i.svcRtxThreadExit                       0x000030fc   Section        0  rtx_thread.o(i.svcRtxThreadExit)
    svcRtxThreadExit                         0x000030fd   Thumb Code   142  rtx_thread.o(i.svcRtxThreadExit)
    i.svcRtxThreadNew                        0x00003190   Section        0  rtx_thread.o(i.svcRtxThreadNew)
    svcRtxThreadNew                          0x00003191   Thumb Code   608  rtx_thread.o(i.svcRtxThreadNew)
    i.wr_cmd                                 0x00003404   Section        0  glcd_spi_lpc1700.o(i.wr_cmd)
    wr_cmd                                   0x00003405   Thumb Code    36  glcd_spi_lpc1700.o(i.wr_cmd)
    i.wr_dat                                 0x0000342c   Section        0  glcd_spi_lpc1700.o(i.wr_dat)
    wr_dat                                   0x0000342d   Thumb Code    36  glcd_spi_lpc1700.o(i.wr_dat)
    i.wr_dat_only                            0x00003454   Section        0  glcd_spi_lpc1700.o(i.wr_dat_only)
    wr_dat_only                              0x00003455   Thumb Code    18  glcd_spi_lpc1700.o(i.wr_dat_only)
    i.wr_dat_start                           0x00003468   Section        0  glcd_spi_lpc1700.o(i.wr_dat_start)
    wr_dat_start                             0x00003469   Thumb Code    16  glcd_spi_lpc1700.o(i.wr_dat_start)
    i.wr_dat_stop                            0x0000347c   Section        0  glcd_spi_lpc1700.o(i.wr_dat_stop)
    wr_dat_stop                              0x0000347d   Thumb Code     8  glcd_spi_lpc1700.o(i.wr_dat_stop)
    i.wr_reg                                 0x00003488   Section        0  glcd_spi_lpc1700.o(i.wr_reg)
    wr_reg                                   0x00003489   Thumb Code    20  glcd_spi_lpc1700.o(i.wr_reg)
    .constdata                               0x0000349c   Section      100  rtx_lib.o(.constdata)
    os_idle_thread_attr                      0x0000349c   Data          36  rtx_lib.o(.constdata)
    os_timer_thread_attr                     0x000034c0   Data          36  rtx_lib.o(.constdata)
    os_timer_mq_attr                         0x000034e4   Data          24  rtx_lib.o(.constdata)
    .conststrlit                             0x00003500   Section       11  rtx_kernel.o(.conststrlit)
    .rodata                                  0x0000350c   Section      104  rtx_lib.o(.rodata)
    __tagsym$$used                           0x0000350c   Number         0  rtx_lib.o(.rodata)
    .bss.os                                  0x10000000   Section     4160  rtx_lib.o(.bss.os)
    os_mem                                   0x10000000   Data        4096  rtx_lib.o(.bss.os)
    os_isr_queue                             0x10001000   Data          64  rtx_lib.o(.bss.os)
    .bss.os.msgqueue.cb                      0x10001040   Section       52  rtx_lib.o(.bss.os.msgqueue.cb)
    os_timer_mq_cb                           0x10001040   Data          52  rtx_lib.o(.bss.os.msgqueue.cb)
    .bss.os.msgqueue.mem                     0x10001074   Section       80  rtx_lib.o(.bss.os.msgqueue.mem)
    os_timer_mq_data                         0x10001074   Data          80  rtx_lib.o(.bss.os.msgqueue.mem)
    .bss.os.thread.cb                        0x100010c4   Section      136  rtx_lib.o(.bss.os.thread.cb)
    os_idle_thread_cb                        0x100010c4   Data          68  rtx_lib.o(.bss.os.thread.cb)
    os_timer_thread_cb                       0x10001108   Data          68  rtx_lib.o(.bss.os.thread.cb)
    .bss.os.thread.stack                     0x10001150   Section      768  rtx_lib.o(.bss.os.thread.stack)
    os_idle_thread_stack                     0x10001150   Data         512  rtx_lib.o(.bss.os.thread.stack)
    os_timer_thread_stack                    0x10001350   Data         256  rtx_lib.o(.bss.os.thread.stack)
    .data                                    0x10001450   Section     4368  main.o(.data)
    .data                                    0x10002560   Section        5  glcd_spi_lpc1700.o(.data)
    Color                                    0x10002560   Data           4  glcd_spi_lpc1700.o(.data)
    Himax                                    0x10002564   Data           1  glcd_spi_lpc1700.o(.data)
    .data                                    0x10002568   Section       12  retarget.o(.data)
    .data                                    0x10002574   Section       32  uart.o(.data)
    .data                                    0x10002594   Section        1  os_systick.o(.data)
    PendST                                   0x10002594   Data           1  os_systick.o(.data)
    .data                                    0x10002598   Section        4  system_lpc17xx.o(.data)
    .data.os                                 0x1000259c   Section      164  rtx_kernel.o(.data.os)
    .bss                                     0x10002640   Section      128  uart.o(.bss)
    STACK                                    0x100026c0   Section     8192  startup_lpc17xx.o(STACK)

    Global Symbols

    Symbol Name                              Value     Ov Type        Size  Object(Section)

    BuildAttributes$$THM_ISAv4$P$D$K$B$S$PE$A:L22UL41UL21$X:L11$S22US41US21$IEEE1$IW$USESV6$~STKCKD$USESV7$~SHL$OTIME$ROPI$IEEEX$EBA8$MICROLIB$REQ8$PRES8$EABIv2 0x00000000   Number         0  anon$$obj.o ABSOLUTE
    __ARM_use_no_argv                        0x00000000   Number         0  main.o ABSOLUTE
    __Vectors                                0x00000000   Data           4  startup_lpc17xx.o(RESET)
    _printf_a                                0x00000000   Number         0  stubs.o ABSOLUTE
    _printf_c                                0x00000000   Number         0  stubs.o ABSOLUTE
    _printf_charcount                        0x00000000   Number         0  stubs.o ABSOLUTE
    _printf_d                                0x00000000   Number         0  stubs.o ABSOLUTE
    _printf_e                                0x00000000   Number         0  stubs.o ABSOLUTE
    _printf_f                                0x00000000   Number         0  stubs.o ABSOLUTE
    _printf_flags                            0x00000000   Number         0  stubs.o ABSOLUTE
    _printf_fp_dec                           0x00000000   Number         0  stubs.o ABSOLUTE
    _printf_fp_hex                           0x00000000   Number         0  stubs.o ABSOLUTE
    _printf_g                                0x00000000   Number         0  stubs.o ABSOLUTE
    _printf_i                                0x00000000   Number         0  stubs.o ABSOLUTE
    _printf_int_dec                          0x00000000   Number         0  stubs.o ABSOLUTE
    _printf_l                                0x00000000   Number         0  stubs.o ABSOLUTE
    _printf_lc                               0x00000000   Number         0  stubs.o ABSOLUTE
    _printf_ll                               0x00000000   Number         0  stubs.o ABSOLUTE
    _printf_lld                              0x00000000   Number         0  stubs.o ABSOLUTE
    _printf_lli                              0x00000000   Number         0  stubs.o ABSOLUTE
    _printf_llo                              0x00000000   Number         0  stubs.o ABSOLUTE
    _printf_llu                              0x00000000   Number         0  stubs.o ABSOLUTE
    _printf_llx                              0x00000000   Number         0  stubs.o ABSOLUTE
    _printf_longlong_dec                     0x00000000   Number         0  stubs.o ABSOLUTE
    _printf_longlong_hex                     0x00000000   Number         0  stubs.o ABSOLUTE
    _printf_longlong_oct                     0x00000000   Number         0  stubs.o ABSOLUTE
    _printf_ls                               0x00000000   Number         0  stubs.o ABSOLUTE
    _printf_mbtowc                           0x00000000   Number         0  stubs.o ABSOLUTE
    _printf_n                                0x00000000   Number         0  stubs.o ABSOLUTE
    _printf_o                                0x00000000   Number         0  stubs.o ABSOLUTE
    _printf_p                                0x00000000   Number         0  stubs.o ABSOLUTE
    _printf_percent                          0x00000000   Number         0  stubs.o ABSOLUTE
    _printf_pre_padding                      0x00000000   Number         0  stubs.o ABSOLUTE
    _printf_return_value                     0x00000000   Number         0  stubs.o ABSOLUTE
    _printf_s                                0x00000000   Number         0  stubs.o ABSOLUTE
    _printf_sizespec                         0x00000000   Number         0  stubs.o ABSOLUTE
    _printf_str                              0x00000000   Number         0  stubs.o ABSOLUTE
    _printf_truncate_signed                  0x00000000   Number         0  stubs.o ABSOLUTE
    _printf_truncate_unsigned                0x00000000   Number         0  stubs.o ABSOLUTE
    _printf_u                                0x00000000   Number         0  stubs.o ABSOLUTE
    _printf_wc                               0x00000000   Number         0  stubs.o ABSOLUTE
    _printf_wctomb                           0x00000000   Number         0  stubs.o ABSOLUTE
    _printf_widthprec                        0x00000000   Number         0  stubs.o ABSOLUTE
    _printf_x                                0x00000000   Number         0  stubs.o ABSOLUTE
    .bss.os.evflags.cb$$Base                  - Undefined Weak Reference
    .bss.os.evflags.cb$$Limit                 - Undefined Weak Reference
    .bss.os.mempool.cb$$Base                  - Undefined Weak Reference
    .bss.os.mempool.cb$$Limit                 - Undefined Weak Reference
    .bss.os.mutex.cb$$Base                    - Undefined Weak Reference
    .bss.os.mutex.cb$$Limit                   - Undefined Weak Reference
    .bss.os.semaphore.cb$$Base                - Undefined Weak Reference
    .bss.os.semaphore.cb$$Limit               - Undefined Weak Reference
    .bss.os.timer.cb$$Base                    - Undefined Weak Reference
    .bss.os.timer.cb$$Limit                   - Undefined Weak Reference
    __cpp_initialize__aeabi_                  - Undefined Weak Reference
    __cxa_finalize                            - Undefined Weak Reference
    _clock_init                               - Undefined Weak Reference
    _microlib_exit                            - Undefined Weak Reference
    __main                                   0x000000cd   Thumb Code     0  entry.o(.ARM.Collect$$$$00000000)
    _main_stk                                0x000000cd   Thumb Code     0  entry2.o(.ARM.Collect$$$$00000001)
    _main_scatterload                        0x000000d1   Thumb Code     0  entry5.o(.ARM.Collect$$$$00000004)
    __main_after_scatterload                 0x000000d5   Thumb Code     0  entry5.o(.ARM.Collect$$$$00000004)
    _main_clock                              0x000000d5   Thumb Code     0  entry7b.o(.ARM.Collect$$$$00000008)
    _main_cpp_init                           0x000000d5   Thumb Code     0  entry8b.o(.ARM.Collect$$$$0000000A)
    _main_init                               0x000000d5   Thumb Code     0  entry9a.o(.ARM.Collect$$$$0000000B)
    __rt_final_cpp                           0x000000dd   Thumb Code     0  entry10a.o(.ARM.Collect$$$$0000000D)
    __rt_final_exit                          0x000000dd   Thumb Code     0  entry11a.o(.ARM.Collect$$$$0000000F)
    __asm___13_rtx_mempool_c_7914b4c7__atomic_wr8 0x000000e1   Thumb Code    16  rtx_mempool.o(.emb_text)
    __asm___13_rtx_mempool_c_7914b4c7__atomic_set32 0x000000f1   Thumb Code    20  rtx_mempool.o(.emb_text)
    __asm___13_rtx_mempool_c_7914b4c7__atomic_clr32 0x00000105   Thumb Code    22  rtx_mempool.o(.emb_text)
    __asm___13_rtx_mempool_c_7914b4c7__atomic_chk32_all 0x0000011b   Thumb Code    38  rtx_mempool.o(.emb_text)
    __asm___13_rtx_mempool_c_7914b4c7__atomic_chk32_any 0x00000141   Thumb Code    34  rtx_mempool.o(.emb_text)
    __asm___13_rtx_mempool_c_7914b4c7__atomic_inc32 0x00000163   Thumb Code    18  rtx_mempool.o(.emb_text)
    __asm___13_rtx_mempool_c_7914b4c7__atomic_inc32_lt 0x00000175   Thumb Code    30  rtx_mempool.o(.emb_text)
    __asm___13_rtx_mempool_c_7914b4c7__atomic_inc16_lt 0x00000193   Thumb Code    30  rtx_mempool.o(.emb_text)
    __asm___13_rtx_mempool_c_7914b4c7__atomic_inc16_lim 0x000001b1   Thumb Code    26  rtx_mempool.o(.emb_text)
    __asm___13_rtx_mempool_c_7914b4c7__atomic_dec32_nz 0x000001cb   Thumb Code    26  rtx_mempool.o(.emb_text)
    __asm___13_rtx_mempool_c_7914b4c7__atomic_dec16_nz 0x000001e5   Thumb Code    26  rtx_mempool.o(.emb_text)
    __asm___13_rtx_mempool_c_7914b4c7__atomic_link_get 0x000001ff   Thumb Code    26  rtx_mempool.o(.emb_text)
    __asm___13_rtx_mempool_c_7914b4c7__atomic_link_put 0x00000219   Thumb Code    28  rtx_mempool.o(.emb_text)
    SVC_Handler                              0x00000235   Thumb Code   108  irq_cm3.o(.text)
    PendSV_Handler                           0x000002a1   Thumb Code    16  irq_cm3.o(.text)
    SysTick_Handler                          0x000002b1   Thumb Code    16  irq_cm3.o(.text)
    Reset_Handler                            0x000002c9   Thumb Code     8  startup_lpc17xx.o(.text)
    NMI_Handler                              0x000002d1   Thumb Code     2  startup_lpc17xx.o(.text)
    HardFault_Handler                        0x000002d3   Thumb Code     2  startup_lpc17xx.o(.text)
    MemManage_Handler                        0x000002d5   Thumb Code     2  startup_lpc17xx.o(.text)
    BusFault_Handler                         0x000002d7   Thumb Code     2  startup_lpc17xx.o(.text)
    UsageFault_Handler                       0x000002d9   Thumb Code     2  startup_lpc17xx.o(.text)
    DebugMon_Handler                         0x000002dd   Thumb Code     2  startup_lpc17xx.o(.text)
    ADC_IRQHandler                           0x000002e3   Thumb Code     0  startup_lpc17xx.o(.text)
    BOD_IRQHandler                           0x000002e3   Thumb Code     0  startup_lpc17xx.o(.text)
    CANActivity_IRQHandler                   0x000002e3   Thumb Code     0  startup_lpc17xx.o(.text)
    CAN_IRQHandler                           0x000002e3   Thumb Code     0  startup_lpc17xx.o(.text)
    DMA_IRQHandler                           0x000002e3   Thumb Code     0  startup_lpc17xx.o(.text)
    EINT0_IRQHandler                         0x000002e3   Thumb Code     0  startup_lpc17xx.o(.text)
    EINT1_IRQHandler                         0x000002e3   Thumb Code     0  startup_lpc17xx.o(.text)
    EINT2_IRQHandler                         0x000002e3   Thumb Code     0  startup_lpc17xx.o(.text)
    EINT3_IRQHandler                         0x000002e3   Thumb Code     0  startup_lpc17xx.o(.text)
    ENET_IRQHandler                          0x000002e3   Thumb Code     0  startup_lpc17xx.o(.text)
    I2C0_IRQHandler                          0x000002e3   Thumb Code     0  startup_lpc17xx.o(.text)
    I2C1_IRQHandler                          0x000002e3   Thumb Code     0  startup_lpc17xx.o(.text)
    I2C2_IRQHandler                          0x000002e3   Thumb Code     0  startup_lpc17xx.o(.text)
    I2S_IRQHandler                           0x000002e3   Thumb Code     0  startup_lpc17xx.o(.text)
    MCPWM_IRQHandler                         0x000002e3   Thumb Code     0  startup_lpc17xx.o(.text)
    PLL0_IRQHandler                          0x000002e3   Thumb Code     0  startup_lpc17xx.o(.text)
    PLL1_IRQHandler                          0x000002e3   Thumb Code     0  startup_lpc17xx.o(.text)
    PWM1_IRQHandler                          0x000002e3   Thumb Code     0  startup_lpc17xx.o(.text)
    QEI_IRQHandler                           0x000002e3   Thumb Code     0  startup_lpc17xx.o(.text)
    RIT_IRQHandler                           0x000002e3   Thumb Code     0  startup_lpc17xx.o(.text)
    RTC_IRQHandler                           0x000002e3   Thumb Code     0  startup_lpc17xx.o(.text)
    SPI_IRQHandler                           0x000002e3   Thumb Code     0  startup_lpc17xx.o(.text)
    SSP0_IRQHandler                          0x000002e3   Thumb Code     0  startup_lpc17xx.o(.text)
    SSP1_IRQHandler                          0x000002e3   Thumb Code     0  startup_lpc17xx.o(.text)
    TIMER0_IRQHandler                        0x000002e3   Thumb Code     0  startup_lpc17xx.o(.text)
    TIMER1_IRQHandler                        0x000002e3   Thumb Code     0  startup_lpc17xx.o(.text)
    TIMER2_IRQHandler                        0x000002e3   Thumb Code     0  startup_lpc17xx.o(.text)
    TIMER3_IRQHandler                        0x000002e3   Thumb Code     0  startup_lpc17xx.o(.text)
    UART2_IRQHandler                         0x000002e3   Thumb Code     0  startup_lpc17xx.o(.text)
    UART3_IRQHandler                         0x000002e3   Thumb Code     0  startup_lpc17xx.o(.text)
    USBActivity_IRQHandler                   0x000002e3   Thumb Code     0  startup_lpc17xx.o(.text)
    USB_IRQHandler                           0x000002e3   Thumb Code     0  startup_lpc17xx.o(.text)
    WDT_IRQHandler                           0x000002e3   Thumb Code     0  startup_lpc17xx.o(.text)
    EvrRtxEventFlagsWaitTimeout              0x000002ed   Thumb Code     2  rtx_evr.o(i.EvrRtxEventFlagsWaitTimeout)
    EvrRtxKernelError                        0x000002ef   Thumb Code     2  rtx_evr.o(i.EvrRtxKernelError)
    EvrRtxKernelGetTickFreq                  0x000002f1   Thumb Code     2  rtx_evr.o(i.EvrRtxKernelGetTickFreq)
    EvrRtxKernelInitialize                   0x000002f3   Thumb Code     2  rtx_evr.o(i.EvrRtxKernelInitialize)
    EvrRtxKernelInitializeCompleted          0x000002f5   Thumb Code     2  rtx_evr.o(i.EvrRtxKernelInitializeCompleted)
    EvrRtxKernelStart                        0x000002f7   Thumb Code     2  rtx_evr.o(i.EvrRtxKernelStart)
    EvrRtxKernelStarted                      0x000002f9   Thumb Code     2  rtx_evr.o(i.EvrRtxKernelStarted)
    EvrRtxMemoryAlloc                        0x000002fb   Thumb Code     2  rtx_evr.o(i.EvrRtxMemoryAlloc)
    __asm___14_rtx_msgqueue_c_ba128ae8__atomic_wr8 0x00000301   Thumb Code    16  rtx_msgqueue.o(.emb_text)
    __asm___14_rtx_msgqueue_c_ba128ae8__atomic_set32 0x00000311   Thumb Code    20  rtx_msgqueue.o(.emb_text)
    __asm___14_rtx_msgqueue_c_ba128ae8__atomic_clr32 0x00000325   Thumb Code    22  rtx_msgqueue.o(.emb_text)
    __asm___14_rtx_msgqueue_c_ba128ae8__atomic_chk32_all 0x0000033b   Thumb Code    38  rtx_msgqueue.o(.emb_text)
    __asm___14_rtx_msgqueue_c_ba128ae8__atomic_chk32_any 0x00000361   Thumb Code    34  rtx_msgqueue.o(.emb_text)
    __asm___14_rtx_msgqueue_c_ba128ae8__atomic_inc32 0x00000383   Thumb Code    18  rtx_msgqueue.o(.emb_text)
    __asm___14_rtx_msgqueue_c_ba128ae8__atomic_inc32_lt 0x00000395   Thumb Code    30  rtx_msgqueue.o(.emb_text)
    __asm___14_rtx_msgqueue_c_ba128ae8__atomic_inc16_lt 0x000003b3   Thumb Code    30  rtx_msgqueue.o(.emb_text)
    __asm___14_rtx_msgqueue_c_ba128ae8__atomic_inc16_lim 0x000003d1   Thumb Code    26  rtx_msgqueue.o(.emb_text)
    __asm___14_rtx_msgqueue_c_ba128ae8__atomic_dec32_nz 0x000003eb   Thumb Code    26  rtx_msgqueue.o(.emb_text)
    __asm___14_rtx_msgqueue_c_ba128ae8__atomic_dec16_nz 0x00000405   Thumb Code    26  rtx_msgqueue.o(.emb_text)
    __asm___14_rtx_msgqueue_c_ba128ae8__atomic_link_get 0x0000041f   Thumb Code    26  rtx_msgqueue.o(.emb_text)
    __asm___14_rtx_msgqueue_c_ba128ae8__atomic_link_put 0x00000439   Thumb Code    28  rtx_msgqueue.o(.emb_text)
    __asm___12_rtx_system_c_024f2f18__atomic_wr8 0x00000455   Thumb Code    16  rtx_system.o(.emb_text)
    __asm___12_rtx_system_c_024f2f18__atomic_set32 0x00000465   Thumb Code    20  rtx_system.o(.emb_text)
    __asm___12_rtx_system_c_024f2f18__atomic_clr32 0x00000479   Thumb Code    22  rtx_system.o(.emb_text)
    __asm___12_rtx_system_c_024f2f18__atomic_chk32_all 0x0000048f   Thumb Code    38  rtx_system.o(.emb_text)
    __asm___12_rtx_system_c_024f2f18__atomic_chk32_any 0x000004b5   Thumb Code    34  rtx_system.o(.emb_text)
    __asm___12_rtx_system_c_024f2f18__atomic_inc32 0x000004d7   Thumb Code    18  rtx_system.o(.emb_text)
    __asm___12_rtx_system_c_024f2f18__atomic_inc32_lt 0x000004e9   Thumb Code    30  rtx_system.o(.emb_text)
    __asm___12_rtx_system_c_024f2f18__atomic_inc16_lt 0x00000507   Thumb Code    30  rtx_system.o(.emb_text)
    __asm___12_rtx_system_c_024f2f18__atomic_inc16_lim 0x00000525   Thumb Code    26  rtx_system.o(.emb_text)
    __asm___12_rtx_system_c_024f2f18__atomic_dec32_nz 0x0000053f   Thumb Code    26  rtx_system.o(.emb_text)
    __asm___12_rtx_system_c_024f2f18__atomic_dec16_nz 0x00000559   Thumb Code    26  rtx_system.o(.emb_text)
    __asm___12_rtx_system_c_024f2f18__atomic_link_get 0x00000573   Thumb Code    26  rtx_system.o(.emb_text)
    __asm___12_rtx_system_c_024f2f18__atomic_link_put 0x0000058d   Thumb Code    28  rtx_system.o(.emb_text)
    __asm___12_rtx_thread_c_add96be5__atomic_wr8 0x000005a9   Thumb Code    16  rtx_thread.o(.emb_text)
    __asm___12_rtx_thread_c_add96be5__atomic_set32 0x000005b9   Thumb Code    20  rtx_thread.o(.emb_text)
    __asm___12_rtx_thread_c_add96be5__atomic_clr32 0x000005cd   Thumb Code    22  rtx_thread.o(.emb_text)
    __asm___12_rtx_thread_c_add96be5__atomic_chk32_all 0x000005e3   Thumb Code    38  rtx_thread.o(.emb_text)
    __asm___12_rtx_thread_c_add96be5__atomic_chk32_any 0x00000609   Thumb Code    34  rtx_thread.o(.emb_text)
    __asm___12_rtx_thread_c_add96be5__atomic_inc32 0x0000062b   Thumb Code    18  rtx_thread.o(.emb_text)
    __asm___12_rtx_thread_c_add96be5__atomic_inc32_lt 0x0000063d   Thumb Code    30  rtx_thread.o(.emb_text)
    __asm___12_rtx_thread_c_add96be5__atomic_inc16_lt 0x0000065b   Thumb Code    30  rtx_thread.o(.emb_text)
    __asm___12_rtx_thread_c_add96be5__atomic_inc16_lim 0x00000679   Thumb Code    26  rtx_thread.o(.emb_text)
    __asm___12_rtx_thread_c_add96be5__atomic_dec32_nz 0x00000693   Thumb Code    26  rtx_thread.o(.emb_text)
    __asm___12_rtx_thread_c_add96be5__atomic_dec16_nz 0x000006ad   Thumb Code    26  rtx_thread.o(.emb_text)
    __asm___12_rtx_thread_c_add96be5__atomic_link_get 0x000006c7   Thumb Code    26  rtx_thread.o(.emb_text)
    __asm___12_rtx_thread_c_add96be5__atomic_link_put 0x000006e1   Thumb Code    28  rtx_thread.o(.emb_text)
    __aeabi_memcpy                           0x000006fd   Thumb Code    36  memcpya.o(.text)
    __aeabi_memcpy4                          0x000006fd   Thumb Code     0  memcpya.o(.text)
    __aeabi_memcpy8                          0x000006fd   Thumb Code     0  memcpya.o(.text)
    __aeabi_memset                           0x00000721   Thumb Code    14  memseta.o(.text)
    __aeabi_memset4                          0x00000721   Thumb Code     0  memseta.o(.text)
    __aeabi_memset8                          0x00000721   Thumb Code     0  memseta.o(.text)
    __aeabi_memclr                           0x0000072f   Thumb Code     4  memseta.o(.text)
    __aeabi_memclr4                          0x0000072f   Thumb Code     0  memseta.o(.text)
    __aeabi_memclr8                          0x0000072f   Thumb Code     0  memseta.o(.text)
    _memset$wrapper                          0x00000733   Thumb Code    18  memseta.o(.text)
    __aeabi_uidiv                            0x00000745   Thumb Code     0  uidiv.o(.text)
    __aeabi_uidivmod                         0x00000745   Thumb Code    44  uidiv.o(.text)
    __scatterload                            0x00000771   Thumb Code    28  init.o(.text)
    __scatterload_rt2                        0x00000771   Thumb Code     0  init.o(.text)
    __decompress                             0x00000795   Thumb Code     0  __dclz77c.o(.text)
    __decompress2                            0x00000795   Thumb Code    94  __dclz77c.o(.text)
    EvrRtxMemoryBlockAlloc                   0x000007f3   Thumb Code     2  rtx_evr.o(i.EvrRtxMemoryBlockAlloc)
    EvrRtxMemoryBlockFree                    0x000007f5   Thumb Code     2  rtx_evr.o(i.EvrRtxMemoryBlockFree)
    EvrRtxMemoryBlockInit                    0x000007f7   Thumb Code     2  rtx_evr.o(i.EvrRtxMemoryBlockInit)
    EvrRtxMemoryFree                         0x000007f9   Thumb Code     2  rtx_evr.o(i.EvrRtxMemoryFree)
    EvrRtxMemoryInit                         0x000007fb   Thumb Code     2  rtx_evr.o(i.EvrRtxMemoryInit)
    EvrRtxMemoryPoolAllocTimeout             0x000007fd   Thumb Code     2  rtx_evr.o(i.EvrRtxMemoryPoolAllocTimeout)
    EvrRtxMessageQueueCreated                0x000007ff   Thumb Code     2  rtx_evr.o(i.EvrRtxMessageQueueCreated)
    EvrRtxMessageQueueError                  0x00000801   Thumb Code     2  rtx_evr.o(i.EvrRtxMessageQueueError)
    EvrRtxMessageQueueGet                    0x00000803   Thumb Code     2  rtx_evr.o(i.EvrRtxMessageQueueGet)
    EvrRtxMessageQueueGetPending             0x00000805   Thumb Code     2  rtx_evr.o(i.EvrRtxMessageQueueGetPending)
    EvrRtxMessageQueueGetTimeout             0x00000807   Thumb Code     2  rtx_evr.o(i.EvrRtxMessageQueueGetTimeout)
    EvrRtxMessageQueueInsertPending          0x00000809   Thumb Code     2  rtx_evr.o(i.EvrRtxMessageQueueInsertPending)
    EvrRtxMessageQueueInserted               0x0000080b   Thumb Code     2  rtx_evr.o(i.EvrRtxMessageQueueInserted)
    EvrRtxMessageQueueNew                    0x0000080d   Thumb Code     2  rtx_evr.o(i.EvrRtxMessageQueueNew)
    EvrRtxMessageQueueNotInserted            0x0000080f   Thumb Code     2  rtx_evr.o(i.EvrRtxMessageQueueNotInserted)
    EvrRtxMessageQueueNotRetrieved           0x00000811   Thumb Code     2  rtx_evr.o(i.EvrRtxMessageQueueNotRetrieved)
    EvrRtxMessageQueuePut                    0x00000813   Thumb Code     2  rtx_evr.o(i.EvrRtxMessageQueuePut)
    EvrRtxMessageQueuePutPending             0x00000815   Thumb Code     2  rtx_evr.o(i.EvrRtxMessageQueuePutPending)
    EvrRtxMessageQueuePutTimeout             0x00000817   Thumb Code     2  rtx_evr.o(i.EvrRtxMessageQueuePutTimeout)
    EvrRtxMessageQueueRetrieved              0x00000819   Thumb Code     2  rtx_evr.o(i.EvrRtxMessageQueueRetrieved)
    EvrRtxMutexAcquireTimeout                0x0000081b   Thumb Code     2  rtx_evr.o(i.EvrRtxMutexAcquireTimeout)
    EvrRtxMutexAcquired                      0x0000081d   Thumb Code     2  rtx_evr.o(i.EvrRtxMutexAcquired)
    EvrRtxMutexReleased                      0x0000081f   Thumb Code     2  rtx_evr.o(i.EvrRtxMutexReleased)
    EvrRtxSemaphoreAcquireTimeout            0x00000821   Thumb Code     2  rtx_evr.o(i.EvrRtxSemaphoreAcquireTimeout)
    EvrRtxThreadBlocked                      0x00000823   Thumb Code     2  rtx_evr.o(i.EvrRtxThreadBlocked)
    EvrRtxThreadCreated                      0x00000825   Thumb Code     2  rtx_evr.o(i.EvrRtxThreadCreated)
    EvrRtxThreadDelay                        0x00000827   Thumb Code     2  rtx_evr.o(i.EvrRtxThreadDelay)
    EvrRtxThreadDelayCompleted               0x00000829   Thumb Code     2  rtx_evr.o(i.EvrRtxThreadDelayCompleted)
    EvrRtxThreadDestroyed                    0x0000082b   Thumb Code     2  rtx_evr.o(i.EvrRtxThreadDestroyed)
    EvrRtxThreadError                        0x0000082d   Thumb Code     2  rtx_evr.o(i.EvrRtxThreadError)
    EvrRtxThreadExit                         0x0000082f   Thumb Code     2  rtx_evr.o(i.EvrRtxThreadExit)
    EvrRtxThreadFlagsWaitCompleted           0x00000831   Thumb Code     2  rtx_evr.o(i.EvrRtxThreadFlagsWaitCompleted)
    EvrRtxThreadFlagsWaitTimeout             0x00000833   Thumb Code     2  rtx_evr.o(i.EvrRtxThreadFlagsWaitTimeout)
    EvrRtxThreadJoined                       0x00000835   Thumb Code     2  rtx_evr.o(i.EvrRtxThreadJoined)
    EvrRtxThreadNew                          0x00000837   Thumb Code     2  rtx_evr.o(i.EvrRtxThreadNew)
    EvrRtxThreadPreempted                    0x00000839   Thumb Code     2  rtx_evr.o(i.EvrRtxThreadPreempted)
    EvrRtxThreadSwitched                     0x0000083b   Thumb Code     2  rtx_evr.o(i.EvrRtxThreadSwitched)
    EvrRtxThreadUnblocked                    0x0000083d   Thumb Code     2  rtx_evr.o(i.EvrRtxThreadUnblocked)
    EvrRtxTimerCallback                      0x0000083f   Thumb Code     2  rtx_evr.o(i.EvrRtxTimerCallback)
    Free                                     0x00000841   Thumb Code     6  uart.o(i.Free)
    FreeRcv                                  0x00000849   Thumb Code    28  uart.o(i.FreeRcv)
    FreeSnd                                  0x0000086d   Thumb Code    28  uart.o(i.FreeSnd)
    GLCD_Bitmap                              0x00000891   Thumb Code    82  glcd_spi_lpc1700.o(i.GLCD_Bitmap)
    GLCD_Clear                               0x000008e3   Thumb Code    42  glcd_spi_lpc1700.o(i.GLCD_Clear)
    GLCD_Display                             0x0000090d   Thumb Code   124  main.o(i.GLCD_Display)
    GLCD_Init                                0x0000099d   Thumb Code  1506  glcd_spi_lpc1700.o(i.GLCD_Init)
    GLCD_SetBackColor                        0x00000f85   Thumb Code     6  glcd_spi_lpc1700.o(i.GLCD_SetBackColor)
    GLCD_SetTextColor                        0x00000f91   Thumb Code     6  glcd_spi_lpc1700.o(i.GLCD_SetTextColor)
    GLCD_SetWindow                           0x00000f9d   Thumb Code   168  glcd_spi_lpc1700.o(i.GLCD_SetWindow)
    GLCD_WindowMax                           0x00001049   Thumb Code    18  glcd_spi_lpc1700.o(i.GLCD_WindowMax)
    OS_Tick_AcknowledgeIRQ                   0x000011a7   Thumb Code     8  os_systick.o(i.OS_Tick_AcknowledgeIRQ)
    OS_Tick_Enable                           0x000011b1   Thumb Code    38  os_systick.o(i.OS_Tick_Enable)
    OS_Tick_GetIRQn                          0x000011e1   Thumb Code     6  os_systick.o(i.OS_Tick_GetIRQn)
    OS_Tick_Setup                            0x000011e9   Thumb Code    66  os_systick.o(i.OS_Tick_Setup)
    SystemInit                               0x00001239   Thumb Code   302  system_lpc17xx.o(i.SystemInit)
    UART0_IRQHandler                         0x00001429   Thumb Code    88  uart.o(i.UART0_IRQHandler)
    UART1_IRQHandler                         0x00001491   Thumb Code    90  uart.o(i.UART1_IRQHandler)
    UARTInit                                 0x00001501   Thumb Code   176  uart.o(i.UARTInit)
    UARTSendChar                             0x000015bd   Thumb Code    26  uart.o(i.UARTSendChar)
    __0printf$1                              0x000015e1   Thumb Code    22  printf1.o(i.__0printf$1)
    __1printf$1                              0x000015e1   Thumb Code     0  printf1.o(i.__0printf$1)
    __2printf                                0x000015e1   Thumb Code     0  printf1.o(i.__0printf$1)
    __0sprintf$1                             0x00001601   Thumb Code    34  printf1.o(i.__0sprintf$1)
    __1sprintf$1                             0x00001601   Thumb Code     0  printf1.o(i.__0sprintf$1)
    __2sprintf                               0x00001601   Thumb Code     0  printf1.o(i.__0sprintf$1)
    __scatterload_copy                       0x00001643   Thumb Code    14  handlers.o(i.__scatterload_copy)
    __scatterload_null                       0x00001651   Thumb Code     2  handlers.o(i.__scatterload_null)
    __scatterload_zeroinit                   0x00001653   Thumb Code    14  handlers.o(i.__scatterload_zeroinit)
    fputc                                    0x000017cd   Thumb Code    14  retarget.o(i.fputc)
    getFrequency                             0x000017dd   Thumb Code    62  uart.o(i.getFrequency)
    main                                     0x000019c9   Thumb Code    32  main.o(i.main)
    osDelay                                  0x000019f5   Thumb Code    56  rtx_delay.o(i.osDelay)
    osKernelGetTickFreq                      0x00001a31   Thumb Code    38  rtx_kernel.o(i.osKernelGetTickFreq)
    osKernelInitialize                       0x00001a5d   Thumb Code    48  rtx_kernel.o(i.osKernelInitialize)
    osKernelStart                            0x00001a91   Thumb Code    48  rtx_kernel.o(i.osKernelStart)
    osMessageQueueGet                        0x00001ac5   Thumb Code    78  rtx_msgqueue.o(i.osMessageQueueGet)
    osMessageQueueNew                        0x00001b19   Thumb Code    70  rtx_msgqueue.o(i.osMessageQueueNew)
    osMessageQueuePut                        0x00001b65   Thumb Code    78  rtx_msgqueue.o(i.osMessageQueuePut)
    osRtxErrorNotify                         0x00001bb9   Thumb Code    32  rtx_config.o(i.osRtxErrorNotify)
    osRtxIdleThread                          0x00001bd9   Thumb Code     4  rtx_config.o(i.osRtxIdleThread)
    osRtxMemoryAlloc                         0x00001be9   Thumb Code   238  rtx_memory.o(i.osRtxMemoryAlloc)
    osRtxMemoryFree                          0x00001cd7   Thumb Code   124  rtx_memory.o(i.osRtxMemoryFree)
    osRtxMemoryInit                          0x00001d53   Thumb Code   106  rtx_memory.o(i.osRtxMemoryInit)
    osRtxMemoryPoolAlloc                     0x00001dbd   Thumb Code    58  rtx_mempool.o(i.osRtxMemoryPoolAlloc)
    osRtxMemoryPoolFree                      0x00001df7   Thumb Code    78  rtx_mempool.o(i.osRtxMemoryPoolFree)
    osRtxMemoryPoolInit                      0x00001e45   Thumb Code    88  rtx_mempool.o(i.osRtxMemoryPoolInit)
    osRtxMutexOwnerRelease                   0x00001fc5   Thumb Code    94  rtx_mutex.o(i.osRtxMutexOwnerRelease)
    osRtxPendSV_Handler                      0x00002025   Thumb Code   126  rtx_system.o(i.osRtxPendSV_Handler)
    osRtxPostProcess                         0x000020a9   Thumb Code    50  rtx_system.o(i.osRtxPostProcess)
    osRtxThreadDelayTick                     0x00002201   Thumb Code   216  rtx_thread.o(i.osRtxThreadDelayTick)
    osRtxThreadDispatch                      0x000022dd   Thumb Code   106  rtx_thread.o(i.osRtxThreadDispatch)
    osRtxThreadListGet                       0x000023b9   Thumb Code    28  rtx_thread.o(i.osRtxThreadListGet)
    osRtxThreadListPut                       0x000023d5   Thumb Code    50  rtx_thread.o(i.osRtxThreadListPut)
    osRtxThreadListRemove                    0x00002407   Thumb Code    26  rtx_thread.o(i.osRtxThreadListRemove)
    osRtxThreadReadyPut                      0x00002475   Thumb Code    18  rtx_thread.o(i.osRtxThreadReadyPut)
    osRtxThreadRegPtr                        0x0000248d   Thumb Code    14  rtx_thread.o(i.osRtxThreadRegPtr)
    osRtxThreadStackCheck                    0x000024a9   Thumb Code    38  rtx_thread.o(i.osRtxThreadStackCheck)
    osRtxThreadStartup                       0x000024d5   Thumb Code    78  rtx_thread.o(i.osRtxThreadStartup)
    osRtxThreadSwitch                        0x00002535   Thumb Code    24  rtx_thread.o(i.osRtxThreadSwitch)
    osRtxThreadWaitEnter                     0x00002551   Thumb Code    78  rtx_thread.o(i.osRtxThreadWaitEnter)
    osRtxThreadWaitExit                      0x000025a5   Thumb Code    54  rtx_thread.o(i.osRtxThreadWaitExit)
    osRtxTick_Handler                        0x000025dd   Thumb Code   154  rtx_system.o(i.osRtxTick_Handler)
    osRtxTimerThread                         0x0000267d   Thumb Code    76  rtx_timer.o(i.osRtxTimerThread)
    osThreadExit                             0x00002731   Thumb Code    28  rtx_thread.o(i.osThreadExit)
    osThreadNew                              0x00002751   Thumb Code    70  rtx_thread.o(i.osThreadNew)
    sendchar                                 0x00002871   Thumb Code    64  retarget.o(i.sendchar)
    osRtxUserSVC                             0x000034fc   Data           4  rtx_lib.o(.constdata)
    osRtxConfig                              0x0000350c   Data         104  rtx_lib.o(.rodata)
    Region$$Table$$Base                      0x00003574   Number         0  anon$$obj.o(Region$$Table)
    Region$$Table$$Limit                     0x00003594   Number         0  anon$$obj.o(Region$$Table)
    .bss.os.msgqueue.cb$$Base                0x10001040   Number         0  rtx_lib.o(.bss.os.msgqueue.cb)
    .bss.os.msgqueue.cb$$Limit               0x10001074   Number         0  rtx_lib.o(.bss.os.msgqueue.cb)
    .bss.os.thread.cb$$Base                  0x100010c4   Number         0  rtx_lib.o(.bss.os.thread.cb)
    .bss.os.thread.cb$$Limit                 0x1000114c   Number         0  rtx_lib.o(.bss.os.thread.cb)
    user_bm                                  0x10001450   Data        1248  main.o(.data)
    enemy_bm                                 0x10001930   Data        1200  main.o(.data)
    line                                     0x10001de0   Data        1920  main.o(.data)
    uart_init_called                         0x10002568   Data           1  retarget.o(.data)
    __stdout                                 0x1000256c   Data           4  retarget.o(.data)
    __stdin                                  0x10002570   Data           4  retarget.o(.data)
    ITM_RxBuffer                             0x10002574   Data           4  uart.o(.data)
    UART0Status                              0x10002578   Data           4  uart.o(.data)
    UART1Status                              0x1000257c   Data           4  uart.o(.data)
    UART0TxEmpty                             0x10002580   Data           1  uart.o(.data)
    UART1TxEmpty                             0x10002581   Data           1  uart.o(.data)
    UART0Count                               0x10002584   Data           4  uart.o(.data)
    UART1Count                               0x10002588   Data           4  uart.o(.data)
    RcvLock0                                 0x1000258c   Data           1  uart.o(.data)
    SndLock0                                 0x1000258d   Data           1  uart.o(.data)
    RcvLock1                                 0x1000258e   Data           1  uart.o(.data)
    SndLock1                                 0x1000258f   Data           1  uart.o(.data)
    i                                        0x10002590   Data           4  uart.o(.data)
    SystemCoreClock                          0x10002598   Data           4  system_lpc17xx.o(.data)
    osRtxInfo                                0x1000259c   Data         164  rtx_kernel.o(.data.os)
    UART0Buffer                              0x10002640   Data          64  uart.o(.bss)
    UART1Buffer                              0x10002680   Data          64  uart.o(.bss)
    __initial_sp                             0x100046c0   Data           0  startup_lpc17xx.o(STACK)



==============================================================================

Memory Map of the image

  Image Entry point : 0x000002c9

  Load Region LR_1 (Base: 0x00000000, Size: 0x00005bd4, Max: 0xffffffff, ABSOLUTE, COMPRESSED[0x000038bc])

    Execution Region ER_RO (Exec base: 0x00000000, Load base: 0x00000000, Size: 0x00003594, Max: 0xffffffff, ABSOLUTE)

    Exec Addr    Load Addr    Size         Type   Attr      Idx    E Section Name        Object

    0x00000000   0x00000000   0x000000cc   Data   RO         3789    RESET               startup_lpc17xx.o
    0x000000cc   0x000000cc   0x00000000   Code   RO         3857  * .ARM.Collect$$$$00000000  mc_w.l(entry.o)
    0x000000cc   0x000000cc   0x00000004   Code   RO         4167    .ARM.Collect$$$$00000001  mc_w.l(entry2.o)
    0x000000d0   0x000000d0   0x00000004   Code   RO         4170    .ARM.Collect$$$$00000004  mc_w.l(entry5.o)
    0x000000d4   0x000000d4   0x00000000   Code   RO         4172    .ARM.Collect$$$$00000008  mc_w.l(entry7b.o)
    0x000000d4   0x000000d4   0x00000000   Code   RO         4174    .ARM.Collect$$$$0000000A  mc_w.l(entry8b.o)
    0x000000d4   0x000000d4   0x00000008   Code   RO         4175    .ARM.Collect$$$$0000000B  mc_w.l(entry9a.o)
    0x000000dc   0x000000dc   0x00000000   Code   RO         4177    .ARM.Collect$$$$0000000D  mc_w.l(entry10a.o)
    0x000000dc   0x000000dc   0x00000000   Code   RO         4179    .ARM.Collect$$$$0000000F  mc_w.l(entry11a.o)
    0x000000dc   0x000000dc   0x00000004   Code   RO         4168    .ARM.Collect$$$$00002712  mc_w.l(entry2.o)
    0x000000e0   0x000000e0   0x00000154   Code   RO         2508    .emb_text           rtx_mempool.o
    0x00000234   0x00000234   0x00000094   Code   RO          954    .text               irq_cm3.o
    0x000002c8   0x000002c8   0x00000024   Code   RO         3791  * .text               startup_lpc17xx.o
    0x000002ec   0x000002ec   0x00000002   Code   RO         1206    i.EvrRtxEventFlagsWaitTimeout  rtx_evr.o
    0x000002ee   0x000002ee   0x00000002   Code   RO         1207    i.EvrRtxKernelError  rtx_evr.o
    0x000002f0   0x000002f0   0x00000002   Code   RO         1213    i.EvrRtxKernelGetTickFreq  rtx_evr.o
    0x000002f2   0x000002f2   0x00000002   Code   RO         1215    i.EvrRtxKernelInitialize  rtx_evr.o
    0x000002f4   0x000002f4   0x00000002   Code   RO         1216    i.EvrRtxKernelInitializeCompleted  rtx_evr.o
    0x000002f6   0x000002f6   0x00000002   Code   RO         1223    i.EvrRtxKernelStart  rtx_evr.o
    0x000002f8   0x000002f8   0x00000002   Code   RO         1224    i.EvrRtxKernelStarted  rtx_evr.o
    0x000002fa   0x000002fa   0x00000002   Code   RO         1229    i.EvrRtxMemoryAlloc  rtx_evr.o
    0x000002fc   0x000002fc   0x00000004   Code   RO         3790    .ARM.__at_0x02FC    startup_lpc17xx.o
    0x00000300   0x00000300   0x00000154   Code   RO         2675    .emb_text           rtx_msgqueue.o
    0x00000454   0x00000454   0x00000154   Code   RO         3086    .emb_text           rtx_system.o
    0x000005a8   0x000005a8   0x00000154   Code   RO         3142    .emb_text           rtx_thread.o
    0x000006fc   0x000006fc   0x00000024   Code   RO         3862    .text               mc_w.l(memcpya.o)
    0x00000720   0x00000720   0x00000024   Code   RO         3864    .text               mc_w.l(memseta.o)
    0x00000744   0x00000744   0x0000002c   Code   RO         4181    .text               mc_w.l(uidiv.o)
    0x00000770   0x00000770   0x00000024   Code   RO         4211    .text               mc_w.l(init.o)
    0x00000794   0x00000794   0x0000005e   Code   RO         4221    .text               mc_w.l(__dclz77c.o)
    0x000007f2   0x000007f2   0x00000002   Code   RO         1230    i.EvrRtxMemoryBlockAlloc  rtx_evr.o
    0x000007f4   0x000007f4   0x00000002   Code   RO         1231    i.EvrRtxMemoryBlockFree  rtx_evr.o
    0x000007f6   0x000007f6   0x00000002   Code   RO         1232    i.EvrRtxMemoryBlockInit  rtx_evr.o
    0x000007f8   0x000007f8   0x00000002   Code   RO         1233    i.EvrRtxMemoryFree  rtx_evr.o
    0x000007fa   0x000007fa   0x00000002   Code   RO         1234    i.EvrRtxMemoryInit  rtx_evr.o
    0x000007fc   0x000007fc   0x00000002   Code   RO         1238    i.EvrRtxMemoryPoolAllocTimeout  rtx_evr.o
    0x000007fe   0x000007fe   0x00000002   Code   RO         1253    i.EvrRtxMessageQueueCreated  rtx_evr.o
    0x00000800   0x00000800   0x00000002   Code   RO         1256    i.EvrRtxMessageQueueError  rtx_evr.o
    0x00000802   0x00000802   0x00000002   Code   RO         1257    i.EvrRtxMessageQueueGet  rtx_evr.o
    0x00000804   0x00000804   0x00000002   Code   RO         1262    i.EvrRtxMessageQueueGetPending  rtx_evr.o
    0x00000806   0x00000806   0x00000002   Code   RO         1264    i.EvrRtxMessageQueueGetTimeout  rtx_evr.o
    0x00000808   0x00000808   0x00000002   Code   RO         1265    i.EvrRtxMessageQueueInsertPending  rtx_evr.o
    0x0000080a   0x0000080a   0x00000002   Code   RO         1266    i.EvrRtxMessageQueueInserted  rtx_evr.o
    0x0000080c   0x0000080c   0x00000002   Code   RO         1267    i.EvrRtxMessageQueueNew  rtx_evr.o
    0x0000080e   0x0000080e   0x00000002   Code   RO         1268    i.EvrRtxMessageQueueNotInserted  rtx_evr.o
    0x00000810   0x00000810   0x00000002   Code   RO         1269    i.EvrRtxMessageQueueNotRetrieved  rtx_evr.o
    0x00000812   0x00000812   0x00000002   Code   RO         1270    i.EvrRtxMessageQueuePut  rtx_evr.o
    0x00000814   0x00000814   0x00000002   Code   RO         1271    i.EvrRtxMessageQueuePutPending  rtx_evr.o
    0x00000816   0x00000816   0x00000002   Code   RO         1272    i.EvrRtxMessageQueuePutTimeout  rtx_evr.o
    0x00000818   0x00000818   0x00000002   Code   RO         1275    i.EvrRtxMessageQueueRetrieved  rtx_evr.o
    0x0000081a   0x0000081a   0x00000002   Code   RO         1278    i.EvrRtxMutexAcquireTimeout  rtx_evr.o
    0x0000081c   0x0000081c   0x00000002   Code   RO         1279    i.EvrRtxMutexAcquired  rtx_evr.o
    0x0000081e   0x0000081e   0x00000002   Code   RO         1289    i.EvrRtxMutexReleased  rtx_evr.o
    0x00000820   0x00000820   0x00000002   Code   RO         1292    i.EvrRtxSemaphoreAcquireTimeout  rtx_evr.o
    0x00000822   0x00000822   0x00000002   Code   RO         1304    i.EvrRtxThreadBlocked  rtx_evr.o
    0x00000824   0x00000824   0x00000002   Code   RO         1305    i.EvrRtxThreadCreated  rtx_evr.o
    0x00000826   0x00000826   0x00000002   Code   RO         1306    i.EvrRtxThreadDelay  rtx_evr.o
    0x00000828   0x00000828   0x00000002   Code   RO         1307    i.EvrRtxThreadDelayCompleted  rtx_evr.o
    0x0000082a   0x0000082a   0x00000002   Code   RO         1309    i.EvrRtxThreadDestroyed  rtx_evr.o
    0x0000082c   0x0000082c   0x00000002   Code   RO         1313    i.EvrRtxThreadError  rtx_evr.o
    0x0000082e   0x0000082e   0x00000002   Code   RO         1314    i.EvrRtxThreadExit  rtx_evr.o
    0x00000830   0x00000830   0x00000002   Code   RO         1321    i.EvrRtxThreadFlagsWaitCompleted  rtx_evr.o
    0x00000832   0x00000832   0x00000002   Code   RO         1324    i.EvrRtxThreadFlagsWaitTimeout  rtx_evr.o
    0x00000834   0x00000834   0x00000002   Code   RO         1334    i.EvrRtxThreadJoined  rtx_evr.o
    0x00000836   0x00000836   0x00000002   Code   RO         1335    i.EvrRtxThreadNew   rtx_evr.o
    0x00000838   0x00000838   0x00000002   Code   RO         1336    i.EvrRtxThreadPreempted  rtx_evr.o
    0x0000083a   0x0000083a   0x00000002   Code   RO         1342    i.EvrRtxThreadSwitched  rtx_evr.o
    0x0000083c   0x0000083c   0x00000002   Code   RO         1344    i.EvrRtxThreadUnblocked  rtx_evr.o
    0x0000083e   0x0000083e   0x00000002   Code   RO         1346    i.EvrRtxTimerCallback  rtx_evr.o
    0x00000840   0x00000840   0x00000006   Code   RO          842    i.Free              uart.o
    0x00000846   0x00000846   0x00000002   PAD
    0x00000848   0x00000848   0x00000024   Code   RO          843    i.FreeRcv           uart.o
    0x0000086c   0x0000086c   0x00000024   Code   RO          844    i.FreeSnd           uart.o
    0x00000890   0x00000890   0x00000052   Code   RO          272    i.GLCD_Bitmap       glcd_spi_lpc1700.o
    0x000008e2   0x000008e2   0x0000002a   Code   RO          273    i.GLCD_Clear        glcd_spi_lpc1700.o
    0x0000090c   0x0000090c   0x00000090   Code   RO            4    i.GLCD_Display      main.o
    0x0000099c   0x0000099c   0x000005e8   Code   RO          278    i.GLCD_Init         glcd_spi_lpc1700.o
    0x00000f84   0x00000f84   0x0000000c   Code   RO          281    i.GLCD_SetBackColor  glcd_spi_lpc1700.o
    0x00000f90   0x00000f90   0x0000000c   Code   RO          282    i.GLCD_SetTextColor  glcd_spi_lpc1700.o
    0x00000f9c   0x00000f9c   0x000000ac   Code   RO          283    i.GLCD_SetWindow    glcd_spi_lpc1700.o
    0x00001048   0x00001048   0x00000012   Code   RO          284    i.GLCD_WindowMax    glcd_spi_lpc1700.o
    0x0000105a   0x0000105a   0x00000018   Code   RO          962    i.IsIrqMasked       rtx_delay.o
    0x00001072   0x00001072   0x00000018   Code   RO         2212    i.IsIrqMasked       rtx_kernel.o
    0x0000108a   0x0000108a   0x00000018   Code   RO         2676    i.IsIrqMasked       rtx_msgqueue.o
    0x000010a2   0x000010a2   0x00000018   Code   RO         3143    i.IsIrqMasked       rtx_thread.o
    0x000010ba   0x000010ba   0x00000010   Code   RO          963    i.IsIrqMode         rtx_delay.o
    0x000010ca   0x000010ca   0x00000010   Code   RO         2213    i.IsIrqMode         rtx_kernel.o
    0x000010da   0x000010da   0x00000010   Code   RO         2677    i.IsIrqMode         rtx_msgqueue.o
    0x000010ea   0x000010ea   0x00000010   Code   RO         3144    i.IsIrqMode         rtx_thread.o
    0x000010fa   0x000010fa   0x0000000a   Code   RO         2461    i.MemBlockPtr       rtx_memory.o
    0x00001104   0x00001104   0x00000034   Code   RO         2678    i.MessageQueueGet   rtx_msgqueue.o
    0x00001138   0x00001138   0x0000004c   Code   RO         2679    i.MessageQueuePut   rtx_msgqueue.o
    0x00001184   0x00001184   0x00000022   Code   RO         2680    i.MessageQueueRemove  rtx_msgqueue.o
    0x000011a6   0x000011a6   0x00000008   Code   RO         3686    i.OS_Tick_AcknowledgeIRQ  os_systick.o
    0x000011ae   0x000011ae   0x00000002   PAD
    0x000011b0   0x000011b0   0x00000030   Code   RO         3688    i.OS_Tick_Enable    os_systick.o
    0x000011e0   0x000011e0   0x00000006   Code   RO         3691    i.OS_Tick_GetIRQn   os_systick.o
    0x000011e6   0x000011e6   0x00000002   PAD
    0x000011e8   0x000011e8   0x00000050   Code   RO         3694    i.OS_Tick_Setup     os_systick.o
    0x00001238   0x00001238   0x00000140   Code   RO         3801    i.SystemInit        system_lpc17xx.o
    0x00001378   0x00001378   0x00000056   Code   RO         3145    i.ThreadFlagsCheck  rtx_thread.o
    0x000013ce   0x000013ce   0x00000002   PAD
    0x000013d0   0x000013d0   0x00000040   Code   RO         3562    i.TimerInsert       rtx_timer.o
    0x00001410   0x00001410   0x00000018   Code   RO         3564    i.TimerUnlink       rtx_timer.o
    0x00001428   0x00001428   0x00000068   Code   RO          848    i.UART0_IRQHandler  uart.o
    0x00001490   0x00001490   0x00000070   Code   RO          849    i.UART1_IRQHandler  uart.o
    0x00001500   0x00001500   0x000000bc   Code   RO          850    i.UARTInit          uart.o
    0x000015bc   0x000015bc   0x00000024   Code   RO          854    i.UARTSendChar      uart.o
    0x000015e0   0x000015e0   0x00000020   Code   RO         3913    i.__0printf$1       mc_w.l(printf1.o)
    0x00001600   0x00001600   0x00000028   Code   RO         3915    i.__0sprintf$1      mc_w.l(printf1.o)
    0x00001628   0x00001628   0x0000001a   Code   RO          855    i.__NVIC_EnableIRQ  uart.o
    0x00001642   0x00001642   0x0000000e   Code   RO         4215    i.__scatterload_copy  mc_w.l(handlers.o)
    0x00001650   0x00001650   0x00000002   Code   RO         4216    i.__scatterload_null  mc_w.l(handlers.o)
    0x00001652   0x00001652   0x0000000e   Code   RO         4217    i.__scatterload_zeroinit  mc_w.l(handlers.o)
    0x00001660   0x00001660   0x00000154   Code   RO         3920    i._printf_core      mc_w.l(printf1.o)
    0x000017b4   0x000017b4   0x0000000a   Code   RO         3922    i._sputc            mc_w.l(printf1.o)
    0x000017be   0x000017be   0x0000000e   Code   RO          287    i.delay             glcd_spi_lpc1700.o
    0x000017cc   0x000017cc   0x0000000e   Code   RO          664    i.fputc             retarget.o
    0x000017da   0x000017da   0x00000002   PAD
    0x000017dc   0x000017dc   0x00000048   Code   RO          856    i.getFrequency      uart.o
    0x00001824   0x00001824   0x00000096   Code   RO         2681    i.isrRtxMessageQueueGet  rtx_msgqueue.o
    0x000018ba   0x000018ba   0x0000009e   Code   RO         2682    i.isrRtxMessageQueuePut  rtx_msgqueue.o
    0x00001958   0x00001958   0x00000034   Code   RO         3087    i.isr_queue_get     rtx_system.o
    0x0000198c   0x0000198c   0x0000003c   Code   RO         3088    i.isr_queue_put     rtx_system.o
    0x000019c8   0x000019c8   0x0000002c   Code   RO            6    i.main              main.o
    0x000019f4   0x000019f4   0x0000003c   Code   RO          964    i.osDelay           rtx_delay.o
    0x00001a30   0x00001a30   0x0000002c   Code   RO         2222    i.osKernelGetTickFreq  rtx_kernel.o
    0x00001a5c   0x00001a5c   0x00000034   Code   RO         2223    i.osKernelInitialize  rtx_kernel.o
    0x00001a90   0x00001a90   0x00000034   Code   RO         2227    i.osKernelStart     rtx_kernel.o
    0x00001ac4   0x00001ac4   0x00000054   Code   RO         2684    i.osMessageQueueGet  rtx_msgqueue.o
    0x00001b18   0x00001b18   0x0000004c   Code   RO         2690    i.osMessageQueueNew  rtx_msgqueue.o
    0x00001b64   0x00001b64   0x00000054   Code   RO         2691    i.osMessageQueuePut  rtx_msgqueue.o
    0x00001bb8   0x00001bb8   0x00000020   Code   RO         3760    i.osRtxErrorNotify  rtx_config.o
    0x00001bd8   0x00001bd8   0x00000004   Code   RO         3761    i.osRtxIdleThread   rtx_config.o
    0x00001bdc   0x00001bdc   0x0000000c   Code   RO         3149    i.osRtxKernelGetState  rtx_thread.o
    0x00001be8   0x00001be8   0x000000ee   Code   RO         2462    i.osRtxMemoryAlloc  rtx_memory.o
    0x00001cd6   0x00001cd6   0x0000007c   Code   RO         2463    i.osRtxMemoryFree   rtx_memory.o
    0x00001d52   0x00001d52   0x0000006a   Code   RO         2464    i.osRtxMemoryInit   rtx_memory.o
    0x00001dbc   0x00001dbc   0x0000003a   Code   RO         2522    i.osRtxMemoryPoolAlloc  rtx_mempool.o
    0x00001df6   0x00001df6   0x0000004e   Code   RO         2523    i.osRtxMemoryPoolFree  rtx_mempool.o
    0x00001e44   0x00001e44   0x00000058   Code   RO         2524    i.osRtxMemoryPoolInit  rtx_mempool.o
    0x00001e9c   0x00001e9c   0x00000128   Code   RO         2693    i.osRtxMessageQueuePostProcess  rtx_msgqueue.o
    0x00001fc4   0x00001fc4   0x0000005e   Code   RO         2862    i.osRtxMutexOwnerRelease  rtx_mutex.o
    0x00002022   0x00002022   0x00000002   PAD
    0x00002024   0x00002024   0x00000084   Code   RO         3089    i.osRtxPendSV_Handler  rtx_system.o
    0x000020a8   0x000020a8   0x0000003c   Code   RO         3090    i.osRtxPostProcess  rtx_system.o
    0x000020e4   0x000020e4   0x00000040   Code   RO         3150    i.osRtxThreadBlock  rtx_thread.o
    0x00002124   0x00002124   0x00000068   Code   RO         3151    i.osRtxThreadDelayInsert  rtx_thread.o
    0x0000218c   0x0000218c   0x00000074   Code   RO         3152    i.osRtxThreadDelayRemove  rtx_thread.o
    0x00002200   0x00002200   0x000000dc   Code   RO         3153    i.osRtxThreadDelayTick  rtx_thread.o
    0x000022dc   0x000022dc   0x00000070   Code   RO         3154    i.osRtxThreadDispatch  rtx_thread.o
    0x0000234c   0x0000234c   0x00000060   Code   RO         3155    i.osRtxThreadFree   rtx_thread.o
    0x000023ac   0x000023ac   0x0000000c   Code   RO         3156    i.osRtxThreadGetRunning  rtx_thread.o
    0x000023b8   0x000023b8   0x0000001c   Code   RO         3157    i.osRtxThreadListGet  rtx_thread.o
    0x000023d4   0x000023d4   0x00000032   Code   RO         3158    i.osRtxThreadListPut  rtx_thread.o
    0x00002406   0x00002406   0x0000001a   Code   RO         3159    i.osRtxThreadListRemove  rtx_thread.o
    0x00002420   0x00002420   0x00000012   Code   RO         3160    i.osRtxThreadListRoot  rtx_thread.o
    0x00002432   0x00002432   0x00000040   Code   RO         3163    i.osRtxThreadPostProcess  rtx_thread.o
    0x00002472   0x00002472   0x00000002   PAD
    0x00002474   0x00002474   0x00000018   Code   RO         3164    i.osRtxThreadReadyPut  rtx_thread.o
    0x0000248c   0x0000248c   0x0000000e   Code   RO         3165    i.osRtxThreadRegPtr  rtx_thread.o
    0x0000249a   0x0000249a   0x00000002   PAD
    0x0000249c   0x0000249c   0x0000000c   Code   RO         3166    i.osRtxThreadSetRunning  rtx_thread.o
    0x000024a8   0x000024a8   0x0000002c   Code   RO         3167    i.osRtxThreadStackCheck  rtx_thread.o
    0x000024d4   0x000024d4   0x00000060   Code   RO         3168    i.osRtxThreadStartup  rtx_thread.o
    0x00002534   0x00002534   0x0000001c   Code   RO         3169    i.osRtxThreadSwitch  rtx_thread.o
    0x00002550   0x00002550   0x00000054   Code   RO         3170    i.osRtxThreadWaitEnter  rtx_thread.o
    0x000025a4   0x000025a4   0x00000036   Code   RO         3171    i.osRtxThreadWaitExit  rtx_thread.o
    0x000025da   0x000025da   0x00000002   PAD
    0x000025dc   0x000025dc   0x000000a0   Code   RO         3091    i.osRtxTick_Handler  rtx_system.o
    0x0000267c   0x0000267c   0x00000058   Code   RO         3565    i.osRtxTimerThread  rtx_timer.o
    0x000026d4   0x000026d4   0x0000005c   Code   RO         3566    i.osRtxTimerTick    rtx_timer.o
    0x00002730   0x00002730   0x00000020   Code   RO         3174    i.osThreadExit      rtx_thread.o
    0x00002750   0x00002750   0x0000004c   Code   RO         3187    i.osThreadNew       rtx_thread.o
    0x0000279c   0x0000279c   0x0000008c   Code   RO          288    i.rd_id_man         glcd_spi_lpc1700.o
    0x00002828   0x00002828   0x00000048   Code   RO          289    i.rd_reg            glcd_spi_lpc1700.o
    0x00002870   0x00002870   0x00000044   Code   RO          666    i.sendchar          retarget.o
    0x000028b4   0x000028b4   0x00000020   Code   RO          290    i.spi_tran          glcd_spi_lpc1700.o
    0x000028d4   0x000028d4   0x00000080   Code   RO          291    i.spi_tran_man      glcd_spi_lpc1700.o
    0x00002954   0x00002954   0x00000018   Code   RO          966    i.svcRtxDelay       rtx_delay.o
    0x0000296c   0x0000296c   0x00000014   Code   RO         2235    i.svcRtxKernelGetTickFreq  rtx_kernel.o
    0x00002980   0x00002980   0x00000264   Code   RO         2236    i.svcRtxKernelInitialize  rtx_kernel.o
    0x00002be4   0x00002be4   0x000000e8   Code   RO         2240    i.svcRtxKernelStart  rtx_kernel.o
    0x00002ccc   0x00002ccc   0x00000158   Code   RO         2695    i.svcRtxMessageQueueGet  rtx_msgqueue.o
    0x00002e24   0x00002e24   0x00000198   Code   RO         2701    i.svcRtxMessageQueueNew  rtx_msgqueue.o
    0x00002fbc   0x00002fbc   0x00000140   Code   RO         2702    i.svcRtxMessageQueuePut  rtx_msgqueue.o
    0x000030fc   0x000030fc   0x00000094   Code   RO         3195    i.svcRtxThreadExit  rtx_thread.o
    0x00003190   0x00003190   0x00000274   Code   RO         3208    i.svcRtxThreadNew   rtx_thread.o
    0x00003404   0x00003404   0x00000028   Code   RO          292    i.wr_cmd            glcd_spi_lpc1700.o
    0x0000342c   0x0000342c   0x00000028   Code   RO          293    i.wr_dat            glcd_spi_lpc1700.o
    0x00003454   0x00003454   0x00000012   Code   RO          294    i.wr_dat_only       glcd_spi_lpc1700.o
    0x00003466   0x00003466   0x00000002   PAD
    0x00003468   0x00003468   0x00000014   Code   RO          295    i.wr_dat_start      glcd_spi_lpc1700.o
    0x0000347c   0x0000347c   0x0000000c   Code   RO          296    i.wr_dat_stop       glcd_spi_lpc1700.o
    0x00003488   0x00003488   0x00000014   Code   RO          297    i.wr_reg            glcd_spi_lpc1700.o
    0x0000349c   0x0000349c   0x00000064   Data   RO         2429    .constdata          rtx_lib.o
    0x00003500   0x00003500   0x0000000b   Data   RO         2243    .conststrlit        rtx_kernel.o
    0x0000350b   0x0000350b   0x00000001   PAD
    0x0000350c   0x0000350c   0x00000068   Data   RO         2431    .rodata             rtx_lib.o
    0x00003574   0x00003574   0x00000020   Data   RO         4213    Region$$Table       anon$$obj.o


    Execution Region ER_RW (Exec base: 0x10000000, Load base: 0x00003594, Size: 0x00002640, Max: 0xffffffff, ABSOLUTE, COMPRESSED[0x00000328])

    Exec Addr    Load Addr    Size         Type   Attr      Idx    E Section Name        Object

    0x10000000   COMPRESSED   0x00001040   Data   RW         2424    .bss.os             rtx_lib.o
    0x10001040   COMPRESSED   0x00000034   Data   RW         2425    .bss.os.msgqueue.cb  rtx_lib.o
    0x10001074   COMPRESSED   0x00000050   Data   RW         2426    .bss.os.msgqueue.mem  rtx_lib.o
    0x100010c4   COMPRESSED   0x00000088   Data   RW         2427    .bss.os.thread.cb   rtx_lib.o
    0x1000114c   COMPRESSED   0x00000004   PAD
    0x10001150   COMPRESSED   0x00000300   Data   RW         2428    .bss.os.thread.stack  rtx_lib.o
    0x10001450   COMPRESSED   0x00001110   Data   RW            7    .data               main.o
    0x10002560   COMPRESSED   0x00000005   Data   RW          299    .data               glcd_spi_lpc1700.o
    0x10002565   COMPRESSED   0x00000003   PAD
    0x10002568   COMPRESSED   0x0000000c   Data   RW          667    .data               retarget.o
    0x10002574   COMPRESSED   0x00000020   Data   RW          858    .data               uart.o
    0x10002594   COMPRESSED   0x00000001   Data   RW         3695    .data               os_systick.o
    0x10002595   COMPRESSED   0x00000003   PAD
    0x10002598   COMPRESSED   0x00000004   Data   RW         3802    .data               system_lpc17xx.o
    0x1000259c   COMPRESSED   0x000000a4   Data   RW         2244    .data.os            rtx_kernel.o


    Execution Region ER_ZI (Exec base: 0x10002640, Load base: 0x000038bc, Size: 0x00002080, Max: 0xffffffff, ABSOLUTE)

    Exec Addr    Load Addr    Size         Type   Attr      Idx    E Section Name        Object

    0x10002640        -       0x00000080   Zero   RW          857    .bss                uart.o
    0x100026c0        -       0x00002000   Zero   RW         3787    STACK               startup_lpc17xx.o


==============================================================================

Image component sizes


      Code (inc. data)   RO Data    RW Data    ZI Data      Debug   Object Name

         0          0          0          0          0      16764   ece_spi.o
      2386         80          0          5          0      11815   glcd_spi_lpc1700.o
       148         10          0          0          0        564   irq_cm3.o
       188         32          0       4368          0       9498   main.o
       142         24          0          1          0       2380   os_systick.o
        82          4          0         12          0       2846   retarget.o
        36          6          0          0          0        901   rtx_config.o
       124          4          0          0          0      16297   rtx_delay.o
        94          0          0          0          0      26875   rtx_evr.o
      1052         44         11        164          0      19708   rtx_kernel.o
         0          0        204       5196          0       8503   rtx_lib.o
       478          0          0          0          0       4099   rtx_memory.o
       564          0          0          0          0       3907   rtx_mempool.o
      2462         34          0          0          0      21752   rtx_msgqueue.o
        94          0          0          0          0       1529   rtx_mutex.o
       804         40          0          0          0       9721   rtx_system.o
      2628        126          0          0          0      26672   rtx_thread.o
       268         28          0          0          0       3259   rtx_timer.o
        40         12        204          0       8192        940   startup_lpc17xx.o
       320         18          0          4          0        755   system_lpc17xx.o
       616         86          0         32        128      32303   uart.o

    ----------------------------------------------------------------------
     12546        548        452       9792       8320     221088   Object Totals
         0          0         32          0          0          0   (incl. Generated)
        20          0          1         10          0          0   (incl. Padding)

    ----------------------------------------------------------------------

      Code (inc. data)   RO Data    RW Data    ZI Data      Debug   Library Member Name

        94          0          0          0          0          0   __dclz77c.o
         0          0          0          0          0          0   entry.o
         0          0          0          0          0          0   entry10a.o
         0          0          0          0          0          0   entry11a.o
         8          4          0          0          0          0   entry2.o
         4          0          0          0          0          0   entry5.o
         0          0          0          0          0          0   entry7b.o
         0          0          0          0          0          0   entry8b.o
         8          4          0          0          0          0   entry9a.o
        30          0          0          0          0          0   handlers.o
        36          8          0          0          0         68   init.o
        36          0          0          0          0         68   memcpya.o
        36          0          0          0          0        108   memseta.o
       422         20          0          0          0        336   printf1.o
        44          0          0          0          0         80   uidiv.o

    ----------------------------------------------------------------------
       718         36          0          0          0        660   Library Totals
         0          0          0          0          0          0   (incl. Padding)

    ----------------------------------------------------------------------

      Code (inc. data)   RO Data    RW Data    ZI Data      Debug   Library Name

       718         36          0          0          0        660   mc_w.l

    ----------------------------------------------------------------------
       718         36          0          0          0        660   Library Totals

    ----------------------------------------------------------------------

==============================================================================


      Code (inc. data)   RO Data    RW Data    ZI Data      Debug   

     13264        584        452       9792       8320     213452   Grand Totals
     13264        584        452        808       8320     213452   ELF Image Totals (compressed)
     13264        584        452        808          0          0   ROM Totals

==============================================================================

    Total RO  Size (Code + RO Data)                13716 (  13.39kB)
    Total RW  Size (RW Data + ZI Data)             18112 (  17.69kB)
    Total ROM Size (Code + RO Data + RW Data)      14524 (  14.18kB)

==============================================================================

